[0.008s] Invoking command in '/home/elijahs04/ros2_ws/src/41068_RS1/build/slam_toolbox': CMAKE_PREFIX_PATH=${CMAKE_PREFIX_PATH}:/opt/ros/humble /usr/bin/cmake /home/elijahs04/ros2_ws/src/41068_RS1/slam_toolbox -DCMAKE_INSTALL_PREFIX=/home/elijahs04/ros2_ws/src/41068_RS1/install/slam_toolbox
[0.042s] -- The C compiler identification is GNU 11.4.0
[0.076s] -- The CXX compiler identification is GNU 11.4.0
[0.080s] -- Detecting C compiler ABI info
[0.128s] -- Detecting C compiler ABI info - done
[0.133s] -- Check for working C compiler: /usr/bin/cc - skipped
[0.133s] -- Detecting C compile features
[0.133s] -- Detecting C compile features - done
[0.135s] -- Detecting CXX compiler ABI info
[0.186s] -- Detecting CXX compiler ABI info - done
[0.190s] -- Check for working CXX compiler: /usr/bin/c++ - skipped
[0.190s] -- Detecting CXX compile features
[0.191s] -- Detecting CXX compile features - done
[0.193s] -- Found ament_cmake: 1.3.12 (/opt/ros/humble/share/ament_cmake/cmake)
[0.291s] -- Found Python3: /usr/bin/python3 (found version "3.10.12") found components: Interpreter 
[0.353s] -- Found message_filters: 4.3.8 (/opt/ros/humble/share/message_filters/cmake)
[0.386s] -- Found rosidl_generator_c: 3.1.7 (/opt/ros/humble/share/rosidl_generator_c/cmake)
[0.390s] -- Found rosidl_adapter: 3.1.7 (/opt/ros/humble/share/rosidl_adapter/cmake)
[0.395s] -- Found rosidl_generator_cpp: 3.1.7 (/opt/ros/humble/share/rosidl_generator_cpp/cmake)
[0.403s] -- Using all available rosidl_typesupport_c: rosidl_typesupport_fastrtps_c;rosidl_typesupport_introspection_c
[0.413s] -- Using all available rosidl_typesupport_cpp: rosidl_typesupport_fastrtps_cpp;rosidl_typesupport_introspection_cpp
[0.442s] -- Found rmw_implementation_cmake: 6.1.2 (/opt/ros/humble/share/rmw_implementation_cmake/cmake)
[0.444s] -- Found rmw_fastrtps_cpp: 6.2.8 (/opt/ros/humble/share/rmw_fastrtps_cpp/cmake)
[0.503s] -- Found OpenSSL: /usr/lib/x86_64-linux-gnu/libcrypto.so (found version "3.0.2")  
[0.521s] -- Found FastRTPS: /opt/ros/humble/include  
[0.547s] -- Using RMW implementation 'rmw_fastrtps_cpp' as default
[0.554s] -- Looking for pthread.h
[0.596s] -- Looking for pthread.h - found
[0.596s] -- Performing Test CMAKE_HAVE_LIBC_PTHREAD
[0.650s] -- Performing Test CMAKE_HAVE_LIBC_PTHREAD - Success
[0.651s] -- Found Threads: TRUE  
[0.683s] -- Found nav_msgs: 4.9.0 (/opt/ros/humble/share/nav_msgs/cmake)
[0.703s] -- Found sensor_msgs: 4.9.0 (/opt/ros/humble/share/sensor_msgs/cmake)
[0.717s] -- Found tf2: 0.25.16 (/opt/ros/humble/share/tf2/cmake)
[0.726s] -- Found tf2_ros: 0.25.16 (/opt/ros/humble/share/tf2_ros/cmake)
[0.785s] -- Found visualization_msgs: 4.9.0 (/opt/ros/humble/share/visualization_msgs/cmake)
[0.798s] -- Found pluginlib: 5.1.0 (/opt/ros/humble/share/pluginlib/cmake)
[0.811s] -- Found tf2_geometry_msgs: 0.25.16 (/opt/ros/humble/share/tf2_geometry_msgs/cmake)
[0.822s] -- Found eigen3_cmake_module: 0.1.1 (/opt/ros/humble/share/eigen3_cmake_module/cmake)
[0.824s] -- Found Eigen3: TRUE (found version "3.4.0") 
[0.824s] -- Ensuring Eigen3 include directory is part of orocos-kdl CMake target
[0.826s] -- Found tf2_sensor_msgs: 0.25.16 (/opt/ros/humble/share/tf2_sensor_msgs/cmake)
[0.830s] -- Found std_srvs: 4.9.0 (/opt/ros/humble/share/std_srvs/cmake)
[0.836s] -- Found rosidl_default_generators: 1.2.0 (/opt/ros/humble/share/rosidl_default_generators/cmake)
[0.843s] -- Found rviz_common: 11.2.19 (/opt/ros/humble/share/rviz_common/cmake)
[0.854s] -- Setting assimp_DIR to: '/opt/ros/humble/share/rviz_assimp_vendor/cmake/../../../opt/rviz_assimp_vendor/lib/cmake/assimp-4.1'
[0.861s] -- Setting OGRE_DIR to: '/opt/ros/humble/share/rviz_ogre_vendor/cmake/../../../opt/rviz_ogre_vendor/lib/OGRE/cmake'
[0.862s] -- Found OGRE
[0.862s] --   static     : OFF
[0.862s] --   components : HLMS;MeshLodGenerator;Overlay;Paging;Property;RTShaderSystem;Terrain;Volume
[0.862s] --   plugins    : Plugin_BSPSceneManager;Plugin_OctreeSceneManager;Plugin_PCZSceneManager;Plugin_ParticleFX;RenderSystem_GL;RenderSystem_GL3Plus;Codec_STBI
[0.862s] --   media      : /opt/ros/humble/opt/rviz_ogre_vendor/share/OGRE/Media
[0.862s] -- OGRE_LIBRARIES: OgreHLMS;OgreMeshLodGenerator;OgreOverlay;OgrePaging;OgreProperty;OgreRTShaderSystem;OgreTerrain;OgreVolume;OgreMain
[0.862s] -- OGRE_LIBRARY_DIRS: /opt/ros/humble/opt/rviz_ogre_vendor/lib
[0.863s] -- OGRE_PLUGINS: Plugin_BSPSceneManager;Plugin_OctreeSceneManager;Plugin_PCZSceneManager;Plugin_ParticleFX;RenderSystem_GL;RenderSystem_GL3Plus;Codec_STBI
[0.863s] -- OGRE_PLUGIN_DIR: /opt/ros/humble/opt/rviz_ogre_vendor/lib/OGRE
[0.863s] -- rviz_ogre_vendor::OgreOverlay for IMPORTED_LOCATION_RELEASE: /opt/ros/humble/opt/rviz_ogre_vendor/lib/libOgreOverlay.so
[0.863s] -- rviz_ogre_vendor::OgreOverlay for IMPORTED_LOCATION_DEBUG: /opt/ros/humble/opt/rviz_ogre_vendor/lib/libOgreOverlay.so
[0.863s] -- rviz_ogre_vendor::OgreMain for IMPORTED_LOCATION_RELEASE: /opt/ros/humble/opt/rviz_ogre_vendor/lib/libOgreMain.so
[0.863s] -- rviz_ogre_vendor::OgreMain for IMPORTED_LOCATION_DEBUG: /opt/ros/humble/opt/rviz_ogre_vendor/lib/libOgreMain.so
[0.875s] -- Found ZLIB: /usr/lib/x86_64-linux-gnu/libz.so (found version "1.2.11") 
[0.878s] -- Found OpenGL: /usr/lib/x86_64-linux-gnu/libOpenGL.so   
[0.945s] -- Found X11: /usr/include   
[0.946s] -- Looking for XOpenDisplay in /usr/lib/x86_64-linux-gnu/libX11.so;/usr/lib/x86_64-linux-gnu/libXext.so
[1.000s] -- Looking for XOpenDisplay in /usr/lib/x86_64-linux-gnu/libX11.so;/usr/lib/x86_64-linux-gnu/libXext.so - found
[1.000s] -- Looking for gethostbyname
[1.046s] -- Looking for gethostbyname - found
[1.047s] -- Looking for connect
[1.118s] -- Looking for connect - found
[1.118s] -- Looking for remove
[1.175s] -- Looking for remove - found
[1.175s] -- Looking for shmat
[1.236s] -- Looking for shmat - found
[1.236s] -- Looking for IceConnectionNumber in ICE
[1.315s] -- Looking for IceConnectionNumber in ICE - found
[1.390s] -- library: /usr/lib/x86_64-linux-gnu/libcurl.so
[1.415s] -- Found rviz_default_plugins: 11.2.19 (/opt/ros/humble/share/rviz_default_plugins/cmake)
[1.475s] -- Found Boost: /usr/lib/x86_64-linux-gnu/cmake/Boost-1.74.0/BoostConfig.cmake (found version "1.74.0") found components: system serialization filesystem thread 
[1.481s] -- Found PkgConfig: /usr/bin/pkg-config (found version "0.29.2") 
[1.488s] -- Found CHOLMOD: /usr/include/suitesparse  
[1.490s] -- Found CSparse: /usr/include/suitesparse  
[1.512s] -- Looking for sgemm_
[1.558s] -- Looking for sgemm_ - not found
[1.585s] -- Looking for sgemm_
[1.634s] -- Looking for sgemm_ - found
[1.634s] -- Found BLAS: /usr/lib/x86_64-linux-gnu/libblas.so  
[1.636s] -- Looking for cheev_
[1.708s] -- Looking for cheev_ - not found
[1.716s] -- Looking for cheev_
[1.765s] -- Looking for cheev_ - not found
[1.765s] -- Looking for cheev_
[1.847s] -- Looking for cheev_ - found
[1.847s] -- Found LAPACK: /usr/lib/x86_64-linux-gnu/liblapack.so;/usr/lib/x86_64-linux-gnu/libblas.so  
[1.851s] -- Found required Ceres dependency: Eigen version 3.4.0 in /usr/include/eigen3
[1.856s] -- Found required Ceres dependency: glog
[1.856s] -- Found required Ceres dependency: gflags
[1.857s] -- Found Ceres version: 2.0.0 installed in: /usr with components: [EigenSparse, SparseLinearAlgebraLibrary, LAPACK, SuiteSparse, CXSparse, SchurSpecializations, Multithreading]
[2.088s] -- Found ament_cmake_ros: 0.10.0 (/opt/ros/humble/share/ament_cmake_ros/cmake)
[2.390s] -- Using all available rosidl_typesupport_c: rosidl_typesupport_fastrtps_c;rosidl_typesupport_introspection_c
[2.506s] -- Using all available rosidl_typesupport_cpp: rosidl_typesupport_fastrtps_cpp;rosidl_typesupport_introspection_cpp
[2.521s] -- Found PythonInterp: /usr/bin/python3 (found suitable version "3.10.12", minimum required is "3.6") 
[2.522s] -- Found python_cmake_module: 0.10.0 (/opt/ros/humble/share/python_cmake_module/cmake)
[2.538s] -- Found PythonLibs: /usr/lib/x86_64-linux-gnu/libpython3.10.so (found suitable version "3.10.12", minimum required is "3.5") 
[2.539s] -- Using PYTHON_EXECUTABLE: /usr/bin/python3
[2.539s] -- Using PYTHON_INCLUDE_DIRS: /usr/include/python3.10
[2.539s] -- Using PYTHON_LIBRARIES: /usr/lib/x86_64-linux-gnu/libpython3.10.so
[2.551s] -- Found PythonExtra: .so  
[2.637s] -- Configuring done
[2.768s] -- Generating done
[2.801s] -- Build files have been written to: /home/elijahs04/ros2_ws/src/41068_RS1/build/slam_toolbox
[2.813s] Invoked command in '/home/elijahs04/ros2_ws/src/41068_RS1/build/slam_toolbox' returned '0': CMAKE_PREFIX_PATH=${CMAKE_PREFIX_PATH}:/opt/ros/humble /usr/bin/cmake /home/elijahs04/ros2_ws/src/41068_RS1/slam_toolbox -DCMAKE_INSTALL_PREFIX=/home/elijahs04/ros2_ws/src/41068_RS1/install/slam_toolbox
[2.814s] Invoking command in '/home/elijahs04/ros2_ws/src/41068_RS1/build/slam_toolbox': CMAKE_PREFIX_PATH=${CMAKE_PREFIX_PATH}:/opt/ros/humble /usr/bin/cmake --build /home/elijahs04/ros2_ws/src/41068_RS1/build/slam_toolbox -- -j16 -l16
[2.846s] [  1%] [34m[1mGenerating C code for ROS interfaces[0m
[2.852s] [  2%] [34m[1mGenerating C++ code for ROS interfaces[0m
[2.853s] [  3%] [32mBuilding CXX object lib/karto_sdk/CMakeFiles/kartoSlamToolbox.dir/src/Mapper.cpp.o[0m
[2.854s] [  3%] [32mBuilding CXX object lib/karto_sdk/CMakeFiles/kartoSlamToolbox.dir/src/Karto.cpp.o[0m
[2.860s] [  3%] Built target ament_cmake_python_copy_slam_toolbox
[3.020s] running egg_info
[3.020s] creating slam_toolbox.egg-info
[3.020s] writing slam_toolbox.egg-info/PKG-INFO
[3.020s] writing dependency_links to slam_toolbox.egg-info/dependency_links.txt
[3.020s] writing top-level names to slam_toolbox.egg-info/top_level.txt
[3.020s] writing manifest file 'slam_toolbox.egg-info/SOURCES.txt'
[3.022s] reading manifest file 'slam_toolbox.egg-info/SOURCES.txt'
[3.022s] writing manifest file 'slam_toolbox.egg-info/SOURCES.txt'
[3.038s] [  3%] Built target ament_cmake_python_build_slam_toolbox_egg
[3.432s] [  3%] Built target slam_toolbox__cpp
[3.438s] [  4%] [32mBuilding C object CMakeFiles/slam_toolbox__rosidl_generator_c.dir/rosidl_generator_c/slam_toolbox/srv/detail/merge_maps__functions.c.o[0m
[3.439s] [  5%] [32mBuilding C object CMakeFiles/slam_toolbox__rosidl_generator_c.dir/rosidl_generator_c/slam_toolbox/srv/detail/pause__functions.c.o[0m
[3.439s] [  6%] [32mBuilding C object CMakeFiles/slam_toolbox__rosidl_generator_c.dir/rosidl_generator_c/slam_toolbox/srv/detail/save_map__functions.c.o[0m
[3.439s] [  6%] [32mBuilding C object CMakeFiles/slam_toolbox__rosidl_generator_c.dir/rosidl_generator_c/slam_toolbox/srv/detail/loop_closure__functions.c.o[0m
[3.439s] [  6%] [32mBuilding C object CMakeFiles/slam_toolbox__rosidl_generator_c.dir/rosidl_generator_c/slam_toolbox/srv/detail/clear_queue__functions.c.o[0m
[3.439s] [  7%] [32mBuilding C object CMakeFiles/slam_toolbox__rosidl_generator_c.dir/rosidl_generator_c/slam_toolbox/srv/detail/toggle_interactive__functions.c.o[0m
[3.439s] [  8%] [32mBuilding C object CMakeFiles/slam_toolbox__rosidl_generator_c.dir/rosidl_generator_c/slam_toolbox/srv/detail/clear__functions.c.o[0m
[3.439s] [  9%] [32mBuilding C object CMakeFiles/slam_toolbox__rosidl_generator_c.dir/rosidl_generator_c/slam_toolbox/srv/detail/deserialize_pose_graph__functions.c.o[0m
[3.439s] [  9%] [32mBuilding C object CMakeFiles/slam_toolbox__rosidl_generator_c.dir/rosidl_generator_c/slam_toolbox/srv/detail/serialize_pose_graph__functions.c.o[0m
[3.439s] [ 10%] [32mBuilding C object CMakeFiles/slam_toolbox__rosidl_generator_c.dir/rosidl_generator_c/slam_toolbox/srv/detail/add_submap__functions.c.o[0m
[3.440s] [ 10%] [34m[1mGenerating C++ type support dispatch for ROS interfaces[0m
[3.441s] [ 11%] [34m[1mGenerating C++ type support for eProsima Fast-RTPS[0m
[3.441s] [ 12%] [34m[1mGenerating C++ introspection for ROS interfaces[0m
[3.571s] [ 13%] [32m[1mLinking C shared library libslam_toolbox__rosidl_generator_c.so[0m
[3.599s] [ 13%] Built target slam_toolbox__rosidl_generator_c
[3.606s] [ 14%] [34m[1mGenerating C type support for eProsima Fast-RTPS[0m
[3.607s] [ 15%] [34m[1mGenerating C type support dispatch for ROS interfaces[0m
[3.608s] [ 15%] [34m[1mGenerating C introspection for ROS interfaces[0m
[3.832s] [ 16%] [32mBuilding CXX object CMakeFiles/slam_toolbox__rosidl_typesupport_cpp.dir/rosidl_typesupport_cpp/slam_toolbox/srv/clear_queue__type_support.cpp.o[0m
[3.832s] [ 17%] [32mBuilding CXX object CMakeFiles/slam_toolbox__rosidl_typesupport_cpp.dir/rosidl_typesupport_cpp/slam_toolbox/srv/toggle_interactive__type_support.cpp.o[0m
[3.832s] [ 19%] [32mBuilding CXX object CMakeFiles/slam_toolbox__rosidl_typesupport_cpp.dir/rosidl_typesupport_cpp/slam_toolbox/srv/save_map__type_support.cpp.o[0m
[3.832s] [ 19%] [32mBuilding CXX object CMakeFiles/slam_toolbox__rosidl_typesupport_cpp.dir/rosidl_typesupport_cpp/slam_toolbox/srv/pause__type_support.cpp.o[0m
[3.832s] [ 19%] [32mBuilding CXX object CMakeFiles/slam_toolbox__rosidl_typesupport_cpp.dir/rosidl_typesupport_cpp/slam_toolbox/srv/merge_maps__type_support.cpp.o[0m
[3.832s] [ 19%] [32mBuilding CXX object CMakeFiles/slam_toolbox__rosidl_typesupport_cpp.dir/rosidl_typesupport_cpp/slam_toolbox/srv/clear__type_support.cpp.o[0m
[3.833s] [ 21%] [32mBuilding CXX object CMakeFiles/slam_toolbox__rosidl_typesupport_cpp.dir/rosidl_typesupport_cpp/slam_toolbox/srv/add_submap__type_support.cpp.o[0m
[3.833s] [ 21%] [32mBuilding CXX object CMakeFiles/slam_toolbox__rosidl_typesupport_cpp.dir/rosidl_typesupport_cpp/slam_toolbox/srv/deserialize_pose_graph__type_support.cpp.o[0m
[3.833s] [ 22%] [32mBuilding CXX object CMakeFiles/slam_toolbox__rosidl_typesupport_cpp.dir/rosidl_typesupport_cpp/slam_toolbox/srv/loop_closure__type_support.cpp.o[0m
[4.094s] [ 23%] [32mBuilding CXX object CMakeFiles/slam_toolbox__rosidl_typesupport_cpp.dir/rosidl_typesupport_cpp/slam_toolbox/srv/serialize_pose_graph__type_support.cpp.o[0m
[4.111s] [ 24%] [32mBuilding CXX object CMakeFiles/slam_toolbox__rosidl_typesupport_introspection_cpp.dir/rosidl_typesupport_introspection_cpp/slam_toolbox/srv/detail/save_map__type_support.cpp.o[0m
[4.111s] [ 24%] [32mBuilding CXX object CMakeFiles/slam_toolbox__rosidl_typesupport_introspection_cpp.dir/rosidl_typesupport_introspection_cpp/slam_toolbox/srv/detail/pause__type_support.cpp.o[0m
[4.111s] [ 24%] [32mBuilding CXX object CMakeFiles/slam_toolbox__rosidl_typesupport_introspection_cpp.dir/rosidl_typesupport_introspection_cpp/slam_toolbox/srv/detail/clear__type_support.cpp.o[0m
[4.111s] [ 25%] [32mBuilding CXX object CMakeFiles/slam_toolbox__rosidl_typesupport_introspection_cpp.dir/rosidl_typesupport_introspection_cpp/slam_toolbox/srv/detail/toggle_interactive__type_support.cpp.o[0m
[4.111s] [ 26%] [32mBuilding CXX object CMakeFiles/slam_toolbox__rosidl_typesupport_introspection_cpp.dir/rosidl_typesupport_introspection_cpp/slam_toolbox/srv/detail/loop_closure__type_support.cpp.o[0m
[4.114s] [ 27%] [32mBuilding CXX object CMakeFiles/slam_toolbox__rosidl_typesupport_introspection_cpp.dir/rosidl_typesupport_introspection_cpp/slam_toolbox/srv/detail/clear_queue__type_support.cpp.o[0m
[4.115s] [ 28%] [32mBuilding CXX object CMakeFiles/slam_toolbox__rosidl_typesupport_introspection_cpp.dir/rosidl_typesupport_introspection_cpp/slam_toolbox/srv/detail/merge_maps__type_support.cpp.o[0m
[4.125s] [ 28%] [32mBuilding CXX object CMakeFiles/slam_toolbox__rosidl_typesupport_introspection_cpp.dir/rosidl_typesupport_introspection_cpp/slam_toolbox/srv/detail/add_submap__type_support.cpp.o[0m
[4.170s] [ 29%] [32mBuilding CXX object CMakeFiles/slam_toolbox__rosidl_typesupport_introspection_cpp.dir/rosidl_typesupport_introspection_cpp/slam_toolbox/srv/detail/deserialize_pose_graph__type_support.cpp.o[0m
[4.263s] [ 30%] [32mBuilding CXX object CMakeFiles/slam_toolbox__rosidl_typesupport_fastrtps_cpp.dir/rosidl_typesupport_fastrtps_cpp/slam_toolbox/srv/detail/dds_fastrtps/pause__type_support.cpp.o[0m
[4.326s] [ 31%] [32mBuilding CXX object CMakeFiles/slam_toolbox__rosidl_typesupport_c.dir/rosidl_typesupport_c/slam_toolbox/srv/pause__type_support.cpp.o[0m
[4.356s] [ 32%] [32mBuilding CXX object CMakeFiles/slam_toolbox__rosidl_typesupport_c.dir/rosidl_typesupport_c/slam_toolbox/srv/clear_queue__type_support.cpp.o[0m
[4.388s] [ 33%] [32mBuilding CXX object CMakeFiles/slam_toolbox__rosidl_typesupport_c.dir/rosidl_typesupport_c/slam_toolbox/srv/toggle_interactive__type_support.cpp.o[0m
[4.401s] [ 33%] [32m[1mLinking CXX shared library libslam_toolbox__rosidl_typesupport_cpp.so[0m
[4.419s] [ 33%] [32mBuilding CXX object CMakeFiles/slam_toolbox__rosidl_typesupport_c.dir/rosidl_typesupport_c/slam_toolbox/srv/clear__type_support.cpp.o[0m
[4.450s] [ 34%] [32mBuilding CXX object CMakeFiles/slam_toolbox__rosidl_typesupport_c.dir/rosidl_typesupport_c/slam_toolbox/srv/save_map__type_support.cpp.o[0m
[4.450s] [ 34%] Built target slam_toolbox__rosidl_typesupport_cpp
[4.461s] [ 34%] [32mBuilding CXX object CMakeFiles/slam_toolbox__rosidl_typesupport_fastrtps_cpp.dir/rosidl_typesupport_fastrtps_cpp/slam_toolbox/srv/detail/dds_fastrtps/clear_queue__type_support.cpp.o[0m
[4.484s] [ 35%] [32mBuilding CXX object CMakeFiles/slam_toolbox__rosidl_typesupport_c.dir/rosidl_typesupport_c/slam_toolbox/srv/loop_closure__type_support.cpp.o[0m
[4.485s] [ 36%] [32mBuilding CXX object CMakeFiles/slam_toolbox__rosidl_typesupport_introspection_cpp.dir/rosidl_typesupport_introspection_cpp/slam_toolbox/srv/detail/serialize_pose_graph__type_support.cpp.o[0m
[4.488s] [ 36%] [32mBuilding C object CMakeFiles/slam_toolbox__rosidl_typesupport_introspection_c.dir/rosidl_typesupport_introspection_c/slam_toolbox/srv/detail/pause__type_support.c.o[0m
[4.495s] [ 37%] [32mBuilding CXX object CMakeFiles/slam_toolbox__rosidl_typesupport_c.dir/rosidl_typesupport_c/slam_toolbox/srv/merge_maps__type_support.cpp.o[0m
[4.495s] [ 37%] [32mBuilding CXX object CMakeFiles/slam_toolbox__rosidl_typesupport_fastrtps_cpp.dir/rosidl_typesupport_fastrtps_cpp/slam_toolbox/srv/detail/dds_fastrtps/toggle_interactive__type_support.cpp.o[0m
[4.507s] [ 37%] [34m[1mGenerating rviz_plugin/moc_slam_toolbox_rviz_plugin.cpp[0m
[4.509s] [ 38%] [32mBuilding C object CMakeFiles/slam_toolbox__rosidl_typesupport_introspection_c.dir/rosidl_typesupport_introspection_c/slam_toolbox/srv/detail/clear_queue__type_support.c.o[0m
[4.512s] [ 39%] [32mBuilding CXX object CMakeFiles/slam_toolbox__rosidl_typesupport_fastrtps_cpp.dir/rosidl_typesupport_fastrtps_cpp/slam_toolbox/srv/detail/dds_fastrtps/clear__type_support.cpp.o[0m
[4.520s] [ 40%] [32mBuilding CXX object CMakeFiles/slam_toolbox__rosidl_typesupport_c.dir/rosidl_typesupport_c/slam_toolbox/srv/add_submap__type_support.cpp.o[0m
[4.526s] [ 41%] [32mBuilding CXX object CMakeFiles/SlamToolboxPlugin.dir/rviz_plugin/slam_toolbox_rviz_plugin.cpp.o[0m
[4.530s] [ 42%] [32mBuilding CXX object CMakeFiles/SlamToolboxPlugin.dir/rviz_plugin/moc_slam_toolbox_rviz_plugin.cpp.o[0m
[4.530s] [ 43%] [32mBuilding C object CMakeFiles/slam_toolbox__rosidl_typesupport_introspection_c.dir/rosidl_typesupport_introspection_c/slam_toolbox/srv/detail/toggle_interactive__type_support.c.o[0m
[4.538s] [ 44%] [32mBuilding CXX object CMakeFiles/slam_toolbox__rosidl_typesupport_fastrtps_cpp.dir/rosidl_typesupport_fastrtps_cpp/slam_toolbox/srv/detail/dds_fastrtps/save_map__type_support.cpp.o[0m
[4.551s] [ 45%] [32mBuilding CXX object CMakeFiles/slam_toolbox__rosidl_typesupport_c.dir/rosidl_typesupport_c/slam_toolbox/srv/deserialize_pose_graph__type_support.cpp.o[0m
[4.551s] [ 45%] [32mBuilding C object CMakeFiles/slam_toolbox__rosidl_typesupport_introspection_c.dir/rosidl_typesupport_introspection_c/slam_toolbox/srv/detail/clear__type_support.c.o[0m
[4.555s] [ 45%] [32mBuilding CXX object CMakeFiles/slam_toolbox__rosidl_typesupport_fastrtps_cpp.dir/rosidl_typesupport_fastrtps_cpp/slam_toolbox/srv/detail/dds_fastrtps/loop_closure__type_support.cpp.o[0m
[4.582s] [ 46%] [32mBuilding CXX object CMakeFiles/slam_toolbox__rosidl_typesupport_c.dir/rosidl_typesupport_c/slam_toolbox/srv/serialize_pose_graph__type_support.cpp.o[0m
[4.582s] [ 47%] [32mBuilding CXX object CMakeFiles/slam_toolbox__rosidl_typesupport_fastrtps_cpp.dir/rosidl_typesupport_fastrtps_cpp/slam_toolbox/srv/detail/dds_fastrtps/merge_maps__type_support.cpp.o[0m
[4.584s] [ 48%] [32mBuilding C object CMakeFiles/slam_toolbox__rosidl_typesupport_introspection_c.dir/rosidl_typesupport_introspection_c/slam_toolbox/srv/detail/save_map__type_support.c.o[0m
[4.590s] [ 49%] [32mBuilding CXX object CMakeFiles/slam_toolbox__rosidl_typesupport_fastrtps_cpp.dir/rosidl_typesupport_fastrtps_cpp/slam_toolbox/srv/detail/dds_fastrtps/add_submap__type_support.cpp.o[0m
[4.601s] [ 50%] [32mBuilding CXX object CMakeFiles/slam_toolbox__rosidl_typesupport_fastrtps_c.dir/rosidl_typesupport_fastrtps_c/slam_toolbox/srv/detail/pause__type_support_c.cpp.o[0m
[4.617s] [ 50%] [32m[1mLinking CXX shared library libslam_toolbox__rosidl_typesupport_c.so[0m
[4.635s] [ 51%] [32mBuilding C object CMakeFiles/slam_toolbox__rosidl_typesupport_introspection_c.dir/rosidl_typesupport_introspection_c/slam_toolbox/srv/detail/loop_closure__type_support.c.o[0m
[4.664s] [ 51%] Built target slam_toolbox__rosidl_typesupport_c
[4.673s] [ 52%] [32mBuilding C object CMakeFiles/slam_toolbox__rosidl_typesupport_introspection_c.dir/rosidl_typesupport_introspection_c/slam_toolbox/srv/detail/merge_maps__type_support.c.o[0m
[4.682s] [ 52%] [32mBuilding CXX object CMakeFiles/slam_toolbox__rosidl_typesupport_fastrtps_c.dir/rosidl_typesupport_fastrtps_c/slam_toolbox/srv/detail/clear_queue__type_support_c.cpp.o[0m
[4.682s] [ 53%] [32mBuilding CXX object CMakeFiles/slam_toolbox__rosidl_typesupport_fastrtps_c.dir/rosidl_typesupport_fastrtps_c/slam_toolbox/srv/detail/toggle_interactive__type_support_c.cpp.o[0m
[4.717s] [ 53%] [32mBuilding C object CMakeFiles/slam_toolbox__rosidl_typesupport_introspection_c.dir/rosidl_typesupport_introspection_c/slam_toolbox/srv/detail/add_submap__type_support.c.o[0m
[4.759s] [ 54%] [32mBuilding C object CMakeFiles/slam_toolbox__rosidl_typesupport_introspection_c.dir/rosidl_typesupport_introspection_c/slam_toolbox/srv/detail/deserialize_pose_graph__type_support.c.o[0m
[4.811s] [ 55%] [32mBuilding C object CMakeFiles/slam_toolbox__rosidl_typesupport_introspection_c.dir/rosidl_typesupport_introspection_c/slam_toolbox/srv/detail/serialize_pose_graph__type_support.c.o[0m
[4.852s] [ 55%] [32m[1mLinking C shared library libslam_toolbox__rosidl_typesupport_introspection_c.so[0m
[4.881s] [ 56%] [32mBuilding CXX object CMakeFiles/slam_toolbox__rosidl_typesupport_fastrtps_c.dir/rosidl_typesupport_fastrtps_c/slam_toolbox/srv/detail/clear__type_support_c.cpp.o[0m
[4.887s] [ 56%] Built target slam_toolbox__rosidl_typesupport_introspection_c
[4.889s] [ 56%] [32m[1mLinking CXX shared library libslam_toolbox__rosidl_typesupport_introspection_cpp.so[0m
[4.895s] [ 56%] [32mBuilding CXX object CMakeFiles/slam_toolbox__rosidl_typesupport_fastrtps_cpp.dir/rosidl_typesupport_fastrtps_cpp/slam_toolbox/srv/detail/dds_fastrtps/deserialize_pose_graph__type_support.cpp.o[0m
[4.914s] [ 57%] [32mBuilding CXX object CMakeFiles/slam_toolbox__rosidl_typesupport_fastrtps_c.dir/rosidl_typesupport_fastrtps_c/slam_toolbox/srv/detail/save_map__type_support_c.cpp.o[0m
[4.956s] [ 58%] [32mBuilding CXX object CMakeFiles/slam_toolbox__rosidl_typesupport_fastrtps_cpp.dir/rosidl_typesupport_fastrtps_cpp/slam_toolbox/srv/detail/dds_fastrtps/serialize_pose_graph__type_support.cpp.o[0m
[4.956s] [ 58%] Built target slam_toolbox__rosidl_typesupport_introspection_cpp
[4.964s] [ 58%] [32mBuilding CXX object CMakeFiles/slam_toolbox__rosidl_typesupport_fastrtps_c.dir/rosidl_typesupport_fastrtps_c/slam_toolbox/srv/detail/loop_closure__type_support_c.cpp.o[0m
[4.964s] [ 59%] [32mBuilding CXX object CMakeFiles/slam_toolbox__rosidl_typesupport_fastrtps_c.dir/rosidl_typesupport_fastrtps_c/slam_toolbox/srv/detail/merge_maps__type_support_c.cpp.o[0m
[4.974s] [ 60%] [32mBuilding CXX object CMakeFiles/slam_toolbox__rosidl_typesupport_fastrtps_c.dir/rosidl_typesupport_fastrtps_c/slam_toolbox/srv/detail/add_submap__type_support_c.cpp.o[0m
[5.004s] [ 60%] [32mBuilding CXX object CMakeFiles/slam_toolbox__rosidl_typesupport_fastrtps_c.dir/rosidl_typesupport_fastrtps_c/slam_toolbox/srv/detail/deserialize_pose_graph__type_support_c.cpp.o[0m
[5.008s] [ 61%] [32mBuilding CXX object CMakeFiles/slam_toolbox__rosidl_typesupport_fastrtps_c.dir/rosidl_typesupport_fastrtps_c/slam_toolbox/srv/detail/serialize_pose_graph__type_support_c.cpp.o[0m
[5.377s] [ 62%] [32m[1mLinking CXX shared library libslam_toolbox__rosidl_typesupport_fastrtps_c.so[0m
[5.395s] [ 63%] [32m[1mLinking CXX shared library libslam_toolbox__rosidl_typesupport_fastrtps_cpp.so[0m
[5.430s] [ 63%] Built target slam_toolbox__rosidl_typesupport_fastrtps_c
[5.452s] [ 63%] Built target slam_toolbox__rosidl_typesupport_fastrtps_cpp
[5.468s] [ 63%] Built target slam_toolbox
[5.486s] [ 63%] [34m[1mGenerating Python code for ROS interfaces[0m
[6.488s] [ 63%] Built target slam_toolbox__py
[6.503s] [ 64%] [32mBuilding C object CMakeFiles/slam_toolbox__rosidl_generator_py.dir/rosidl_generator_py/slam_toolbox/srv/_loop_closure_s.c.o[0m
[6.503s] [ 65%] [32mBuilding C object CMakeFiles/slam_toolbox__rosidl_generator_py.dir/rosidl_generator_py/slam_toolbox/srv/_toggle_interactive_s.c.o[0m
[6.503s] [ 66%] [32mBuilding C object CMakeFiles/slam_toolbox__rosidl_generator_py.dir/rosidl_generator_py/slam_toolbox/srv/_clear_queue_s.c.o[0m
[6.503s] [ 66%] [32mBuilding C object CMakeFiles/slam_toolbox__rosidl_generator_py.dir/rosidl_generator_py/slam_toolbox/srv/_pause_s.c.o[0m
[6.503s] [ 67%] [32mBuilding C object CMakeFiles/slam_toolbox__rosidl_generator_py.dir/rosidl_generator_py/slam_toolbox/srv/_clear_s.c.o[0m
[6.504s] [ 68%] [32mBuilding C object CMakeFiles/slam_toolbox__rosidl_generator_py.dir/rosidl_generator_py/slam_toolbox/srv/_save_map_s.c.o[0m
[6.504s] [ 68%] [32mBuilding C object CMakeFiles/slam_toolbox__rosidl_generator_py.dir/rosidl_generator_py/slam_toolbox/srv/_merge_maps_s.c.o[0m
[6.504s] [ 69%] [32mBuilding C object CMakeFiles/slam_toolbox__rosidl_generator_py.dir/rosidl_generator_py/slam_toolbox/srv/_serialize_pose_graph_s.c.o[0m
[6.504s] [ 70%] [32mBuilding C object CMakeFiles/slam_toolbox__rosidl_generator_py.dir/rosidl_generator_py/slam_toolbox/srv/_add_submap_s.c.o[0m
[6.505s] [ 70%] [32mBuilding C object CMakeFiles/slam_toolbox__rosidl_generator_py.dir/rosidl_generator_py/slam_toolbox/srv/_deserialize_pose_graph_s.c.o[0m
[6.634s] [ 71%] [32m[1mLinking C shared library rosidl_generator_py/slam_toolbox/libslam_toolbox__rosidl_generator_py.so[0m
[6.681s] [ 71%] Built target slam_toolbox__rosidl_generator_py
[6.694s] [ 72%] [32mBuilding C object CMakeFiles/slam_toolbox__rosidl_typesupport_c__pyext.dir/rosidl_generator_py/slam_toolbox/_slam_toolbox_s.ep.rosidl_typesupport_c.c.o[0m
[6.695s] [ 73%] [32mBuilding C object CMakeFiles/slam_toolbox__rosidl_typesupport_fastrtps_c__pyext.dir/rosidl_generator_py/slam_toolbox/_slam_toolbox_s.ep.rosidl_typesupport_fastrtps_c.c.o[0m
[6.695s] [ 74%] [32mBuilding C object CMakeFiles/slam_toolbox__rosidl_typesupport_introspection_c__pyext.dir/rosidl_generator_py/slam_toolbox/_slam_toolbox_s.ep.rosidl_typesupport_introspection_c.c.o[0m
[6.915s] [ 74%] [32m[1mLinking C shared library rosidl_generator_py/slam_toolbox/slam_toolbox_s__rosidl_typesupport_fastrtps_c.cpython-310-x86_64-linux-gnu.so[0m
[6.915s] [ 75%] [32m[1mLinking C shared library rosidl_generator_py/slam_toolbox/slam_toolbox_s__rosidl_typesupport_c.cpython-310-x86_64-linux-gnu.so[0m
[6.947s] [ 76%] [32m[1mLinking C shared library rosidl_generator_py/slam_toolbox/slam_toolbox_s__rosidl_typesupport_introspection_c.cpython-310-x86_64-linux-gnu.so[0m
[6.947s] [ 76%] Built target slam_toolbox__rosidl_typesupport_c__pyext
[6.948s] [ 76%] Built target slam_toolbox__rosidl_typesupport_fastrtps_c__pyext
[6.979s] [ 76%] Built target slam_toolbox__rosidl_typesupport_introspection_c__pyext
[15.751s] [ 77%] [32m[1mLinking CXX shared library libkartoSlamToolbox.so[0m
[15.957s] [ 77%] Built target kartoSlamToolbox
[15.971s] [ 77%] [32mBuilding CXX object CMakeFiles/toolbox_common.dir/src/loop_closure_assistant.cpp.o[0m
[15.971s] [ 81%] [32mBuilding CXX object CMakeFiles/toolbox_common.dir/src/laser_utils.cpp.o[0m
[15.971s] [ 81%] [32mBuilding CXX object CMakeFiles/toolbox_common.dir/src/map_saver.cpp.o[0m
[15.971s] [ 81%] [32mBuilding CXX object CMakeFiles/toolbox_common.dir/src/slam_toolbox_common.cpp.o[0m
[15.971s] [ 81%] [32mBuilding CXX object CMakeFiles/toolbox_common.dir/src/slam_mapper.cpp.o[0m
[15.972s] [ 82%] [32mBuilding CXX object CMakeFiles/ceres_solver_plugin.dir/solvers/ceres_solver.cpp.o[0m
[17.913s] [ 82%] [32m[1mLinking CXX shared library libSlamToolboxPlugin.so[0m
[18.844s] [ 82%] Built target SlamToolboxPlugin
[25.486s] [ 83%] [32m[1mLinking CXX shared library libceres_solver_plugin.so[0m
[25.743s] [ 83%] Built target ceres_solver_plugin
[36.534s] [ 84%] [32m[1mLinking CXX shared library libtoolbox_common.so[0m
[36.895s] [ 84%] Built target toolbox_common
[36.914s] [ 85%] [32mBuilding CXX object CMakeFiles/lifelong_slam_toolbox.dir/src/experimental/slam_toolbox_lifelong.cpp.o[0m
[36.915s] [ 86%] [32mBuilding CXX object CMakeFiles/localization_slam_toolbox.dir/src/slam_toolbox_localization.cpp.o[0m
[36.915s] [ 86%] [32mBuilding CXX object CMakeFiles/merge_maps_kinematic.dir/src/merge_maps_kinematic.cpp.o[0m
[36.917s] [ 87%] [32mBuilding CXX object CMakeFiles/async_slam_toolbox.dir/src/slam_toolbox_async.cpp.o[0m
[36.919s] [ 88%] [32mBuilding CXX object CMakeFiles/sync_slam_toolbox.dir/src/slam_toolbox_sync.cpp.o[0m
[44.713s] [ 89%] [32m[1mLinking CXX shared library libasync_slam_toolbox.so[0m
[45.029s] [ 89%] Built target async_slam_toolbox
[45.045s] [ 90%] [32mBuilding CXX object CMakeFiles/async_slam_toolbox_node.dir/src/slam_toolbox_async_node.cpp.o[0m
[45.080s] [ 90%] [32m[1mLinking CXX shared library liblifelong_slam_toolbox.so[0m
[45.395s] [ 90%] Built target lifelong_slam_toolbox
[45.414s] [ 91%] [32mBuilding CXX object CMakeFiles/lifelong_slam_toolbox_node.dir/src/experimental/slam_toolbox_lifelong_node.cpp.o[0m
[45.581s] [ 92%] [32m[1mLinking CXX shared library libsync_slam_toolbox.so[0m
[45.901s] [ 92%] Built target sync_slam_toolbox
[45.920s] [ 93%] [32mBuilding CXX object CMakeFiles/sync_slam_toolbox_node.dir/src/slam_toolbox_sync_node.cpp.o[0m
[47.772s] [ 94%] [32m[1mLinking CXX executable merge_maps_kinematic[0m
[48.094s] [ 94%] Built target merge_maps_kinematic
[49.674s] [ 95%] [32m[1mLinking CXX shared library liblocalization_slam_toolbox.so[0m
[49.997s] [ 95%] Built target localization_slam_toolbox
[50.012s] [ 96%] [32mBuilding CXX object CMakeFiles/localization_slam_toolbox_node.dir/src/slam_toolbox_localization_node.cpp.o[0m
[50.012s] [ 96%] [32mBuilding CXX object CMakeFiles/map_and_localization_slam_toolbox.dir/src/experimental/slam_toolbox_map_and_localization.cpp.o[0m
[52.843s] [ 96%] [32m[1mLinking CXX executable async_slam_toolbox_node[0m
[53.086s] [ 96%] Built target async_slam_toolbox_node
[53.208s] [ 97%] [32m[1mLinking CXX executable lifelong_slam_toolbox_node[0m
[53.459s] [ 97%] Built target lifelong_slam_toolbox_node
[53.723s] [ 97%] [32m[1mLinking CXX executable sync_slam_toolbox_node[0m
[53.965s] [ 97%] Built target sync_slam_toolbox_node
[57.483s] [ 98%] [32m[1mLinking CXX executable localization_slam_toolbox_node[0m
[57.707s] [ 98%] Built target localization_slam_toolbox_node
[62.137s] [ 99%] [32m[1mLinking CXX shared library libmap_and_localization_slam_toolbox.so[0m
[62.433s] [ 99%] Built target map_and_localization_slam_toolbox
[62.448s] [100%] [32mBuilding CXX object CMakeFiles/map_and_localization_slam_toolbox_node.dir/src/experimental/slam_toolbox_map_and_localization_node.cpp.o[0m
[69.048s] [100%] [32m[1mLinking CXX executable map_and_localization_slam_toolbox_node[0m
[69.267s] [100%] Built target map_and_localization_slam_toolbox_node
[69.275s] Invoked command in '/home/elijahs04/ros2_ws/src/41068_RS1/build/slam_toolbox' returned '0': CMAKE_PREFIX_PATH=${CMAKE_PREFIX_PATH}:/opt/ros/humble /usr/bin/cmake --build /home/elijahs04/ros2_ws/src/41068_RS1/build/slam_toolbox -- -j16 -l16
[69.276s] Invoking command in '/home/elijahs04/ros2_ws/src/41068_RS1/build/slam_toolbox': CMAKE_PREFIX_PATH=${CMAKE_PREFIX_PATH}:/opt/ros/humble /usr/bin/cmake --install /home/elijahs04/ros2_ws/src/41068_RS1/build/slam_toolbox
[69.281s] -- Install configuration: "Release"
[69.281s] -- Installing: /home/elijahs04/ros2_ws/src/41068_RS1/install/slam_toolbox/share/ament_index/resource_index/rosidl_interfaces/slam_toolbox
[69.281s] -- Installing: /home/elijahs04/ros2_ws/src/41068_RS1/install/slam_toolbox/include/slam_toolbox/slam_toolbox
[69.281s] -- Installing: /home/elijahs04/ros2_ws/src/41068_RS1/install/slam_toolbox/include/slam_toolbox/slam_toolbox/srv
[69.282s] -- Installing: /home/elijahs04/ros2_ws/src/41068_RS1/install/slam_toolbox/include/slam_toolbox/slam_toolbox/srv/serialize_pose_graph.h
[69.282s] -- Installing: /home/elijahs04/ros2_ws/src/41068_RS1/install/slam_toolbox/include/slam_toolbox/slam_toolbox/srv/clear_queue.h
[69.282s] -- Installing: /home/elijahs04/ros2_ws/src/41068_RS1/install/slam_toolbox/include/slam_toolbox/slam_toolbox/srv/detail
[69.282s] -- Installing: /home/elijahs04/ros2_ws/src/41068_RS1/install/slam_toolbox/include/slam_toolbox/slam_toolbox/srv/detail/pause__functions.h
[69.282s] -- Installing: /home/elijahs04/ros2_ws/src/41068_RS1/install/slam_toolbox/include/slam_toolbox/slam_toolbox/srv/detail/clear__functions.h
[69.282s] -- Installing: /home/elijahs04/ros2_ws/src/41068_RS1/install/slam_toolbox/include/slam_toolbox/slam_toolbox/srv/detail/pause__struct.h
[69.282s] -- Installing: /home/elijahs04/ros2_ws/src/41068_RS1/install/slam_toolbox/include/slam_toolbox/slam_toolbox/srv/detail/add_submap__struct.h
[69.282s] -- Installing: /home/elijahs04/ros2_ws/src/41068_RS1/install/slam_toolbox/include/slam_toolbox/slam_toolbox/srv/detail/serialize_pose_graph__type_support.h
[69.282s] -- Installing: /home/elijahs04/ros2_ws/src/41068_RS1/install/slam_toolbox/include/slam_toolbox/slam_toolbox/srv/detail/clear_queue__type_support.h
[69.282s] -- Installing: /home/elijahs04/ros2_ws/src/41068_RS1/install/slam_toolbox/include/slam_toolbox/slam_toolbox/srv/detail/clear_queue__functions.c
[69.282s] -- Installing: /home/elijahs04/ros2_ws/src/41068_RS1/install/slam_toolbox/include/slam_toolbox/slam_toolbox/srv/detail/deserialize_pose_graph__functions.c
[69.282s] -- Installing: /home/elijahs04/ros2_ws/src/41068_RS1/install/slam_toolbox/include/slam_toolbox/slam_toolbox/srv/detail/loop_closure__type_support.h
[69.282s] -- Installing: /home/elijahs04/ros2_ws/src/41068_RS1/install/slam_toolbox/include/slam_toolbox/slam_toolbox/srv/detail/merge_maps__type_support.h
[69.282s] -- Installing: /home/elijahs04/ros2_ws/src/41068_RS1/install/slam_toolbox/include/slam_toolbox/slam_toolbox/srv/detail/toggle_interactive__functions.h
[69.282s] -- Installing: /home/elijahs04/ros2_ws/src/41068_RS1/install/slam_toolbox/include/slam_toolbox/slam_toolbox/srv/detail/clear_queue__struct.h
[69.282s] -- Installing: /home/elijahs04/ros2_ws/src/41068_RS1/install/slam_toolbox/include/slam_toolbox/slam_toolbox/srv/detail/clear__struct.h
[69.282s] -- Installing: /home/elijahs04/ros2_ws/src/41068_RS1/install/slam_toolbox/include/slam_toolbox/slam_toolbox/srv/detail/serialize_pose_graph__functions.c
[69.282s] -- Installing: /home/elijahs04/ros2_ws/src/41068_RS1/install/slam_toolbox/include/slam_toolbox/slam_toolbox/srv/detail/serialize_pose_graph__struct.h
[69.282s] -- Installing: /home/elijahs04/ros2_ws/src/41068_RS1/install/slam_toolbox/include/slam_toolbox/slam_toolbox/srv/detail/add_submap__type_support.h
[69.282s] -- Installing: /home/elijahs04/ros2_ws/src/41068_RS1/install/slam_toolbox/include/slam_toolbox/slam_toolbox/srv/detail/clear__functions.c
[69.282s] -- Installing: /home/elijahs04/ros2_ws/src/41068_RS1/install/slam_toolbox/include/slam_toolbox/slam_toolbox/srv/detail/add_submap__functions.c
[69.282s] -- Installing: /home/elijahs04/ros2_ws/src/41068_RS1/install/slam_toolbox/include/slam_toolbox/slam_toolbox/srv/detail/clear__type_support.h
[69.282s] -- Installing: /home/elijahs04/ros2_ws/src/41068_RS1/install/slam_toolbox/include/slam_toolbox/slam_toolbox/srv/detail/clear_queue__functions.h
[69.282s] -- Installing: /home/elijahs04/ros2_ws/src/41068_RS1/install/slam_toolbox/include/slam_toolbox/slam_toolbox/srv/detail/loop_closure__functions.h
[69.282s] -- Installing: /home/elijahs04/ros2_ws/src/41068_RS1/install/slam_toolbox/include/slam_toolbox/slam_toolbox/srv/detail/merge_maps__functions.h
[69.282s] -- Installing: /home/elijahs04/ros2_ws/src/41068_RS1/install/slam_toolbox/include/slam_toolbox/slam_toolbox/srv/detail/merge_maps__functions.c
[69.282s] -- Installing: /home/elijahs04/ros2_ws/src/41068_RS1/install/slam_toolbox/include/slam_toolbox/slam_toolbox/srv/detail/loop_closure__functions.c
[69.282s] -- Installing: /home/elijahs04/ros2_ws/src/41068_RS1/install/slam_toolbox/include/slam_toolbox/slam_toolbox/srv/detail/save_map__type_support.h
[69.282s] -- Installing: /home/elijahs04/ros2_ws/src/41068_RS1/install/slam_toolbox/include/slam_toolbox/slam_toolbox/srv/detail/save_map__functions.h
[69.282s] -- Installing: /home/elijahs04/ros2_ws/src/41068_RS1/install/slam_toolbox/include/slam_toolbox/slam_toolbox/srv/detail/save_map__functions.c
[69.282s] -- Installing: /home/elijahs04/ros2_ws/src/41068_RS1/install/slam_toolbox/include/slam_toolbox/slam_toolbox/srv/detail/deserialize_pose_graph__type_support.h
[69.283s] -- Installing: /home/elijahs04/ros2_ws/src/41068_RS1/install/slam_toolbox/include/slam_toolbox/slam_toolbox/srv/detail/pause__type_support.h
[69.283s] -- Installing: /home/elijahs04/ros2_ws/src/41068_RS1/install/slam_toolbox/include/slam_toolbox/slam_toolbox/srv/detail/loop_closure__struct.h
[69.283s] -- Installing: /home/elijahs04/ros2_ws/src/41068_RS1/install/slam_toolbox/include/slam_toolbox/slam_toolbox/srv/detail/pause__functions.c
[69.283s] -- Installing: /home/elijahs04/ros2_ws/src/41068_RS1/install/slam_toolbox/include/slam_toolbox/slam_toolbox/srv/detail/add_submap__functions.h
[69.283s] -- Installing: /home/elijahs04/ros2_ws/src/41068_RS1/install/slam_toolbox/include/slam_toolbox/slam_toolbox/srv/detail/deserialize_pose_graph__struct.h
[69.283s] -- Installing: /home/elijahs04/ros2_ws/src/41068_RS1/install/slam_toolbox/include/slam_toolbox/slam_toolbox/srv/detail/toggle_interactive__struct.h
[69.283s] -- Installing: /home/elijahs04/ros2_ws/src/41068_RS1/install/slam_toolbox/include/slam_toolbox/slam_toolbox/srv/detail/deserialize_pose_graph__functions.h
[69.283s] -- Installing: /home/elijahs04/ros2_ws/src/41068_RS1/install/slam_toolbox/include/slam_toolbox/slam_toolbox/srv/detail/save_map__struct.h
[69.283s] -- Installing: /home/elijahs04/ros2_ws/src/41068_RS1/install/slam_toolbox/include/slam_toolbox/slam_toolbox/srv/detail/merge_maps__struct.h
[69.283s] -- Installing: /home/elijahs04/ros2_ws/src/41068_RS1/install/slam_toolbox/include/slam_toolbox/slam_toolbox/srv/detail/serialize_pose_graph__functions.h
[69.283s] -- Installing: /home/elijahs04/ros2_ws/src/41068_RS1/install/slam_toolbox/include/slam_toolbox/slam_toolbox/srv/detail/toggle_interactive__type_support.h
[69.283s] -- Installing: /home/elijahs04/ros2_ws/src/41068_RS1/install/slam_toolbox/include/slam_toolbox/slam_toolbox/srv/detail/toggle_interactive__functions.c
[69.283s] -- Installing: /home/elijahs04/ros2_ws/src/41068_RS1/install/slam_toolbox/include/slam_toolbox/slam_toolbox/srv/merge_maps.h
[69.283s] -- Installing: /home/elijahs04/ros2_ws/src/41068_RS1/install/slam_toolbox/include/slam_toolbox/slam_toolbox/srv/clear.h
[69.283s] -- Installing: /home/elijahs04/ros2_ws/src/41068_RS1/install/slam_toolbox/include/slam_toolbox/slam_toolbox/srv/deserialize_pose_graph.h
[69.283s] -- Installing: /home/elijahs04/ros2_ws/src/41068_RS1/install/slam_toolbox/include/slam_toolbox/slam_toolbox/srv/add_submap.h
[69.283s] -- Installing: /home/elijahs04/ros2_ws/src/41068_RS1/install/slam_toolbox/include/slam_toolbox/slam_toolbox/srv/loop_closure.h
[69.283s] -- Installing: /home/elijahs04/ros2_ws/src/41068_RS1/install/slam_toolbox/include/slam_toolbox/slam_toolbox/srv/save_map.h
[69.283s] -- Installing: /home/elijahs04/ros2_ws/src/41068_RS1/install/slam_toolbox/include/slam_toolbox/slam_toolbox/srv/pause.h
[69.283s] -- Installing: /home/elijahs04/ros2_ws/src/41068_RS1/install/slam_toolbox/include/slam_toolbox/slam_toolbox/srv/toggle_interactive.h
[69.283s] -- Installing: /home/elijahs04/ros2_ws/src/41068_RS1/install/slam_toolbox/include/slam_toolbox/slam_toolbox/msg
[69.283s] -- Installing: /home/elijahs04/ros2_ws/src/41068_RS1/install/slam_toolbox/include/slam_toolbox/slam_toolbox/msg/rosidl_generator_c__visibility_control.h
[69.283s] -- Installing: /home/elijahs04/ros2_ws/src/41068_RS1/install/slam_toolbox/share/slam_toolbox/environment/library_path.sh
[69.283s] -- Installing: /home/elijahs04/ros2_ws/src/41068_RS1/install/slam_toolbox/share/slam_toolbox/environment/library_path.dsv
[69.284s] -- Installing: /home/elijahs04/ros2_ws/src/41068_RS1/install/slam_toolbox/lib/libslam_toolbox__rosidl_generator_c.so
[69.284s] -- Set runtime path of "/home/elijahs04/ros2_ws/src/41068_RS1/install/slam_toolbox/lib/libslam_toolbox__rosidl_generator_c.so" to ""
[69.284s] -- Up-to-date: /home/elijahs04/ros2_ws/src/41068_RS1/install/slam_toolbox/include/slam_toolbox/slam_toolbox
[69.284s] -- Up-to-date: /home/elijahs04/ros2_ws/src/41068_RS1/install/slam_toolbox/include/slam_toolbox/slam_toolbox/srv
[69.284s] -- Up-to-date: /home/elijahs04/ros2_ws/src/41068_RS1/install/slam_toolbox/include/slam_toolbox/slam_toolbox/srv/detail
[69.284s] -- Installing: /home/elijahs04/ros2_ws/src/41068_RS1/install/slam_toolbox/include/slam_toolbox/slam_toolbox/srv/detail/save_map__rosidl_typesupport_fastrtps_c.h
[69.284s] -- Installing: /home/elijahs04/ros2_ws/src/41068_RS1/install/slam_toolbox/include/slam_toolbox/slam_toolbox/srv/detail/toggle_interactive__rosidl_typesupport_fastrtps_c.h
[69.284s] -- Installing: /home/elijahs04/ros2_ws/src/41068_RS1/install/slam_toolbox/include/slam_toolbox/slam_toolbox/srv/detail/loop_closure__rosidl_typesupport_fastrtps_c.h
[69.284s] -- Installing: /home/elijahs04/ros2_ws/src/41068_RS1/install/slam_toolbox/include/slam_toolbox/slam_toolbox/srv/detail/clear_queue__rosidl_typesupport_fastrtps_c.h
[69.284s] -- Installing: /home/elijahs04/ros2_ws/src/41068_RS1/install/slam_toolbox/include/slam_toolbox/slam_toolbox/srv/detail/pause__rosidl_typesupport_fastrtps_c.h
[69.284s] -- Installing: /home/elijahs04/ros2_ws/src/41068_RS1/install/slam_toolbox/include/slam_toolbox/slam_toolbox/srv/detail/merge_maps__rosidl_typesupport_fastrtps_c.h
[69.284s] -- Installing: /home/elijahs04/ros2_ws/src/41068_RS1/install/slam_toolbox/include/slam_toolbox/slam_toolbox/srv/detail/deserialize_pose_graph__rosidl_typesupport_fastrtps_c.h
[69.284s] -- Installing: /home/elijahs04/ros2_ws/src/41068_RS1/install/slam_toolbox/include/slam_toolbox/slam_toolbox/srv/detail/add_submap__rosidl_typesupport_fastrtps_c.h
[69.284s] -- Installing: /home/elijahs04/ros2_ws/src/41068_RS1/install/slam_toolbox/include/slam_toolbox/slam_toolbox/srv/detail/serialize_pose_graph__rosidl_typesupport_fastrtps_c.h
[69.284s] -- Installing: /home/elijahs04/ros2_ws/src/41068_RS1/install/slam_toolbox/include/slam_toolbox/slam_toolbox/srv/detail/clear__rosidl_typesupport_fastrtps_c.h
[69.284s] -- Up-to-date: /home/elijahs04/ros2_ws/src/41068_RS1/install/slam_toolbox/include/slam_toolbox/slam_toolbox/msg
[69.284s] -- Installing: /home/elijahs04/ros2_ws/src/41068_RS1/install/slam_toolbox/include/slam_toolbox/slam_toolbox/msg/rosidl_typesupport_fastrtps_c__visibility_control.h
[69.284s] -- Installing: /home/elijahs04/ros2_ws/src/41068_RS1/install/slam_toolbox/lib/libslam_toolbox__rosidl_typesupport_fastrtps_c.so
[69.284s] -- Set runtime path of "/home/elijahs04/ros2_ws/src/41068_RS1/install/slam_toolbox/lib/libslam_toolbox__rosidl_typesupport_fastrtps_c.so" to ""
[69.285s] -- Up-to-date: /home/elijahs04/ros2_ws/src/41068_RS1/install/slam_toolbox/include/slam_toolbox/slam_toolbox
[69.285s] -- Up-to-date: /home/elijahs04/ros2_ws/src/41068_RS1/install/slam_toolbox/include/slam_toolbox/slam_toolbox/srv
[69.285s] -- Installing: /home/elijahs04/ros2_ws/src/41068_RS1/install/slam_toolbox/include/slam_toolbox/slam_toolbox/srv/clear_queue.hpp
[69.285s] -- Installing: /home/elijahs04/ros2_ws/src/41068_RS1/install/slam_toolbox/include/slam_toolbox/slam_toolbox/srv/save_map.hpp
[69.285s] -- Up-to-date: /home/elijahs04/ros2_ws/src/41068_RS1/install/slam_toolbox/include/slam_toolbox/slam_toolbox/srv/detail
[69.285s] -- Installing: /home/elijahs04/ros2_ws/src/41068_RS1/install/slam_toolbox/include/slam_toolbox/slam_toolbox/srv/detail/add_submap__builder.hpp
[69.285s] -- Installing: /home/elijahs04/ros2_ws/src/41068_RS1/install/slam_toolbox/include/slam_toolbox/slam_toolbox/srv/detail/clear_queue__struct.hpp
[69.285s] -- Installing: /home/elijahs04/ros2_ws/src/41068_RS1/install/slam_toolbox/include/slam_toolbox/slam_toolbox/srv/detail/pause__type_support.hpp
[69.285s] -- Installing: /home/elijahs04/ros2_ws/src/41068_RS1/install/slam_toolbox/include/slam_toolbox/slam_toolbox/srv/detail/loop_closure__builder.hpp
[69.285s] -- Installing: /home/elijahs04/ros2_ws/src/41068_RS1/install/slam_toolbox/include/slam_toolbox/slam_toolbox/srv/detail/clear_queue__builder.hpp
[69.285s] -- Installing: /home/elijahs04/ros2_ws/src/41068_RS1/install/slam_toolbox/include/slam_toolbox/slam_toolbox/srv/detail/add_submap__traits.hpp
[69.285s] -- Installing: /home/elijahs04/ros2_ws/src/41068_RS1/install/slam_toolbox/include/slam_toolbox/slam_toolbox/srv/detail/loop_closure__struct.hpp
[69.285s] -- Installing: /home/elijahs04/ros2_ws/src/41068_RS1/install/slam_toolbox/include/slam_toolbox/slam_toolbox/srv/detail/toggle_interactive__traits.hpp
[69.285s] -- Installing: /home/elijahs04/ros2_ws/src/41068_RS1/install/slam_toolbox/include/slam_toolbox/slam_toolbox/srv/detail/clear__builder.hpp
[69.285s] -- Installing: /home/elijahs04/ros2_ws/src/41068_RS1/install/slam_toolbox/include/slam_toolbox/slam_toolbox/srv/detail/save_map__traits.hpp
[69.285s] -- Installing: /home/elijahs04/ros2_ws/src/41068_RS1/install/slam_toolbox/include/slam_toolbox/slam_toolbox/srv/detail/toggle_interactive__struct.hpp
[69.285s] -- Installing: /home/elijahs04/ros2_ws/src/41068_RS1/install/slam_toolbox/include/slam_toolbox/slam_toolbox/srv/detail/merge_maps__traits.hpp
[69.285s] -- Installing: /home/elijahs04/ros2_ws/src/41068_RS1/install/slam_toolbox/include/slam_toolbox/slam_toolbox/srv/detail/clear_queue__type_support.hpp
[69.285s] -- Installing: /home/elijahs04/ros2_ws/src/41068_RS1/install/slam_toolbox/include/slam_toolbox/slam_toolbox/srv/detail/loop_closure__type_support.hpp
[69.285s] -- Installing: /home/elijahs04/ros2_ws/src/41068_RS1/install/slam_toolbox/include/slam_toolbox/slam_toolbox/srv/detail/loop_closure__traits.hpp
[69.285s] -- Installing: /home/elijahs04/ros2_ws/src/41068_RS1/install/slam_toolbox/include/slam_toolbox/slam_toolbox/srv/detail/toggle_interactive__type_support.hpp
[69.285s] -- Installing: /home/elijahs04/ros2_ws/src/41068_RS1/install/slam_toolbox/include/slam_toolbox/slam_toolbox/srv/detail/deserialize_pose_graph__traits.hpp
[69.285s] -- Installing: /home/elijahs04/ros2_ws/src/41068_RS1/install/slam_toolbox/include/slam_toolbox/slam_toolbox/srv/detail/clear__type_support.hpp
[69.285s] -- Installing: /home/elijahs04/ros2_ws/src/41068_RS1/install/slam_toolbox/include/slam_toolbox/slam_toolbox/srv/detail/pause__traits.hpp
[69.285s] -- Installing: /home/elijahs04/ros2_ws/src/41068_RS1/install/slam_toolbox/include/slam_toolbox/slam_toolbox/srv/detail/deserialize_pose_graph__struct.hpp
[69.285s] -- Installing: /home/elijahs04/ros2_ws/src/41068_RS1/install/slam_toolbox/include/slam_toolbox/slam_toolbox/srv/detail/merge_maps__builder.hpp
[69.285s] -- Installing: /home/elijahs04/ros2_ws/src/41068_RS1/install/slam_toolbox/include/slam_toolbox/slam_toolbox/srv/detail/add_submap__type_support.hpp
[69.286s] -- Installing: /home/elijahs04/ros2_ws/src/41068_RS1/install/slam_toolbox/include/slam_toolbox/slam_toolbox/srv/detail/save_map__builder.hpp
[69.286s] -- Installing: /home/elijahs04/ros2_ws/src/41068_RS1/install/slam_toolbox/include/slam_toolbox/slam_toolbox/srv/detail/pause__struct.hpp
[69.286s] -- Installing: /home/elijahs04/ros2_ws/src/41068_RS1/install/slam_toolbox/include/slam_toolbox/slam_toolbox/srv/detail/add_submap__struct.hpp
[69.286s] -- Installing: /home/elijahs04/ros2_ws/src/41068_RS1/install/slam_toolbox/include/slam_toolbox/slam_toolbox/srv/detail/save_map__struct.hpp
[69.286s] -- Installing: /home/elijahs04/ros2_ws/src/41068_RS1/install/slam_toolbox/include/slam_toolbox/slam_toolbox/srv/detail/deserialize_pose_graph__builder.hpp
[69.286s] -- Installing: /home/elijahs04/ros2_ws/src/41068_RS1/install/slam_toolbox/include/slam_toolbox/slam_toolbox/srv/detail/serialize_pose_graph__traits.hpp
[69.286s] -- Installing: /home/elijahs04/ros2_ws/src/41068_RS1/install/slam_toolbox/include/slam_toolbox/slam_toolbox/srv/detail/merge_maps__struct.hpp
[69.286s] -- Installing: /home/elijahs04/ros2_ws/src/41068_RS1/install/slam_toolbox/include/slam_toolbox/slam_toolbox/srv/detail/merge_maps__type_support.hpp
[69.286s] -- Installing: /home/elijahs04/ros2_ws/src/41068_RS1/install/slam_toolbox/include/slam_toolbox/slam_toolbox/srv/detail/serialize_pose_graph__type_support.hpp
[69.286s] -- Installing: /home/elijahs04/ros2_ws/src/41068_RS1/install/slam_toolbox/include/slam_toolbox/slam_toolbox/srv/detail/clear__traits.hpp
[69.286s] -- Installing: /home/elijahs04/ros2_ws/src/41068_RS1/install/slam_toolbox/include/slam_toolbox/slam_toolbox/srv/detail/clear_queue__traits.hpp
[69.286s] -- Installing: /home/elijahs04/ros2_ws/src/41068_RS1/install/slam_toolbox/include/slam_toolbox/slam_toolbox/srv/detail/pause__builder.hpp
[69.286s] -- Installing: /home/elijahs04/ros2_ws/src/41068_RS1/install/slam_toolbox/include/slam_toolbox/slam_toolbox/srv/detail/toggle_interactive__builder.hpp
[69.286s] -- Installing: /home/elijahs04/ros2_ws/src/41068_RS1/install/slam_toolbox/include/slam_toolbox/slam_toolbox/srv/detail/save_map__type_support.hpp
[69.286s] -- Installing: /home/elijahs04/ros2_ws/src/41068_RS1/install/slam_toolbox/include/slam_toolbox/slam_toolbox/srv/detail/serialize_pose_graph__builder.hpp
[69.286s] -- Installing: /home/elijahs04/ros2_ws/src/41068_RS1/install/slam_toolbox/include/slam_toolbox/slam_toolbox/srv/detail/serialize_pose_graph__struct.hpp
[69.286s] -- Installing: /home/elijahs04/ros2_ws/src/41068_RS1/install/slam_toolbox/include/slam_toolbox/slam_toolbox/srv/detail/clear__struct.hpp
[69.286s] -- Installing: /home/elijahs04/ros2_ws/src/41068_RS1/install/slam_toolbox/include/slam_toolbox/slam_toolbox/srv/detail/deserialize_pose_graph__type_support.hpp
[69.286s] -- Installing: /home/elijahs04/ros2_ws/src/41068_RS1/install/slam_toolbox/include/slam_toolbox/slam_toolbox/srv/loop_closure.hpp
[69.286s] -- Installing: /home/elijahs04/ros2_ws/src/41068_RS1/install/slam_toolbox/include/slam_toolbox/slam_toolbox/srv/add_submap.hpp
[69.286s] -- Installing: /home/elijahs04/ros2_ws/src/41068_RS1/install/slam_toolbox/include/slam_toolbox/slam_toolbox/srv/merge_maps.hpp
[69.286s] -- Installing: /home/elijahs04/ros2_ws/src/41068_RS1/install/slam_toolbox/include/slam_toolbox/slam_toolbox/srv/toggle_interactive.hpp
[69.286s] -- Installing: /home/elijahs04/ros2_ws/src/41068_RS1/install/slam_toolbox/include/slam_toolbox/slam_toolbox/srv/serialize_pose_graph.hpp
[69.286s] -- Installing: /home/elijahs04/ros2_ws/src/41068_RS1/install/slam_toolbox/include/slam_toolbox/slam_toolbox/srv/clear.hpp
[69.286s] -- Installing: /home/elijahs04/ros2_ws/src/41068_RS1/install/slam_toolbox/include/slam_toolbox/slam_toolbox/srv/pause.hpp
[69.286s] -- Installing: /home/elijahs04/ros2_ws/src/41068_RS1/install/slam_toolbox/include/slam_toolbox/slam_toolbox/srv/deserialize_pose_graph.hpp
[69.286s] -- Up-to-date: /home/elijahs04/ros2_ws/src/41068_RS1/install/slam_toolbox/include/slam_toolbox/slam_toolbox/msg
[69.287s] -- Installing: /home/elijahs04/ros2_ws/src/41068_RS1/install/slam_toolbox/include/slam_toolbox/slam_toolbox/msg/rosidl_generator_cpp__visibility_control.hpp
[69.287s] -- Up-to-date: /home/elijahs04/ros2_ws/src/41068_RS1/install/slam_toolbox/include/slam_toolbox/slam_toolbox
[69.287s] -- Up-to-date: /home/elijahs04/ros2_ws/src/41068_RS1/install/slam_toolbox/include/slam_toolbox/slam_toolbox/srv
[69.287s] -- Up-to-date: /home/elijahs04/ros2_ws/src/41068_RS1/install/slam_toolbox/include/slam_toolbox/slam_toolbox/srv/detail
[69.287s] -- Installing: /home/elijahs04/ros2_ws/src/41068_RS1/install/slam_toolbox/include/slam_toolbox/slam_toolbox/srv/detail/loop_closure__rosidl_typesupport_fastrtps_cpp.hpp
[69.287s] -- Installing: /home/elijahs04/ros2_ws/src/41068_RS1/install/slam_toolbox/include/slam_toolbox/slam_toolbox/srv/detail/clear__rosidl_typesupport_fastrtps_cpp.hpp
[69.287s] -- Installing: /home/elijahs04/ros2_ws/src/41068_RS1/install/slam_toolbox/include/slam_toolbox/slam_toolbox/srv/detail/clear_queue__rosidl_typesupport_fastrtps_cpp.hpp
[69.287s] -- Installing: /home/elijahs04/ros2_ws/src/41068_RS1/install/slam_toolbox/include/slam_toolbox/slam_toolbox/srv/detail/serialize_pose_graph__rosidl_typesupport_fastrtps_cpp.hpp
[69.287s] -- Installing: /home/elijahs04/ros2_ws/src/41068_RS1/install/slam_toolbox/include/slam_toolbox/slam_toolbox/srv/detail/deserialize_pose_graph__rosidl_typesupport_fastrtps_cpp.hpp
[69.287s] -- Installing: /home/elijahs04/ros2_ws/src/41068_RS1/install/slam_toolbox/include/slam_toolbox/slam_toolbox/srv/detail/add_submap__rosidl_typesupport_fastrtps_cpp.hpp
[69.287s] -- Installing: /home/elijahs04/ros2_ws/src/41068_RS1/install/slam_toolbox/include/slam_toolbox/slam_toolbox/srv/detail/save_map__rosidl_typesupport_fastrtps_cpp.hpp
[69.287s] -- Installing: /home/elijahs04/ros2_ws/src/41068_RS1/install/slam_toolbox/include/slam_toolbox/slam_toolbox/srv/detail/pause__rosidl_typesupport_fastrtps_cpp.hpp
[69.287s] -- Installing: /home/elijahs04/ros2_ws/src/41068_RS1/install/slam_toolbox/include/slam_toolbox/slam_toolbox/srv/detail/dds_fastrtps
[69.287s] -- Installing: /home/elijahs04/ros2_ws/src/41068_RS1/install/slam_toolbox/include/slam_toolbox/slam_toolbox/srv/detail/merge_maps__rosidl_typesupport_fastrtps_cpp.hpp
[69.287s] -- Installing: /home/elijahs04/ros2_ws/src/41068_RS1/install/slam_toolbox/include/slam_toolbox/slam_toolbox/srv/detail/toggle_interactive__rosidl_typesupport_fastrtps_cpp.hpp
[69.287s] -- Up-to-date: /home/elijahs04/ros2_ws/src/41068_RS1/install/slam_toolbox/include/slam_toolbox/slam_toolbox/msg
[69.287s] -- Installing: /home/elijahs04/ros2_ws/src/41068_RS1/install/slam_toolbox/include/slam_toolbox/slam_toolbox/msg/rosidl_typesupport_fastrtps_cpp__visibility_control.h
[69.287s] -- Installing: /home/elijahs04/ros2_ws/src/41068_RS1/install/slam_toolbox/lib/libslam_toolbox__rosidl_typesupport_fastrtps_cpp.so
[69.287s] -- Set runtime path of "/home/elijahs04/ros2_ws/src/41068_RS1/install/slam_toolbox/lib/libslam_toolbox__rosidl_typesupport_fastrtps_cpp.so" to ""
[69.287s] -- Up-to-date: /home/elijahs04/ros2_ws/src/41068_RS1/install/slam_toolbox/include/slam_toolbox/slam_toolbox
[69.287s] -- Up-to-date: /home/elijahs04/ros2_ws/src/41068_RS1/install/slam_toolbox/include/slam_toolbox/slam_toolbox/srv
[69.287s] -- Up-to-date: /home/elijahs04/ros2_ws/src/41068_RS1/install/slam_toolbox/include/slam_toolbox/slam_toolbox/srv/detail
[69.287s] -- Installing: /home/elijahs04/ros2_ws/src/41068_RS1/install/slam_toolbox/include/slam_toolbox/slam_toolbox/srv/detail/pause__type_support.c
[69.287s] -- Installing: /home/elijahs04/ros2_ws/src/41068_RS1/install/slam_toolbox/include/slam_toolbox/slam_toolbox/srv/detail/pause__rosidl_typesupport_introspection_c.h
[69.287s] -- Installing: /home/elijahs04/ros2_ws/src/41068_RS1/install/slam_toolbox/include/slam_toolbox/slam_toolbox/srv/detail/add_submap__rosidl_typesupport_introspection_c.h
[69.288s] -- Installing: /home/elijahs04/ros2_ws/src/41068_RS1/install/slam_toolbox/include/slam_toolbox/slam_toolbox/srv/detail/deserialize_pose_graph__type_support.c
[69.288s] -- Installing: /home/elijahs04/ros2_ws/src/41068_RS1/install/slam_toolbox/include/slam_toolbox/slam_toolbox/srv/detail/merge_maps__type_support.c
[69.288s] -- Installing: /home/elijahs04/ros2_ws/src/41068_RS1/install/slam_toolbox/include/slam_toolbox/slam_toolbox/srv/detail/clear__type_support.c
[69.288s] -- Installing: /home/elijahs04/ros2_ws/src/41068_RS1/install/slam_toolbox/include/slam_toolbox/slam_toolbox/srv/detail/clear_queue__rosidl_typesupport_introspection_c.h
[69.288s] -- Installing: /home/elijahs04/ros2_ws/src/41068_RS1/install/slam_toolbox/include/slam_toolbox/slam_toolbox/srv/detail/merge_maps__rosidl_typesupport_introspection_c.h
[69.288s] -- Installing: /home/elijahs04/ros2_ws/src/41068_RS1/install/slam_toolbox/include/slam_toolbox/slam_toolbox/srv/detail/toggle_interactive__type_support.c
[69.288s] -- Installing: /home/elijahs04/ros2_ws/src/41068_RS1/install/slam_toolbox/include/slam_toolbox/slam_toolbox/srv/detail/save_map__type_support.c
[69.288s] -- Installing: /home/elijahs04/ros2_ws/src/41068_RS1/install/slam_toolbox/include/slam_toolbox/slam_toolbox/srv/detail/loop_closure__type_support.c
[69.288s] -- Installing: /home/elijahs04/ros2_ws/src/41068_RS1/install/slam_toolbox/include/slam_toolbox/slam_toolbox/srv/detail/save_map__rosidl_typesupport_introspection_c.h
[69.288s] -- Installing: /home/elijahs04/ros2_ws/src/41068_RS1/install/slam_toolbox/include/slam_toolbox/slam_toolbox/srv/detail/loop_closure__rosidl_typesupport_introspection_c.h
[69.288s] -- Installing: /home/elijahs04/ros2_ws/src/41068_RS1/install/slam_toolbox/include/slam_toolbox/slam_toolbox/srv/detail/clear_queue__type_support.c
[69.288s] -- Installing: /home/elijahs04/ros2_ws/src/41068_RS1/install/slam_toolbox/include/slam_toolbox/slam_toolbox/srv/detail/toggle_interactive__rosidl_typesupport_introspection_c.h
[69.288s] -- Installing: /home/elijahs04/ros2_ws/src/41068_RS1/install/slam_toolbox/include/slam_toolbox/slam_toolbox/srv/detail/clear__rosidl_typesupport_introspection_c.h
[69.288s] -- Installing: /home/elijahs04/ros2_ws/src/41068_RS1/install/slam_toolbox/include/slam_toolbox/slam_toolbox/srv/detail/add_submap__type_support.c
[69.288s] -- Installing: /home/elijahs04/ros2_ws/src/41068_RS1/install/slam_toolbox/include/slam_toolbox/slam_toolbox/srv/detail/deserialize_pose_graph__rosidl_typesupport_introspection_c.h
[69.288s] -- Installing: /home/elijahs04/ros2_ws/src/41068_RS1/install/slam_toolbox/include/slam_toolbox/slam_toolbox/srv/detail/serialize_pose_graph__type_support.c
[69.288s] -- Installing: /home/elijahs04/ros2_ws/src/41068_RS1/install/slam_toolbox/include/slam_toolbox/slam_toolbox/srv/detail/serialize_pose_graph__rosidl_typesupport_introspection_c.h
[69.288s] -- Up-to-date: /home/elijahs04/ros2_ws/src/41068_RS1/install/slam_toolbox/include/slam_toolbox/slam_toolbox/msg
[69.288s] -- Installing: /home/elijahs04/ros2_ws/src/41068_RS1/install/slam_toolbox/include/slam_toolbox/slam_toolbox/msg/rosidl_typesupport_introspection_c__visibility_control.h
[69.288s] -- Installing: /home/elijahs04/ros2_ws/src/41068_RS1/install/slam_toolbox/lib/libslam_toolbox__rosidl_typesupport_introspection_c.so
[69.288s] -- Set runtime path of "/home/elijahs04/ros2_ws/src/41068_RS1/install/slam_toolbox/lib/libslam_toolbox__rosidl_typesupport_introspection_c.so" to ""
[69.288s] -- Installing: /home/elijahs04/ros2_ws/src/41068_RS1/install/slam_toolbox/lib/libslam_toolbox__rosidl_typesupport_c.so
[69.289s] -- Set runtime path of "/home/elijahs04/ros2_ws/src/41068_RS1/install/slam_toolbox/lib/libslam_toolbox__rosidl_typesupport_c.so" to ""
[69.289s] -- Up-to-date: /home/elijahs04/ros2_ws/src/41068_RS1/install/slam_toolbox/include/slam_toolbox/slam_toolbox
[69.289s] -- Up-to-date: /home/elijahs04/ros2_ws/src/41068_RS1/install/slam_toolbox/include/slam_toolbox/slam_toolbox/srv
[69.289s] -- Up-to-date: /home/elijahs04/ros2_ws/src/41068_RS1/install/slam_toolbox/include/slam_toolbox/slam_toolbox/srv/detail
[69.289s] -- Installing: /home/elijahs04/ros2_ws/src/41068_RS1/install/slam_toolbox/include/slam_toolbox/slam_toolbox/srv/detail/pause__rosidl_typesupport_introspection_cpp.hpp
[69.289s] -- Installing: /home/elijahs04/ros2_ws/src/41068_RS1/install/slam_toolbox/include/slam_toolbox/slam_toolbox/srv/detail/pause__type_support.cpp
[69.289s] -- Installing: /home/elijahs04/ros2_ws/src/41068_RS1/install/slam_toolbox/include/slam_toolbox/slam_toolbox/srv/detail/clear__rosidl_typesupport_introspection_cpp.hpp
[69.289s] -- Installing: /home/elijahs04/ros2_ws/src/41068_RS1/install/slam_toolbox/include/slam_toolbox/slam_toolbox/srv/detail/loop_closure__rosidl_typesupport_introspection_cpp.hpp
[69.289s] -- Installing: /home/elijahs04/ros2_ws/src/41068_RS1/install/slam_toolbox/include/slam_toolbox/slam_toolbox/srv/detail/deserialize_pose_graph__type_support.cpp
[69.289s] -- Installing: /home/elijahs04/ros2_ws/src/41068_RS1/install/slam_toolbox/include/slam_toolbox/slam_toolbox/srv/detail/merge_maps__type_support.cpp
[69.289s] -- Installing: /home/elijahs04/ros2_ws/src/41068_RS1/install/slam_toolbox/include/slam_toolbox/slam_toolbox/srv/detail/deserialize_pose_graph__rosidl_typesupport_introspection_cpp.hpp
[69.289s] -- Installing: /home/elijahs04/ros2_ws/src/41068_RS1/install/slam_toolbox/include/slam_toolbox/slam_toolbox/srv/detail/serialize_pose_graph__rosidl_typesupport_introspection_cpp.hpp
[69.289s] -- Installing: /home/elijahs04/ros2_ws/src/41068_RS1/install/slam_toolbox/include/slam_toolbox/slam_toolbox/srv/detail/add_submap__rosidl_typesupport_introspection_cpp.hpp
[69.289s] -- Installing: /home/elijahs04/ros2_ws/src/41068_RS1/install/slam_toolbox/include/slam_toolbox/slam_toolbox/srv/detail/clear_queue__type_support.cpp
[69.289s] -- Installing: /home/elijahs04/ros2_ws/src/41068_RS1/install/slam_toolbox/include/slam_toolbox/slam_toolbox/srv/detail/save_map__rosidl_typesupport_introspection_cpp.hpp
[69.289s] -- Installing: /home/elijahs04/ros2_ws/src/41068_RS1/install/slam_toolbox/include/slam_toolbox/slam_toolbox/srv/detail/toggle_interactive__type_support.cpp
[69.289s] -- Installing: /home/elijahs04/ros2_ws/src/41068_RS1/install/slam_toolbox/include/slam_toolbox/slam_toolbox/srv/detail/clear__type_support.cpp
[69.289s] -- Installing: /home/elijahs04/ros2_ws/src/41068_RS1/install/slam_toolbox/include/slam_toolbox/slam_toolbox/srv/detail/save_map__type_support.cpp
[69.289s] -- Installing: /home/elijahs04/ros2_ws/src/41068_RS1/install/slam_toolbox/include/slam_toolbox/slam_toolbox/srv/detail/merge_maps__rosidl_typesupport_introspection_cpp.hpp
[69.289s] -- Installing: /home/elijahs04/ros2_ws/src/41068_RS1/install/slam_toolbox/include/slam_toolbox/slam_toolbox/srv/detail/add_submap__type_support.cpp
[69.289s] -- Installing: /home/elijahs04/ros2_ws/src/41068_RS1/install/slam_toolbox/include/slam_toolbox/slam_toolbox/srv/detail/toggle_interactive__rosidl_typesupport_introspection_cpp.hpp
[69.289s] -- Installing: /home/elijahs04/ros2_ws/src/41068_RS1/install/slam_toolbox/include/slam_toolbox/slam_toolbox/srv/detail/serialize_pose_graph__type_support.cpp
[69.289s] -- Installing: /home/elijahs04/ros2_ws/src/41068_RS1/install/slam_toolbox/include/slam_toolbox/slam_toolbox/srv/detail/loop_closure__type_support.cpp
[69.289s] -- Installing: /home/elijahs04/ros2_ws/src/41068_RS1/install/slam_toolbox/include/slam_toolbox/slam_toolbox/srv/detail/clear_queue__rosidl_typesupport_introspection_cpp.hpp
[69.290s] -- Installing: /home/elijahs04/ros2_ws/src/41068_RS1/install/slam_toolbox/lib/libslam_toolbox__rosidl_typesupport_introspection_cpp.so
[69.290s] -- Set runtime path of "/home/elijahs04/ros2_ws/src/41068_RS1/install/slam_toolbox/lib/libslam_toolbox__rosidl_typesupport_introspection_cpp.so" to ""
[69.290s] -- Installing: /home/elijahs04/ros2_ws/src/41068_RS1/install/slam_toolbox/lib/libslam_toolbox__rosidl_typesupport_cpp.so
[69.290s] -- Set runtime path of "/home/elijahs04/ros2_ws/src/41068_RS1/install/slam_toolbox/lib/libslam_toolbox__rosidl_typesupport_cpp.so" to ""
[69.290s] -- Installing: /home/elijahs04/ros2_ws/src/41068_RS1/install/slam_toolbox/share/slam_toolbox/environment/pythonpath.sh
[69.290s] -- Installing: /home/elijahs04/ros2_ws/src/41068_RS1/install/slam_toolbox/share/slam_toolbox/environment/pythonpath.dsv
[69.290s] -- Installing: /home/elijahs04/ros2_ws/src/41068_RS1/install/slam_toolbox/local/lib/python3.10/dist-packages/slam_toolbox-2.6.10-py3.10.egg-info
[69.290s] -- Installing: /home/elijahs04/ros2_ws/src/41068_RS1/install/slam_toolbox/local/lib/python3.10/dist-packages/slam_toolbox-2.6.10-py3.10.egg-info/dependency_links.txt
[69.290s] -- Installing: /home/elijahs04/ros2_ws/src/41068_RS1/install/slam_toolbox/local/lib/python3.10/dist-packages/slam_toolbox-2.6.10-py3.10.egg-info/top_level.txt
[69.290s] -- Installing: /home/elijahs04/ros2_ws/src/41068_RS1/install/slam_toolbox/local/lib/python3.10/dist-packages/slam_toolbox-2.6.10-py3.10.egg-info/SOURCES.txt
[69.290s] -- Installing: /home/elijahs04/ros2_ws/src/41068_RS1/install/slam_toolbox/local/lib/python3.10/dist-packages/slam_toolbox-2.6.10-py3.10.egg-info/PKG-INFO
[69.290s] -- Installing: /home/elijahs04/ros2_ws/src/41068_RS1/install/slam_toolbox/local/lib/python3.10/dist-packages/slam_toolbox
[69.290s] -- Installing: /home/elijahs04/ros2_ws/src/41068_RS1/install/slam_toolbox/local/lib/python3.10/dist-packages/slam_toolbox/slam_toolbox_s__rosidl_typesupport_introspection_c.cpython-310-x86_64-linux-gnu.so
[69.290s] -- Installing: /home/elijahs04/ros2_ws/src/41068_RS1/install/slam_toolbox/local/lib/python3.10/dist-packages/slam_toolbox/srv
[69.291s] -- Installing: /home/elijahs04/ros2_ws/src/41068_RS1/install/slam_toolbox/local/lib/python3.10/dist-packages/slam_toolbox/srv/_loop_closure_s.c
[69.291s] -- Installing: /home/elijahs04/ros2_ws/src/41068_RS1/install/slam_toolbox/local/lib/python3.10/dist-packages/slam_toolbox/srv/_clear_s.c
[69.291s] -- Installing: /home/elijahs04/ros2_ws/src/41068_RS1/install/slam_toolbox/local/lib/python3.10/dist-packages/slam_toolbox/srv/_loop_closure.py
[69.291s] -- Installing: /home/elijahs04/ros2_ws/src/41068_RS1/install/slam_toolbox/local/lib/python3.10/dist-packages/slam_toolbox/srv/_save_map.py
[69.291s] -- Installing: /home/elijahs04/ros2_ws/src/41068_RS1/install/slam_toolbox/local/lib/python3.10/dist-packages/slam_toolbox/srv/_deserialize_pose_graph.py
[69.291s] -- Installing: /home/elijahs04/ros2_ws/src/41068_RS1/install/slam_toolbox/local/lib/python3.10/dist-packages/slam_toolbox/srv/_add_submap.py
[69.291s] -- Installing: /home/elijahs04/ros2_ws/src/41068_RS1/install/slam_toolbox/local/lib/python3.10/dist-packages/slam_toolbox/srv/_pause.py
[69.291s] -- Installing: /home/elijahs04/ros2_ws/src/41068_RS1/install/slam_toolbox/local/lib/python3.10/dist-packages/slam_toolbox/srv/_deserialize_pose_graph_s.c
[69.291s] -- Installing: /home/elijahs04/ros2_ws/src/41068_RS1/install/slam_toolbox/local/lib/python3.10/dist-packages/slam_toolbox/srv/_merge_maps.py
[69.291s] -- Installing: /home/elijahs04/ros2_ws/src/41068_RS1/install/slam_toolbox/local/lib/python3.10/dist-packages/slam_toolbox/srv/_toggle_interactive_s.c
[69.291s] -- Installing: /home/elijahs04/ros2_ws/src/41068_RS1/install/slam_toolbox/local/lib/python3.10/dist-packages/slam_toolbox/srv/_toggle_interactive.py
[69.291s] -- Installing: /home/elijahs04/ros2_ws/src/41068_RS1/install/slam_toolbox/local/lib/python3.10/dist-packages/slam_toolbox/srv/_clear.py
[69.291s] -- Installing: /home/elijahs04/ros2_ws/src/41068_RS1/install/slam_toolbox/local/lib/python3.10/dist-packages/slam_toolbox/srv/_serialize_pose_graph.py
[69.291s] -- Installing: /home/elijahs04/ros2_ws/src/41068_RS1/install/slam_toolbox/local/lib/python3.10/dist-packages/slam_toolbox/srv/_clear_queue.py
[69.291s] -- Installing: /home/elijahs04/ros2_ws/src/41068_RS1/install/slam_toolbox/local/lib/python3.10/dist-packages/slam_toolbox/srv/_pause_s.c
[69.291s] -- Installing: /home/elijahs04/ros2_ws/src/41068_RS1/install/slam_toolbox/local/lib/python3.10/dist-packages/slam_toolbox/srv/_serialize_pose_graph_s.c
[69.291s] -- Installing: /home/elijahs04/ros2_ws/src/41068_RS1/install/slam_toolbox/local/lib/python3.10/dist-packages/slam_toolbox/srv/_clear_queue_s.c
[69.291s] -- Installing: /home/elijahs04/ros2_ws/src/41068_RS1/install/slam_toolbox/local/lib/python3.10/dist-packages/slam_toolbox/srv/__init__.py
[69.291s] -- Installing: /home/elijahs04/ros2_ws/src/41068_RS1/install/slam_toolbox/local/lib/python3.10/dist-packages/slam_toolbox/srv/_add_submap_s.c
[69.291s] -- Installing: /home/elijahs04/ros2_ws/src/41068_RS1/install/slam_toolbox/local/lib/python3.10/dist-packages/slam_toolbox/srv/_merge_maps_s.c
[69.291s] -- Installing: /home/elijahs04/ros2_ws/src/41068_RS1/install/slam_toolbox/local/lib/python3.10/dist-packages/slam_toolbox/srv/_save_map_s.c
[69.291s] -- Installing: /home/elijahs04/ros2_ws/src/41068_RS1/install/slam_toolbox/local/lib/python3.10/dist-packages/slam_toolbox/libslam_toolbox__rosidl_generator_py.so
[69.291s] -- Installing: /home/elijahs04/ros2_ws/src/41068_RS1/install/slam_toolbox/local/lib/python3.10/dist-packages/slam_toolbox/_slam_toolbox_s.ep.rosidl_typesupport_fastrtps_c.c
[69.291s] -- Installing: /home/elijahs04/ros2_ws/src/41068_RS1/install/slam_toolbox/local/lib/python3.10/dist-packages/slam_toolbox/_slam_toolbox_s.ep.rosidl_typesupport_c.c
[69.292s] -- Installing: /home/elijahs04/ros2_ws/src/41068_RS1/install/slam_toolbox/local/lib/python3.10/dist-packages/slam_toolbox/_slam_toolbox_s.ep.rosidl_typesupport_introspection_c.c
[69.292s] -- Installing: /home/elijahs04/ros2_ws/src/41068_RS1/install/slam_toolbox/local/lib/python3.10/dist-packages/slam_toolbox/__init__.py
[69.292s] -- Installing: /home/elijahs04/ros2_ws/src/41068_RS1/install/slam_toolbox/local/lib/python3.10/dist-packages/slam_toolbox/slam_toolbox_s__rosidl_typesupport_c.cpython-310-x86_64-linux-gnu.so
[69.292s] -- Installing: /home/elijahs04/ros2_ws/src/41068_RS1/install/slam_toolbox/local/lib/python3.10/dist-packages/slam_toolbox/slam_toolbox_s__rosidl_typesupport_fastrtps_c.cpython-310-x86_64-linux-gnu.so
[69.325s] Listing '/home/elijahs04/ros2_ws/src/41068_RS1/install/slam_toolbox/local/lib/python3.10/dist-packages/slam_toolbox'...
[69.325s] Compiling '/home/elijahs04/ros2_ws/src/41068_RS1/install/slam_toolbox/local/lib/python3.10/dist-packages/slam_toolbox/__init__.py'...
[69.325s] Listing '/home/elijahs04/ros2_ws/src/41068_RS1/install/slam_toolbox/local/lib/python3.10/dist-packages/slam_toolbox/srv'...
[69.325s] Compiling '/home/elijahs04/ros2_ws/src/41068_RS1/install/slam_toolbox/local/lib/python3.10/dist-packages/slam_toolbox/srv/__init__.py'...
[69.325s] Compiling '/home/elijahs04/ros2_ws/src/41068_RS1/install/slam_toolbox/local/lib/python3.10/dist-packages/slam_toolbox/srv/_add_submap.py'...
[69.325s] Compiling '/home/elijahs04/ros2_ws/src/41068_RS1/install/slam_toolbox/local/lib/python3.10/dist-packages/slam_toolbox/srv/_clear.py'...
[69.325s] Compiling '/home/elijahs04/ros2_ws/src/41068_RS1/install/slam_toolbox/local/lib/python3.10/dist-packages/slam_toolbox/srv/_clear_queue.py'...
[69.325s] Compiling '/home/elijahs04/ros2_ws/src/41068_RS1/install/slam_toolbox/local/lib/python3.10/dist-packages/slam_toolbox/srv/_deserialize_pose_graph.py'...
[69.325s] Compiling '/home/elijahs04/ros2_ws/src/41068_RS1/install/slam_toolbox/local/lib/python3.10/dist-packages/slam_toolbox/srv/_loop_closure.py'...
[69.325s] Compiling '/home/elijahs04/ros2_ws/src/41068_RS1/install/slam_toolbox/local/lib/python3.10/dist-packages/slam_toolbox/srv/_merge_maps.py'...
[69.325s] Compiling '/home/elijahs04/ros2_ws/src/41068_RS1/install/slam_toolbox/local/lib/python3.10/dist-packages/slam_toolbox/srv/_pause.py'...
[69.325s] Compiling '/home/elijahs04/ros2_ws/src/41068_RS1/install/slam_toolbox/local/lib/python3.10/dist-packages/slam_toolbox/srv/_save_map.py'...
[69.325s] Compiling '/home/elijahs04/ros2_ws/src/41068_RS1/install/slam_toolbox/local/lib/python3.10/dist-packages/slam_toolbox/srv/_serialize_pose_graph.py'...
[69.325s] Compiling '/home/elijahs04/ros2_ws/src/41068_RS1/install/slam_toolbox/local/lib/python3.10/dist-packages/slam_toolbox/srv/_toggle_interactive.py'...
[69.328s] -- Installing: /home/elijahs04/ros2_ws/src/41068_RS1/install/slam_toolbox/local/lib/python3.10/dist-packages/slam_toolbox/slam_toolbox_s__rosidl_typesupport_fastrtps_c.cpython-310-x86_64-linux-gnu.so
[69.328s] -- Set runtime path of "/home/elijahs04/ros2_ws/src/41068_RS1/install/slam_toolbox/local/lib/python3.10/dist-packages/slam_toolbox/slam_toolbox_s__rosidl_typesupport_fastrtps_c.cpython-310-x86_64-linux-gnu.so" to ""
[69.328s] -- Installing: /home/elijahs04/ros2_ws/src/41068_RS1/install/slam_toolbox/local/lib/python3.10/dist-packages/slam_toolbox/slam_toolbox_s__rosidl_typesupport_introspection_c.cpython-310-x86_64-linux-gnu.so
[69.328s] -- Set runtime path of "/home/elijahs04/ros2_ws/src/41068_RS1/install/slam_toolbox/local/lib/python3.10/dist-packages/slam_toolbox/slam_toolbox_s__rosidl_typesupport_introspection_c.cpython-310-x86_64-linux-gnu.so" to ""
[69.328s] -- Installing: /home/elijahs04/ros2_ws/src/41068_RS1/install/slam_toolbox/local/lib/python3.10/dist-packages/slam_toolbox/slam_toolbox_s__rosidl_typesupport_c.cpython-310-x86_64-linux-gnu.so
[69.328s] -- Set runtime path of "/home/elijahs04/ros2_ws/src/41068_RS1/install/slam_toolbox/local/lib/python3.10/dist-packages/slam_toolbox/slam_toolbox_s__rosidl_typesupport_c.cpython-310-x86_64-linux-gnu.so" to ""
[69.328s] -- Installing: /home/elijahs04/ros2_ws/src/41068_RS1/install/slam_toolbox/lib/libslam_toolbox__rosidl_generator_py.so
[69.328s] -- Set runtime path of "/home/elijahs04/ros2_ws/src/41068_RS1/install/slam_toolbox/lib/libslam_toolbox__rosidl_generator_py.so" to ""
[69.328s] -- Installing: /home/elijahs04/ros2_ws/src/41068_RS1/install/slam_toolbox/share/slam_toolbox/srv/Pause.idl
[69.328s] -- Installing: /home/elijahs04/ros2_ws/src/41068_RS1/install/slam_toolbox/share/slam_toolbox/srv/ClearQueue.idl
[69.328s] -- Installing: /home/elijahs04/ros2_ws/src/41068_RS1/install/slam_toolbox/share/slam_toolbox/srv/ToggleInteractive.idl
[69.328s] -- Installing: /home/elijahs04/ros2_ws/src/41068_RS1/install/slam_toolbox/share/slam_toolbox/srv/Clear.idl
[69.329s] -- Installing: /home/elijahs04/ros2_ws/src/41068_RS1/install/slam_toolbox/share/slam_toolbox/srv/SaveMap.idl
[69.329s] -- Installing: /home/elijahs04/ros2_ws/src/41068_RS1/install/slam_toolbox/share/slam_toolbox/srv/LoopClosure.idl
[69.329s] -- Installing: /home/elijahs04/ros2_ws/src/41068_RS1/install/slam_toolbox/share/slam_toolbox/srv/MergeMaps.idl
[69.329s] -- Installing: /home/elijahs04/ros2_ws/src/41068_RS1/install/slam_toolbox/share/slam_toolbox/srv/AddSubmap.idl
[69.329s] -- Installing: /home/elijahs04/ros2_ws/src/41068_RS1/install/slam_toolbox/share/slam_toolbox/srv/DeserializePoseGraph.idl
[69.329s] -- Installing: /home/elijahs04/ros2_ws/src/41068_RS1/install/slam_toolbox/share/slam_toolbox/srv/SerializePoseGraph.idl
[69.329s] -- Installing: /home/elijahs04/ros2_ws/src/41068_RS1/install/slam_toolbox/share/slam_toolbox/srv/Pause.srv
[69.329s] -- Installing: /home/elijahs04/ros2_ws/src/41068_RS1/install/slam_toolbox/share/slam_toolbox/srv/Pause_Request.msg
[69.329s] -- Installing: /home/elijahs04/ros2_ws/src/41068_RS1/install/slam_toolbox/share/slam_toolbox/srv/Pause_Response.msg
[69.329s] -- Installing: /home/elijahs04/ros2_ws/src/41068_RS1/install/slam_toolbox/share/slam_toolbox/srv/ClearQueue.srv
[69.329s] -- Installing: /home/elijahs04/ros2_ws/src/41068_RS1/install/slam_toolbox/share/slam_toolbox/srv/ClearQueue_Request.msg
[69.329s] -- Installing: /home/elijahs04/ros2_ws/src/41068_RS1/install/slam_toolbox/share/slam_toolbox/srv/ClearQueue_Response.msg
[69.329s] -- Installing: /home/elijahs04/ros2_ws/src/41068_RS1/install/slam_toolbox/share/slam_toolbox/srv/ToggleInteractive.srv
[69.329s] -- Installing: /home/elijahs04/ros2_ws/src/41068_RS1/install/slam_toolbox/share/slam_toolbox/srv/ToggleInteractive_Request.msg
[69.330s] -- Installing: /home/elijahs04/ros2_ws/src/41068_RS1/install/slam_toolbox/share/slam_toolbox/srv/ToggleInteractive_Response.msg
[69.330s] -- Installing: /home/elijahs04/ros2_ws/src/41068_RS1/install/slam_toolbox/share/slam_toolbox/srv/Clear.srv
[69.330s] -- Installing: /home/elijahs04/ros2_ws/src/41068_RS1/install/slam_toolbox/share/slam_toolbox/srv/Clear_Request.msg
[69.330s] -- Installing: /home/elijahs04/ros2_ws/src/41068_RS1/install/slam_toolbox/share/slam_toolbox/srv/Clear_Response.msg
[69.330s] -- Installing: /home/elijahs04/ros2_ws/src/41068_RS1/install/slam_toolbox/share/slam_toolbox/srv/SaveMap.srv
[69.330s] -- Installing: /home/elijahs04/ros2_ws/src/41068_RS1/install/slam_toolbox/share/slam_toolbox/srv/SaveMap_Request.msg
[69.330s] -- Installing: /home/elijahs04/ros2_ws/src/41068_RS1/install/slam_toolbox/share/slam_toolbox/srv/SaveMap_Response.msg
[69.330s] -- Installing: /home/elijahs04/ros2_ws/src/41068_RS1/install/slam_toolbox/share/slam_toolbox/srv/LoopClosure.srv
[69.330s] -- Installing: /home/elijahs04/ros2_ws/src/41068_RS1/install/slam_toolbox/share/slam_toolbox/srv/LoopClosure_Request.msg
[69.330s] -- Installing: /home/elijahs04/ros2_ws/src/41068_RS1/install/slam_toolbox/share/slam_toolbox/srv/LoopClosure_Response.msg
[69.330s] -- Installing: /home/elijahs04/ros2_ws/src/41068_RS1/install/slam_toolbox/share/slam_toolbox/srv/MergeMaps.srv
[69.330s] -- Installing: /home/elijahs04/ros2_ws/src/41068_RS1/install/slam_toolbox/share/slam_toolbox/srv/MergeMaps_Request.msg
[69.330s] -- Installing: /home/elijahs04/ros2_ws/src/41068_RS1/install/slam_toolbox/share/slam_toolbox/srv/MergeMaps_Response.msg
[69.330s] -- Installing: /home/elijahs04/ros2_ws/src/41068_RS1/install/slam_toolbox/share/slam_toolbox/srv/AddSubmap.srv
[69.331s] -- Installing: /home/elijahs04/ros2_ws/src/41068_RS1/install/slam_toolbox/share/slam_toolbox/srv/AddSubmap_Request.msg
[69.331s] -- Installing: /home/elijahs04/ros2_ws/src/41068_RS1/install/slam_toolbox/share/slam_toolbox/srv/AddSubmap_Response.msg
[69.331s] -- Installing: /home/elijahs04/ros2_ws/src/41068_RS1/install/slam_toolbox/share/slam_toolbox/srv/DeserializePoseGraph.srv
[69.331s] -- Installing: /home/elijahs04/ros2_ws/src/41068_RS1/install/slam_toolbox/share/slam_toolbox/srv/DeserializePoseGraph_Request.msg
[69.331s] -- Installing: /home/elijahs04/ros2_ws/src/41068_RS1/install/slam_toolbox/share/slam_toolbox/srv/DeserializePoseGraph_Response.msg
[69.331s] -- Installing: /home/elijahs04/ros2_ws/src/41068_RS1/install/slam_toolbox/share/slam_toolbox/srv/SerializePoseGraph.srv
[69.331s] -- Installing: /home/elijahs04/ros2_ws/src/41068_RS1/install/slam_toolbox/share/slam_toolbox/srv/SerializePoseGraph_Request.msg
[69.331s] -- Installing: /home/elijahs04/ros2_ws/src/41068_RS1/install/slam_toolbox/share/slam_toolbox/srv/SerializePoseGraph_Response.msg
[69.331s] -- Installing: /home/elijahs04/ros2_ws/src/41068_RS1/install/slam_toolbox/share/slam_toolbox/rviz_plugins.xml
[69.331s] -- Installing: /home/elijahs04/ros2_ws/src/41068_RS1/install/slam_toolbox/share/slam_toolbox/solver_plugins.xml
[69.331s] -- Installing: /home/elijahs04/ros2_ws/src/41068_RS1/install/slam_toolbox/lib/slam_toolbox/async_slam_toolbox_node
[69.332s] -- Set runtime path of "/home/elijahs04/ros2_ws/src/41068_RS1/install/slam_toolbox/lib/slam_toolbox/async_slam_toolbox_node" to ""
[69.332s] -- Installing: /home/elijahs04/ros2_ws/src/41068_RS1/install/slam_toolbox/lib/slam_toolbox/sync_slam_toolbox_node
[69.332s] -- Set runtime path of "/home/elijahs04/ros2_ws/src/41068_RS1/install/slam_toolbox/lib/slam_toolbox/sync_slam_toolbox_node" to ""
[69.332s] -- Installing: /home/elijahs04/ros2_ws/src/41068_RS1/install/slam_toolbox/lib/slam_toolbox/localization_slam_toolbox_node
[69.333s] -- Set runtime path of "/home/elijahs04/ros2_ws/src/41068_RS1/install/slam_toolbox/lib/slam_toolbox/localization_slam_toolbox_node" to ""
[69.333s] -- Installing: /home/elijahs04/ros2_ws/src/41068_RS1/install/slam_toolbox/lib/slam_toolbox/map_and_localization_slam_toolbox_node
[69.333s] -- Set runtime path of "/home/elijahs04/ros2_ws/src/41068_RS1/install/slam_toolbox/lib/slam_toolbox/map_and_localization_slam_toolbox_node" to ""
[69.333s] -- Installing: /home/elijahs04/ros2_ws/src/41068_RS1/install/slam_toolbox/lib/slam_toolbox/merge_maps_kinematic
[69.334s] -- Set runtime path of "/home/elijahs04/ros2_ws/src/41068_RS1/install/slam_toolbox/lib/slam_toolbox/merge_maps_kinematic" to ""
[69.334s] -- Installing: /home/elijahs04/ros2_ws/src/41068_RS1/install/slam_toolbox/lib/libtoolbox_common.so
[69.336s] -- Set runtime path of "/home/elijahs04/ros2_ws/src/41068_RS1/install/slam_toolbox/lib/libtoolbox_common.so" to ""
[69.336s] -- Installing: /home/elijahs04/ros2_ws/src/41068_RS1/install/slam_toolbox/lib/libSlamToolboxPlugin.so
[69.337s] -- Set runtime path of "/home/elijahs04/ros2_ws/src/41068_RS1/install/slam_toolbox/lib/libSlamToolboxPlugin.so" to ""
[69.337s] -- Installing: /home/elijahs04/ros2_ws/src/41068_RS1/install/slam_toolbox/lib/libceres_solver_plugin.so
[69.337s] -- Set runtime path of "/home/elijahs04/ros2_ws/src/41068_RS1/install/slam_toolbox/lib/libceres_solver_plugin.so" to ""
[69.337s] -- Installing: /home/elijahs04/ros2_ws/src/41068_RS1/install/slam_toolbox/lib/libasync_slam_toolbox.so
[69.338s] -- Set runtime path of "/home/elijahs04/ros2_ws/src/41068_RS1/install/slam_toolbox/lib/libasync_slam_toolbox.so" to ""
[69.338s] -- Installing: /home/elijahs04/ros2_ws/src/41068_RS1/install/slam_toolbox/lib/libsync_slam_toolbox.so
[69.338s] -- Set runtime path of "/home/elijahs04/ros2_ws/src/41068_RS1/install/slam_toolbox/lib/libsync_slam_toolbox.so" to ""
[69.338s] -- Installing: /home/elijahs04/ros2_ws/src/41068_RS1/install/slam_toolbox/lib/liblocalization_slam_toolbox.so
[69.339s] -- Set runtime path of "/home/elijahs04/ros2_ws/src/41068_RS1/install/slam_toolbox/lib/liblocalization_slam_toolbox.so" to ""
[69.339s] -- Installing: /home/elijahs04/ros2_ws/src/41068_RS1/install/slam_toolbox/lib/liblifelong_slam_toolbox.so
[69.340s] -- Set runtime path of "/home/elijahs04/ros2_ws/src/41068_RS1/install/slam_toolbox/lib/liblifelong_slam_toolbox.so" to ""
[69.340s] -- Installing: /home/elijahs04/ros2_ws/src/41068_RS1/install/slam_toolbox/lib/libmap_and_localization_slam_toolbox.so
[69.341s] -- Set runtime path of "/home/elijahs04/ros2_ws/src/41068_RS1/install/slam_toolbox/lib/libmap_and_localization_slam_toolbox.so" to ""
[69.341s] -- Installing: /home/elijahs04/ros2_ws/src/41068_RS1/install/slam_toolbox/lib/libkartoSlamToolbox.so
[69.342s] -- Set runtime path of "/home/elijahs04/ros2_ws/src/41068_RS1/install/slam_toolbox/lib/libkartoSlamToolbox.so" to ""
[69.342s] -- Up-to-date: /home/elijahs04/ros2_ws/src/41068_RS1/install/slam_toolbox/lib/libSlamToolboxPlugin.so
[69.342s] -- Up-to-date: /home/elijahs04/ros2_ws/src/41068_RS1/install/slam_toolbox/include
[69.343s] -- Up-to-date: /home/elijahs04/ros2_ws/src/41068_RS1/install/slam_toolbox/include/slam_toolbox
[69.343s] -- Installing: /home/elijahs04/ros2_ws/src/41068_RS1/install/slam_toolbox/include/slam_toolbox/loop_closure_assistant.hpp
[69.343s] -- Installing: /home/elijahs04/ros2_ws/src/41068_RS1/install/slam_toolbox/include/slam_toolbox/laser_utils.hpp
[69.343s] -- Installing: /home/elijahs04/ros2_ws/src/41068_RS1/install/slam_toolbox/include/slam_toolbox/experimental
[69.343s] -- Installing: /home/elijahs04/ros2_ws/src/41068_RS1/install/slam_toolbox/include/slam_toolbox/experimental/slam_toolbox_map_and_localization.hpp
[69.343s] -- Installing: /home/elijahs04/ros2_ws/src/41068_RS1/install/slam_toolbox/include/slam_toolbox/experimental/slam_toolbox_lifelong.hpp
[69.343s] -- Installing: /home/elijahs04/ros2_ws/src/41068_RS1/install/slam_toolbox/include/slam_toolbox/slam_mapper.hpp
[69.343s] -- Installing: /home/elijahs04/ros2_ws/src/41068_RS1/install/slam_toolbox/include/slam_toolbox/get_pose_helper.hpp
[69.343s] -- Installing: /home/elijahs04/ros2_ws/src/41068_RS1/install/slam_toolbox/include/slam_toolbox/toolbox_types.hpp
[69.343s] -- Installing: /home/elijahs04/ros2_ws/src/41068_RS1/install/slam_toolbox/include/slam_toolbox/slam_toolbox_async.hpp
[69.343s] -- Installing: /home/elijahs04/ros2_ws/src/41068_RS1/install/slam_toolbox/include/slam_toolbox/slam_toolbox_localization.hpp
[69.343s] -- Installing: /home/elijahs04/ros2_ws/src/41068_RS1/install/slam_toolbox/include/slam_toolbox/visualization_utils.hpp
[69.343s] -- Installing: /home/elijahs04/ros2_ws/src/41068_RS1/install/slam_toolbox/include/slam_toolbox/toolbox_msgs.hpp
[69.343s] -- Installing: /home/elijahs04/ros2_ws/src/41068_RS1/install/slam_toolbox/include/slam_toolbox/map_saver.hpp
[69.343s] -- Installing: /home/elijahs04/ros2_ws/src/41068_RS1/install/slam_toolbox/include/slam_toolbox/slam_toolbox_common.hpp
[69.343s] -- Installing: /home/elijahs04/ros2_ws/src/41068_RS1/install/slam_toolbox/include/slam_toolbox/merge_maps_kinematic.hpp
[69.343s] -- Installing: /home/elijahs04/ros2_ws/src/41068_RS1/install/slam_toolbox/include/slam_toolbox/snap_utils.hpp
[69.343s] -- Installing: /home/elijahs04/ros2_ws/src/41068_RS1/install/slam_toolbox/include/slam_toolbox/slam_toolbox_sync.hpp
[69.343s] -- Installing: /home/elijahs04/ros2_ws/src/41068_RS1/install/slam_toolbox/include/slam_toolbox/serialization.hpp
[69.343s] -- Installing: /home/elijahs04/ros2_ws/src/41068_RS1/install/slam_toolbox/share/slam_toolbox/launch
[69.343s] -- Installing: /home/elijahs04/ros2_ws/src/41068_RS1/install/slam_toolbox/share/slam_toolbox/launch/localization_launch.py
[69.343s] -- Installing: /home/elijahs04/ros2_ws/src/41068_RS1/install/slam_toolbox/share/slam_toolbox/launch/merge_maps_kinematic_launch.py
[69.343s] -- Installing: /home/elijahs04/ros2_ws/src/41068_RS1/install/slam_toolbox/share/slam_toolbox/launch/offline_launch.py
[69.343s] -- Installing: /home/elijahs04/ros2_ws/src/41068_RS1/install/slam_toolbox/share/slam_toolbox/launch/online_async_launch.py
[69.343s] -- Installing: /home/elijahs04/ros2_ws/src/41068_RS1/install/slam_toolbox/share/slam_toolbox/launch/online_sync_launch.py
[69.344s] -- Installing: /home/elijahs04/ros2_ws/src/41068_RS1/install/slam_toolbox/share/slam_toolbox/config
[69.344s] -- Installing: /home/elijahs04/ros2_ws/src/41068_RS1/install/slam_toolbox/share/slam_toolbox/config/mapper_params_lifelong.yaml
[69.344s] -- Installing: /home/elijahs04/ros2_ws/src/41068_RS1/install/slam_toolbox/share/slam_toolbox/config/mapper_params_offline.yaml
[69.344s] -- Installing: /home/elijahs04/ros2_ws/src/41068_RS1/install/slam_toolbox/share/slam_toolbox/config/mapper_params_online_async.yaml
[69.344s] -- Installing: /home/elijahs04/ros2_ws/src/41068_RS1/install/slam_toolbox/share/slam_toolbox/config/slam_toolbox_default.rviz
[69.344s] -- Installing: /home/elijahs04/ros2_ws/src/41068_RS1/install/slam_toolbox/share/slam_toolbox/config/mapper_params_localization.yaml
[69.344s] -- Installing: /home/elijahs04/ros2_ws/src/41068_RS1/install/slam_toolbox/share/slam_toolbox/config/mapper_params_online_sync.yaml
[69.345s] -- Installing: /home/elijahs04/ros2_ws/src/41068_RS1/install/slam_toolbox/share/solver_plugins.xml
[69.345s] -- Installing: /home/elijahs04/ros2_ws/src/41068_RS1/install/slam_toolbox/share/rviz_plugins.xml
[69.345s] -- Installing: /home/elijahs04/ros2_ws/src/41068_RS1/install/slam_toolbox/share/ament_index/resource_index/package_run_dependencies/slam_toolbox
[69.345s] -- Installing: /home/elijahs04/ros2_ws/src/41068_RS1/install/slam_toolbox/share/ament_index/resource_index/parent_prefix_path/slam_toolbox
[69.345s] -- Installing: /home/elijahs04/ros2_ws/src/41068_RS1/install/slam_toolbox/share/slam_toolbox/environment/ament_prefix_path.sh
[69.345s] -- Installing: /home/elijahs04/ros2_ws/src/41068_RS1/install/slam_toolbox/share/slam_toolbox/environment/ament_prefix_path.dsv
[69.345s] -- Installing: /home/elijahs04/ros2_ws/src/41068_RS1/install/slam_toolbox/share/slam_toolbox/environment/path.sh
[69.345s] -- Installing: /home/elijahs04/ros2_ws/src/41068_RS1/install/slam_toolbox/share/slam_toolbox/environment/path.dsv
[69.345s] -- Installing: /home/elijahs04/ros2_ws/src/41068_RS1/install/slam_toolbox/share/slam_toolbox/local_setup.bash
[69.345s] -- Installing: /home/elijahs04/ros2_ws/src/41068_RS1/install/slam_toolbox/share/slam_toolbox/local_setup.sh
[69.345s] -- Installing: /home/elijahs04/ros2_ws/src/41068_RS1/install/slam_toolbox/share/slam_toolbox/local_setup.zsh
[69.346s] -- Installing: /home/elijahs04/ros2_ws/src/41068_RS1/install/slam_toolbox/share/slam_toolbox/local_setup.dsv
[69.346s] -- Installing: /home/elijahs04/ros2_ws/src/41068_RS1/install/slam_toolbox/share/slam_toolbox/package.dsv
[69.346s] -- Installing: /home/elijahs04/ros2_ws/src/41068_RS1/install/slam_toolbox/share/ament_index/resource_index/packages/slam_toolbox
[69.346s] -- Installing: /home/elijahs04/ros2_ws/src/41068_RS1/install/slam_toolbox/share/ament_index/resource_index/rviz_common__pluginlib__plugin/slam_toolbox
[69.346s] -- Installing: /home/elijahs04/ros2_ws/src/41068_RS1/install/slam_toolbox/share/ament_index/resource_index/slam_toolbox__pluginlib__plugin/slam_toolbox
[69.346s] -- Installing: /home/elijahs04/ros2_ws/src/41068_RS1/install/slam_toolbox/share/slam_toolbox/cmake/export_slam_toolbox__rosidl_generator_cExport.cmake
[69.346s] -- Installing: /home/elijahs04/ros2_ws/src/41068_RS1/install/slam_toolbox/share/slam_toolbox/cmake/export_slam_toolbox__rosidl_generator_cExport-release.cmake
[69.346s] -- Installing: /home/elijahs04/ros2_ws/src/41068_RS1/install/slam_toolbox/share/slam_toolbox/cmake/export_slam_toolbox__rosidl_typesupport_fastrtps_cExport.cmake
[69.346s] -- Installing: /home/elijahs04/ros2_ws/src/41068_RS1/install/slam_toolbox/share/slam_toolbox/cmake/export_slam_toolbox__rosidl_typesupport_fastrtps_cExport-release.cmake
[69.346s] -- Installing: /home/elijahs04/ros2_ws/src/41068_RS1/install/slam_toolbox/share/slam_toolbox/cmake/export_slam_toolbox__rosidl_generator_cppExport.cmake
[69.346s] -- Installing: /home/elijahs04/ros2_ws/src/41068_RS1/install/slam_toolbox/share/slam_toolbox/cmake/export_slam_toolbox__rosidl_typesupport_fastrtps_cppExport.cmake
[69.346s] -- Installing: /home/elijahs04/ros2_ws/src/41068_RS1/install/slam_toolbox/share/slam_toolbox/cmake/export_slam_toolbox__rosidl_typesupport_fastrtps_cppExport-release.cmake
[69.346s] -- Installing: /home/elijahs04/ros2_ws/src/41068_RS1/install/slam_toolbox/share/slam_toolbox/cmake/slam_toolbox__rosidl_typesupport_introspection_cExport.cmake
[69.346s] -- Installing: /home/elijahs04/ros2_ws/src/41068_RS1/install/slam_toolbox/share/slam_toolbox/cmake/slam_toolbox__rosidl_typesupport_introspection_cExport-release.cmake
[69.346s] -- Installing: /home/elijahs04/ros2_ws/src/41068_RS1/install/slam_toolbox/share/slam_toolbox/cmake/slam_toolbox__rosidl_typesupport_cExport.cmake
[69.347s] -- Installing: /home/elijahs04/ros2_ws/src/41068_RS1/install/slam_toolbox/share/slam_toolbox/cmake/slam_toolbox__rosidl_typesupport_cExport-release.cmake
[69.347s] -- Installing: /home/elijahs04/ros2_ws/src/41068_RS1/install/slam_toolbox/share/slam_toolbox/cmake/slam_toolbox__rosidl_typesupport_introspection_cppExport.cmake
[69.347s] -- Installing: /home/elijahs04/ros2_ws/src/41068_RS1/install/slam_toolbox/share/slam_toolbox/cmake/slam_toolbox__rosidl_typesupport_introspection_cppExport-release.cmake
[69.347s] -- Installing: /home/elijahs04/ros2_ws/src/41068_RS1/install/slam_toolbox/share/slam_toolbox/cmake/slam_toolbox__rosidl_typesupport_cppExport.cmake
[69.347s] -- Installing: /home/elijahs04/ros2_ws/src/41068_RS1/install/slam_toolbox/share/slam_toolbox/cmake/slam_toolbox__rosidl_typesupport_cppExport-release.cmake
[69.347s] -- Installing: /home/elijahs04/ros2_ws/src/41068_RS1/install/slam_toolbox/share/slam_toolbox/cmake/export_slam_toolbox__rosidl_generator_pyExport.cmake
[69.347s] -- Installing: /home/elijahs04/ros2_ws/src/41068_RS1/install/slam_toolbox/share/slam_toolbox/cmake/export_slam_toolbox__rosidl_generator_pyExport-release.cmake
[69.347s] -- Installing: /home/elijahs04/ros2_ws/src/41068_RS1/install/slam_toolbox/share/slam_toolbox/cmake/SlamToolboxPluginExport.cmake
[69.347s] -- Installing: /home/elijahs04/ros2_ws/src/41068_RS1/install/slam_toolbox/share/slam_toolbox/cmake/SlamToolboxPluginExport-release.cmake
[69.347s] -- Installing: /home/elijahs04/ros2_ws/src/41068_RS1/install/slam_toolbox/share/ament_index/resource_index/rclcpp_components/slam_toolbox
[69.347s] -- Installing: /home/elijahs04/ros2_ws/src/41068_RS1/install/slam_toolbox/share/slam_toolbox/cmake/rosidl_cmake-extras.cmake
[69.347s] -- Installing: /home/elijahs04/ros2_ws/src/41068_RS1/install/slam_toolbox/share/slam_toolbox/cmake/ament_cmake_export_dependencies-extras.cmake
[69.347s] -- Installing: /home/elijahs04/ros2_ws/src/41068_RS1/install/slam_toolbox/share/slam_toolbox/cmake/ament_cmake_export_include_directories-extras.cmake
[69.347s] -- Installing: /home/elijahs04/ros2_ws/src/41068_RS1/install/slam_toolbox/share/slam_toolbox/cmake/ament_cmake_export_libraries-extras.cmake
[69.347s] -- Installing: /home/elijahs04/ros2_ws/src/41068_RS1/install/slam_toolbox/share/slam_toolbox/cmake/ament_cmake_export_targets-extras.cmake
[69.347s] -- Installing: /home/elijahs04/ros2_ws/src/41068_RS1/install/slam_toolbox/share/slam_toolbox/cmake/rosidl_cmake_export_typesupport_targets-extras.cmake
[69.348s] -- Installing: /home/elijahs04/ros2_ws/src/41068_RS1/install/slam_toolbox/share/slam_toolbox/cmake/rosidl_cmake_export_typesupport_libraries-extras.cmake
[69.348s] -- Installing: /home/elijahs04/ros2_ws/src/41068_RS1/install/slam_toolbox/share/slam_toolbox/cmake/slam_toolboxConfig.cmake
[69.348s] -- Installing: /home/elijahs04/ros2_ws/src/41068_RS1/install/slam_toolbox/share/slam_toolbox/cmake/slam_toolboxConfig-version.cmake
[69.348s] -- Installing: /home/elijahs04/ros2_ws/src/41068_RS1/install/slam_toolbox/share/slam_toolbox/package.xml
[69.348s] -- Up-to-date: /home/elijahs04/ros2_ws/src/41068_RS1/install/slam_toolbox/include/
[69.348s] -- Installing: /home/elijahs04/ros2_ws/src/41068_RS1/install/slam_toolbox/include//karto_sdk
[69.348s] -- Installing: /home/elijahs04/ros2_ws/src/41068_RS1/install/slam_toolbox/include//karto_sdk/nanoflann.hpp
[69.348s] -- Installing: /home/elijahs04/ros2_ws/src/41068_RS1/install/slam_toolbox/include//karto_sdk/Karto.h
[69.348s] -- Installing: /home/elijahs04/ros2_ws/src/41068_RS1/install/slam_toolbox/include//karto_sdk/Math.h
[69.348s] -- Installing: /home/elijahs04/ros2_ws/src/41068_RS1/install/slam_toolbox/include//karto_sdk/nanoflann_adaptors.h
[69.348s] -- Installing: /home/elijahs04/ros2_ws/src/41068_RS1/install/slam_toolbox/include//karto_sdk/Mapper.h
[69.348s] -- Installing: /home/elijahs04/ros2_ws/src/41068_RS1/install/slam_toolbox/include//karto_sdk/Types.h
[69.348s] -- Installing: /home/elijahs04/ros2_ws/src/41068_RS1/install/slam_toolbox/include//karto_sdk/Macros.h
[69.350s] Invoked command in '/home/elijahs04/ros2_ws/src/41068_RS1/build/slam_toolbox' returned '0': CMAKE_PREFIX_PATH=${CMAKE_PREFIX_PATH}:/opt/ros/humble /usr/bin/cmake --install /home/elijahs04/ros2_ws/src/41068_RS1/build/slam_toolbox
