-- The C compiler identification is GNU 11.4.0
-- The CXX compiler identification is GNU 11.4.0
-- Detecting C compiler ABI info
-- Detecting C compiler ABI info - done
-- Check for working C compiler: /usr/bin/cc - skipped
-- Detecting C compile features
-- Detecting C compile features - done
-- Detecting CXX compiler ABI info
-- Detecting CXX compiler ABI info - done
-- Check for working CXX compiler: /usr/bin/c++ - skipped
-- Detecting CXX compile features
-- Detecting CXX compile features - done
-- Found ament_cmake: 1.3.12 (/opt/ros/humble/share/ament_cmake/cmake)
-- Found Python3: /usr/bin/python3 (found version "3.10.12") found components: Interpreter 
-- Found rclcpp: 16.0.15 (/opt/ros/humble/share/rclcpp/cmake)
-- Found rosidl_generator_c: 3.1.7 (/opt/ros/humble/share/rosidl_generator_c/cmake)
-- Found rosidl_adapter: 3.1.7 (/opt/ros/humble/share/rosidl_adapter/cmake)
-- Found rosidl_generator_cpp: 3.1.7 (/opt/ros/humble/share/rosidl_generator_cpp/cmake)
-- Using all available rosidl_typesupport_c: rosidl_typesupport_fastrtps_c;rosidl_typesupport_introspection_c
-- Using all available rosidl_typesupport_cpp: rosidl_typesupport_fastrtps_cpp;rosidl_typesupport_introspection_cpp
-- Found rmw_implementation_cmake: 6.1.2 (/opt/ros/humble/share/rmw_implementation_cmake/cmake)
-- Found rmw_fastrtps_cpp: 6.2.9 (/opt/ros/humble/share/rmw_fastrtps_cpp/cmake)
-- Found OpenSSL: /usr/lib/x86_64-linux-gnu/libcrypto.so (found version "3.0.2")  
-- Found FastRTPS: /opt/ros/humble/include  
-- Using RMW implementation 'rmw_fastrtps_cpp' as default
-- Looking for pthread.h
-- Looking for pthread.h - found
-- Performing Test CMAKE_HAVE_LIBC_PTHREAD
-- Performing Test CMAKE_HAVE_LIBC_PTHREAD - Success
-- Found Threads: TRUE  
-- Found rclcpp_components: 16.0.15 (/opt/ros/humble/share/rclcpp_components/cmake)
-- Found sensor_msgs: 4.9.0 (/opt/ros/humble/share/sensor_msgs/cmake)
-- Found tf2: 0.25.16 (/opt/ros/humble/share/tf2/cmake)
-- Found tf2_ros: 0.25.16 (/opt/ros/humble/share/tf2_ros/cmake)
-- Found ament_lint_auto: 0.12.14 (/opt/ros/humble/share/ament_lint_auto/cmake)
-- Added test 'cppcheck' to perform static code analysis on C / C++ code
-- Configured cppcheck include dirs: 
-- Configured cppcheck exclude dirs and/or files: 
-- Added test 'lint_cmake' to check CMake code style
-- Added test 'uncrustify' to check C / C++ code style
-- Configured uncrustify additional arguments: 
-- Added test 'xmllint' to check XML markup files
-- Configuring done
-- Generating done
-- Build files have been written to: /home/elijahs04/ros2_ws/src/41068_RS1/build/pyrosens_core
[ 50%] Building CXX object CMakeFiles/my_component.dir/src/components/my_component.cpp.o
[ 50%] Building CXX object CMakeFiles/my_node.dir/src/nodes/my_node.cpp.o
[ 75%] Linking CXX executable my_node
[100%] Linking CXX shared library libmy_component.so
[100%] Built target my_node
[100%] Built target my_component
-- Install configuration: ""
-- Installing: /home/elijahs04/ros2_ws/src/41068_RS1/install/pyrosens_core/lib/libmy_component.so
-- Set runtime path of "/home/elijahs04/ros2_ws/src/41068_RS1/install/pyrosens_core/lib/libmy_component.so" to ""
-- Installing: /home/elijahs04/ros2_ws/src/41068_RS1/install/pyrosens_core/lib/pyrosens_core/my_node
-- Set runtime path of "/home/elijahs04/ros2_ws/src/41068_RS1/install/pyrosens_core/lib/pyrosens_core/my_node" to ""
-- Installing: /home/elijahs04/ros2_ws/src/41068_RS1/install/pyrosens_core/share/ament_index/resource_index/package_run_dependencies/pyrosens_core
-- Installing: /home/elijahs04/ros2_ws/src/41068_RS1/install/pyrosens_core/share/ament_index/resource_index/parent_prefix_path/pyrosens_core
-- Installing: /home/elijahs04/ros2_ws/src/41068_RS1/install/pyrosens_core/share/pyrosens_core/environment/ament_prefix_path.sh
-- Installing: /home/elijahs04/ros2_ws/src/41068_RS1/install/pyrosens_core/share/pyrosens_core/environment/ament_prefix_path.dsv
-- Installing: /home/elijahs04/ros2_ws/src/41068_RS1/install/pyrosens_core/share/pyrosens_core/environment/path.sh
-- Installing: /home/elijahs04/ros2_ws/src/41068_RS1/install/pyrosens_core/share/pyrosens_core/environment/path.dsv
-- Installing: /home/elijahs04/ros2_ws/src/41068_RS1/install/pyrosens_core/share/pyrosens_core/local_setup.bash
-- Installing: /home/elijahs04/ros2_ws/src/41068_RS1/install/pyrosens_core/share/pyrosens_core/local_setup.sh
-- Installing: /home/elijahs04/ros2_ws/src/41068_RS1/install/pyrosens_core/share/pyrosens_core/local_setup.zsh
-- Installing: /home/elijahs04/ros2_ws/src/41068_RS1/install/pyrosens_core/share/pyrosens_core/local_setup.dsv
-- Installing: /home/elijahs04/ros2_ws/src/41068_RS1/install/pyrosens_core/share/pyrosens_core/package.dsv
-- Installing: /home/elijahs04/ros2_ws/src/41068_RS1/install/pyrosens_core/share/ament_index/resource_index/packages/pyrosens_core
-- Installing: /home/elijahs04/ros2_ws/src/41068_RS1/install/pyrosens_core/share/ament_index/resource_index/rclcpp_components/pyrosens_core
-- Installing: /home/elijahs04/ros2_ws/src/41068_RS1/install/pyrosens_core/share/pyrosens_core/cmake/pyrosens_coreConfig.cmake
-- Installing: /home/elijahs04/ros2_ws/src/41068_RS1/install/pyrosens_core/share/pyrosens_core/cmake/pyrosens_coreConfig-version.cmake
-- Installing: /home/elijahs04/ros2_ws/src/41068_RS1/install/pyrosens_core/share/pyrosens_core/package.xml
