Determining if the function sgemm_ exists failed with the following output:
Change Dir: /home/elijahs04/ros2_ws/src/41068_RS1/build/slam_toolbox/CMakeFiles/CMakeTmp

Run Build Command(s):/usr/bin/gmake -f Makefile cmTC_8c304/fast && /usr/bin/gmake  -f CMakeFiles/cmTC_8c304.dir/build.make CMakeFiles/cmTC_8c304.dir/build
gmake[1]: Entering directory '/home/elijahs04/ros2_ws/src/41068_RS1/build/slam_toolbox/CMakeFiles/CMakeTmp'
Building C object CMakeFiles/cmTC_8c304.dir/CheckFunctionExists.c.o
/usr/bin/cc   -DCHECK_FUNCTION_EXISTS=sgemm_ -o CMakeFiles/cmTC_8c304.dir/CheckFunctionExists.c.o -c /usr/share/cmake-3.22/Modules/CheckFunctionExists.c
Linking C executable cmTC_8c304
/usr/bin/cmake -E cmake_link_script CMakeFiles/cmTC_8c304.dir/link.txt --verbose=1
/usr/bin/cc  -DCHECK_FUNCTION_EXISTS=sgemm_ CMakeFiles/cmTC_8c304.dir/CheckFunctionExists.c.o -o cmTC_8c304 
/usr/bin/ld: CMakeFiles/cmTC_8c304.dir/CheckFunctionExists.c.o: in function `main':
CheckFunctionExists.c:(.text+0x14): undefined reference to `sgemm_'
collect2: error: ld returned 1 exit status
gmake[1]: *** [CMakeFiles/cmTC_8c304.dir/build.make:99: cmTC_8c304] Error 1
gmake[1]: Leaving directory '/home/elijahs04/ros2_ws/src/41068_RS1/build/slam_toolbox/CMakeFiles/CMakeTmp'
gmake: *** [Makefile:127: cmTC_8c304/fast] Error 2



Determining if the function cheev_ exists failed with the following output:
Change Dir: /home/elijahs04/ros2_ws/src/41068_RS1/build/slam_toolbox/CMakeFiles/CMakeTmp

Run Build Command(s):/usr/bin/gmake -f Makefile cmTC_9496d/fast && /usr/bin/gmake  -f CMakeFiles/cmTC_9496d.dir/build.make CMakeFiles/cmTC_9496d.dir/build
gmake[1]: Entering directory '/home/elijahs04/ros2_ws/src/41068_RS1/build/slam_toolbox/CMakeFiles/CMakeTmp'
Building C object CMakeFiles/cmTC_9496d.dir/CheckFunctionExists.c.o
/usr/bin/cc   -DCHECK_FUNCTION_EXISTS=cheev_ -o CMakeFiles/cmTC_9496d.dir/CheckFunctionExists.c.o -c /usr/share/cmake-3.22/Modules/CheckFunctionExists.c
Linking C executable cmTC_9496d
/usr/bin/cmake -E cmake_link_script CMakeFiles/cmTC_9496d.dir/link.txt --verbose=1
/usr/bin/cc  -DCHECK_FUNCTION_EXISTS=cheev_ CMakeFiles/cmTC_9496d.dir/CheckFunctionExists.c.o -o cmTC_9496d  /usr/lib/x86_64-linux-gnu/libblas.so -lm -ldl 
/usr/bin/ld: CMakeFiles/cmTC_9496d.dir/CheckFunctionExists.c.o: in function `main':
CheckFunctionExists.c:(.text+0x14): undefined reference to `cheev_'
collect2: error: ld returned 1 exit status
gmake[1]: *** [CMakeFiles/cmTC_9496d.dir/build.make:100: cmTC_9496d] Error 1
gmake[1]: Leaving directory '/home/elijahs04/ros2_ws/src/41068_RS1/build/slam_toolbox/CMakeFiles/CMakeTmp'
gmake: *** [Makefile:127: cmTC_9496d/fast] Error 2



Determining if the function cheev_ exists failed with the following output:
Change Dir: /home/elijahs04/ros2_ws/src/41068_RS1/build/slam_toolbox/CMakeFiles/CMakeTmp

Run Build Command(s):/usr/bin/gmake -f Makefile cmTC_fdf51/fast && /usr/bin/gmake  -f CMakeFiles/cmTC_fdf51.dir/build.make CMakeFiles/cmTC_fdf51.dir/build
gmake[1]: Entering directory '/home/elijahs04/ros2_ws/src/41068_RS1/build/slam_toolbox/CMakeFiles/CMakeTmp'
Building C object CMakeFiles/cmTC_fdf51.dir/CheckFunctionExists.c.o
/usr/bin/cc   -DCHECK_FUNCTION_EXISTS=cheev_ -o CMakeFiles/cmTC_fdf51.dir/CheckFunctionExists.c.o -c /usr/share/cmake-3.22/Modules/CheckFunctionExists.c
Linking C executable cmTC_fdf51
/usr/bin/cmake -E cmake_link_script CMakeFiles/cmTC_fdf51.dir/link.txt --verbose=1
/usr/bin/cc  -DCHECK_FUNCTION_EXISTS=cheev_ CMakeFiles/cmTC_fdf51.dir/CheckFunctionExists.c.o -o cmTC_fdf51  /usr/lib/x86_64-linux-gnu/liblapack.so /usr/lib/x86_64-linux-gnu/libblas.so -fortranlibs 
cc: error: unrecognized command-line option ‘-fortranlibs’
gmake[1]: *** [CMakeFiles/cmTC_fdf51.dir/build.make:101: cmTC_fdf51] Error 1
gmake[1]: Leaving directory '/home/elijahs04/ros2_ws/src/41068_RS1/build/slam_toolbox/CMakeFiles/CMakeTmp'
gmake: *** [Makefile:127: cmTC_fdf51/fast] Error 2



