-- The C compiler identification is GNU 11.4.0
-- The CXX compiler identification is GNU 11.4.0
-- Detecting C compiler ABI info
-- Detecting C compiler ABI info - done
-- Check for working C compiler: /usr/bin/cc - skipped
-- Detecting C compile features
-- Detecting C compile features - done
-- Detecting CXX compiler ABI info
-- Detecting CXX compiler ABI info - done
-- Check for working CXX compiler: /usr/bin/c++ - skipped
-- Detecting CXX compile features
-- Detecting CXX compile features - done
-- Found ament_cmake: 1.3.12 (/opt/ros/humble/share/ament_cmake/cmake)
-- Found Python3: /usr/bin/python3 (found version "3.10.12") found components: Interpreter 
-- Found rclcpp: 16.0.15 (/opt/ros/humble/share/rclcpp/cmake)
-- Found rosidl_generator_c: 3.1.7 (/opt/ros/humble/share/rosidl_generator_c/cmake)
-- Found rosidl_adapter: 3.1.7 (/opt/ros/humble/share/rosidl_adapter/cmake)
-- Found rosidl_generator_cpp: 3.1.7 (/opt/ros/humble/share/rosidl_generator_cpp/cmake)
-- Using all available rosidl_typesupport_c: rosidl_typesupport_fastrtps_c;rosidl_typesupport_introspection_c
-- Using all available rosidl_typesupport_cpp: rosidl_typesupport_fastrtps_cpp;rosidl_typesupport_introspection_cpp
-- Found rmw_implementation_cmake: 6.1.2 (/opt/ros/humble/share/rmw_implementation_cmake/cmake)
-- Found rmw_fastrtps_cpp: 6.2.9 (/opt/ros/humble/share/rmw_fastrtps_cpp/cmake)
-- Found OpenSSL: /usr/lib/x86_64-linux-gnu/libcrypto.so (found version "3.0.2")  
-- Found FastRTPS: /opt/ros/humble/include  
-- Using RMW implementation 'rmw_fastrtps_cpp' as default
-- Looking for pthread.h
-- Looking for pthread.h - found
-- Performing Test CMAKE_HAVE_LIBC_PTHREAD
-- Performing Test CMAKE_HAVE_LIBC_PTHREAD - Success
-- Found Threads: TRUE  
-- Found sensor_msgs: 4.9.0 (/opt/ros/humble/share/sensor_msgs/cmake)
-- Found nav_msgs: 4.9.0 (/opt/ros/humble/share/nav_msgs/cmake)
-- Found visualization_msgs: 4.9.0 (/opt/ros/humble/share/visualization_msgs/cmake)
-- Found tf2: 0.25.16 (/opt/ros/humble/share/tf2/cmake)
-- Found tf2_ros: 0.25.16 (/opt/ros/humble/share/tf2_ros/cmake)
-- Found nav2_msgs: 1.1.19 (/opt/ros/humble/share/nav2_msgs/cmake)
-- Found std_srvs: 4.9.0 (/opt/ros/humble/share/std_srvs/cmake)
-- Configuring done
-- Generating done
-- Build files have been written to: /home/elijahs04/ros2_ws/src/41068_RS1/build/pyrosens_mission
[  2%] Building CXX object CMakeFiles/goals_lib.dir/src/goals.cpp.o
[  4%] Building CXX object CMakeFiles/thermalSim_lib.dir/src/thermalSimNode.cpp.o
[  6%] Building CXX object CMakeFiles/mission_core_lib.dir/src/mission.cpp.o
[  9%] Building CXX object CMakeFiles/thermInterpolation_lib.dir/src/thermInterpolationNode.cpp.o
[ 11%] Building CXX object CMakeFiles/windInterpolation_lib.dir/src/windInterpolationNode.cpp.o
[ 13%] Building CXX object CMakeFiles/windSensor_lib.dir/src/windSensNode.cpp.o
[ 15%] Building CXX object CMakeFiles/thermSens_lib.dir/src/thermSensNode.cpp.o
[ 18%] Building CXX object CMakeFiles/windSim_lib.dir/src/windSimNode.cpp.o
[ 20%] Building CXX object CMakeFiles/mission_cmd_bridge.dir/src/mission_cmd_bridge.cpp.o
[ 22%] Linking CXX static library libwindSim_lib.a
[ 22%] Built target windSim_lib
[ 25%] Building CXX object CMakeFiles/main_windSim.dir/mains/main_windSim.cpp.o
[ 27%] Linking CXX static library libthermalSim_lib.a
[ 29%] Linking CXX static library libthermSens_lib.a
[ 29%] Built target thermSens_lib
[ 29%] Built target thermalSim_lib
[ 36%] Building CXX object CMakeFiles/main_thermSens.dir/mains/main_thermSens.cpp.o
[ 36%] Building CXX object CMakeFiles/main_thermalSim.dir/mains/main_thermalSim.cpp.o
[ 36%] Building CXX object CMakeFiles/main_sim.dir/mains/main_sim.cpp.o
[ 38%] Linking CXX static library libgoals_lib.a
[ 38%] Built target goals_lib
[ 40%] Building CXX object CMakeFiles/main_goals.dir/mains/main_goals.cpp.o
[ 43%] Linking CXX executable main_windSim
[ 43%] Built target main_windSim
[ 45%] Linking CXX executable main_thermalSim
[ 45%] Built target main_thermalSim
[ 47%] Linking CXX executable mission_cmd_bridge
[ 50%] Linking CXX static library libwindSensor_lib.a
[ 52%] Linking CXX executable main_thermSens
[ 52%] Built target windSensor_lib
[ 54%] Building CXX object CMakeFiles/main_windSens.dir/mains/main_windSens.cpp.o
[ 54%] Built target main_thermSens
[ 56%] Linking CXX executable main_goals
[ 56%] Built target mission_cmd_bridge
[ 59%] Linking CXX executable main_sim
[ 59%] Built target main_goals
[ 59%] Built target main_sim
[ 61%] Linking CXX executable main_windSens
[ 63%] Linking CXX static library libthermInterpolation_lib.a
[ 63%] Built target main_windSens
[ 63%] Built target thermInterpolation_lib
[ 65%] Building CXX object CMakeFiles/main_thermal.dir/mains/main_thermal.cpp.o
[ 68%] Building CXX object CMakeFiles/main_thermInterpolation.dir/mains/main_thermInterpolation.cpp.o
[ 70%] Linking CXX executable main_thermInterpolation
[ 72%] Linking CXX static library libwindInterpolation_lib.a
[ 75%] Linking CXX executable main_thermal
[ 75%] Built target windInterpolation_lib
[ 77%] Building CXX object CMakeFiles/main_windInterpolation.dir/mains/main_windInterpolation.cpp.o
[ 79%] Building CXX object CMakeFiles/main_perception.dir/mains/main_perception.cpp.o
[ 81%] Building CXX object CMakeFiles/main_wind.dir/mains/main_wind.cpp.o
[ 84%] Building CXX object CMakeFiles/main_interpolation.dir/mains/main_interpolation.cpp.o
[ 84%] Built target main_thermInterpolation
[ 84%] Built target main_thermal
[ 86%] Linking CXX static library libmission_core_lib.a
[ 86%] Built target mission_core_lib
[ 88%] Building CXX object CMakeFiles/main_mission.dir/mains/main_mission.cpp.o
[ 90%] Linking CXX executable main_windInterpolation
[ 93%] Linking CXX executable main_wind
[ 95%] Linking CXX executable main_interpolation
[ 97%] Linking CXX executable main_perception
[ 97%] Built target main_windInterpolation
[ 97%] Built target main_wind
[ 97%] Built target main_interpolation
[ 97%] Built target main_perception
[100%] Linking CXX executable main_mission
[100%] Built target main_mission
-- Install configuration: ""
-- Installing: /home/elijahs04/ros2_ws/src/41068_RS1/install/pyrosens_mission/lib/libthermSens_lib.a
-- Installing: /home/elijahs04/ros2_ws/src/41068_RS1/install/pyrosens_mission/lib/libthermInterpolation_lib.a
-- Installing: /home/elijahs04/ros2_ws/src/41068_RS1/install/pyrosens_mission/lib/libthermalSim_lib.a
-- Installing: /home/elijahs04/ros2_ws/src/41068_RS1/install/pyrosens_mission/lib/libwindSensor_lib.a
-- Installing: /home/elijahs04/ros2_ws/src/41068_RS1/install/pyrosens_mission/lib/libwindInterpolation_lib.a
-- Installing: /home/elijahs04/ros2_ws/src/41068_RS1/install/pyrosens_mission/lib/libwindSim_lib.a
-- Installing: /home/elijahs04/ros2_ws/src/41068_RS1/install/pyrosens_mission/lib/libgoals_lib.a
-- Installing: /home/elijahs04/ros2_ws/src/41068_RS1/install/pyrosens_mission/lib/pyrosens_mission/main_goals
-- Set runtime path of "/home/elijahs04/ros2_ws/src/41068_RS1/install/pyrosens_mission/lib/pyrosens_mission/main_goals" to ""
-- Installing: /home/elijahs04/ros2_ws/src/41068_RS1/install/pyrosens_mission/lib/pyrosens_mission/main_thermal
-- Set runtime path of "/home/elijahs04/ros2_ws/src/41068_RS1/install/pyrosens_mission/lib/pyrosens_mission/main_thermal" to ""
-- Installing: /home/elijahs04/ros2_ws/src/41068_RS1/install/pyrosens_mission/lib/pyrosens_mission/main_wind
-- Set runtime path of "/home/elijahs04/ros2_ws/src/41068_RS1/install/pyrosens_mission/lib/pyrosens_mission/main_wind" to ""
-- Installing: /home/elijahs04/ros2_ws/src/41068_RS1/install/pyrosens_mission/lib/pyrosens_mission/main_interpolation
-- Set runtime path of "/home/elijahs04/ros2_ws/src/41068_RS1/install/pyrosens_mission/lib/pyrosens_mission/main_interpolation" to ""
-- Installing: /home/elijahs04/ros2_ws/src/41068_RS1/install/pyrosens_mission/lib/pyrosens_mission/main_perception
-- Set runtime path of "/home/elijahs04/ros2_ws/src/41068_RS1/install/pyrosens_mission/lib/pyrosens_mission/main_perception" to ""
-- Installing: /home/elijahs04/ros2_ws/src/41068_RS1/install/pyrosens_mission/lib/pyrosens_mission/main_sim
-- Set runtime path of "/home/elijahs04/ros2_ws/src/41068_RS1/install/pyrosens_mission/lib/pyrosens_mission/main_sim" to ""
-- Installing: /home/elijahs04/ros2_ws/src/41068_RS1/install/pyrosens_mission/lib/pyrosens_mission/main_thermSens
-- Set runtime path of "/home/elijahs04/ros2_ws/src/41068_RS1/install/pyrosens_mission/lib/pyrosens_mission/main_thermSens" to ""
-- Installing: /home/elijahs04/ros2_ws/src/41068_RS1/install/pyrosens_mission/lib/pyrosens_mission/main_thermInterpolation
-- Set runtime path of "/home/elijahs04/ros2_ws/src/41068_RS1/install/pyrosens_mission/lib/pyrosens_mission/main_thermInterpolation" to ""
-- Installing: /home/elijahs04/ros2_ws/src/41068_RS1/install/pyrosens_mission/lib/pyrosens_mission/main_windSens
-- Set runtime path of "/home/elijahs04/ros2_ws/src/41068_RS1/install/pyrosens_mission/lib/pyrosens_mission/main_windSens" to ""
-- Installing: /home/elijahs04/ros2_ws/src/41068_RS1/install/pyrosens_mission/lib/pyrosens_mission/main_windInterpolation
-- Set runtime path of "/home/elijahs04/ros2_ws/src/41068_RS1/install/pyrosens_mission/lib/pyrosens_mission/main_windInterpolation" to ""
-- Installing: /home/elijahs04/ros2_ws/src/41068_RS1/install/pyrosens_mission/lib/pyrosens_mission/main_thermalSim
-- Set runtime path of "/home/elijahs04/ros2_ws/src/41068_RS1/install/pyrosens_mission/lib/pyrosens_mission/main_thermalSim" to ""
-- Installing: /home/elijahs04/ros2_ws/src/41068_RS1/install/pyrosens_mission/lib/pyrosens_mission/main_windSim
-- Set runtime path of "/home/elijahs04/ros2_ws/src/41068_RS1/install/pyrosens_mission/lib/pyrosens_mission/main_windSim" to ""
-- Installing: /home/elijahs04/ros2_ws/src/41068_RS1/install/pyrosens_mission/lib/libmission_core_lib.a
-- Installing: /home/elijahs04/ros2_ws/src/41068_RS1/install/pyrosens_mission/lib/pyrosens_mission/main_mission
-- Set runtime path of "/home/elijahs04/ros2_ws/src/41068_RS1/install/pyrosens_mission/lib/pyrosens_mission/main_mission" to ""
-- Installing: /home/elijahs04/ros2_ws/src/41068_RS1/install/pyrosens_mission/lib/pyrosens_mission/mission_cmd_bridge
-- Set runtime path of "/home/elijahs04/ros2_ws/src/41068_RS1/install/pyrosens_mission/lib/pyrosens_mission/mission_cmd_bridge" to ""
-- Installing: /home/elijahs04/ros2_ws/src/41068_RS1/install/pyrosens_mission/include
-- Installing: /home/elijahs04/ros2_ws/src/41068_RS1/install/pyrosens_mission/include/wind_pyrosens
-- Installing: /home/elijahs04/ros2_ws/src/41068_RS1/install/pyrosens_mission/include/wind_pyrosens/windInterpolationNode.hpp
-- Installing: /home/elijahs04/ros2_ws/src/41068_RS1/install/pyrosens_mission/include/wind_pyrosens/windSensNode.hpp
-- Installing: /home/elijahs04/ros2_ws/src/41068_RS1/install/pyrosens_mission/include/wind_pyrosens/windSimNode.hpp
-- Installing: /home/elijahs04/ros2_ws/src/41068_RS1/install/pyrosens_mission/include/mission_pyrosens
-- Installing: /home/elijahs04/ros2_ws/src/41068_RS1/install/pyrosens_mission/include/mission_pyrosens/mission.hpp
-- Installing: /home/elijahs04/ros2_ws/src/41068_RS1/install/pyrosens_mission/include/goals_pyrosens
-- Installing: /home/elijahs04/ros2_ws/src/41068_RS1/install/pyrosens_mission/include/goals_pyrosens/goals.hpp
-- Installing: /home/elijahs04/ros2_ws/src/41068_RS1/install/pyrosens_mission/include/thermal_pyrosens
-- Installing: /home/elijahs04/ros2_ws/src/41068_RS1/install/pyrosens_mission/include/thermal_pyrosens/thermalSimNode.hpp
-- Installing: /home/elijahs04/ros2_ws/src/41068_RS1/install/pyrosens_mission/include/thermal_pyrosens/thermInterpolationNode.hpp
-- Installing: /home/elijahs04/ros2_ws/src/41068_RS1/install/pyrosens_mission/include/thermal_pyrosens/thermSensNode.hpp
-- Installing: /home/elijahs04/ros2_ws/src/41068_RS1/install/pyrosens_mission/share/pyrosens_mission/config
-- Installing: /home/elijahs04/ros2_ws/src/41068_RS1/install/pyrosens_mission/share/pyrosens_mission/config/nav2_params.yaml
-- Installing: /home/elijahs04/ros2_ws/src/41068_RS1/install/pyrosens_mission/share/pyrosens_mission/config/mission_params.yaml
-- Installing: /home/elijahs04/ros2_ws/src/41068_RS1/install/pyrosens_mission/share/pyrosens_mission/maps
-- Installing: /home/elijahs04/ros2_ws/src/41068_RS1/install/pyrosens_mission/share/pyrosens_mission/maps/test_map.pgm
-- Installing: /home/elijahs04/ros2_ws/src/41068_RS1/install/pyrosens_mission/share/pyrosens_mission/maps/test_map.yaml
-- Installing: /home/elijahs04/ros2_ws/src/41068_RS1/install/pyrosens_mission/share/pyrosens_mission/launch
-- Installing: /home/elijahs04/ros2_ws/src/41068_RS1/install/pyrosens_mission/share/pyrosens_mission/launch/pyrosens_system.launch.py
-- Installing: /home/elijahs04/ros2_ws/src/41068_RS1/install/pyrosens_mission/share/pyrosens_mission/launch/mission_proxy_with_nav2.launch.py
-- Installing: /home/elijahs04/ros2_ws/src/41068_RS1/install/pyrosens_mission/share/pyrosens_mission/rviz
-- Installing: /home/elijahs04/ros2_ws/src/41068_RS1/install/pyrosens_mission/share/pyrosens_mission/rviz/Heatmap.rviz
-- Installing: /home/elijahs04/ros2_ws/src/41068_RS1/install/pyrosens_mission/share/pyrosens_mission/rviz/WindMarkerArray.rviz
-- Installing: /home/elijahs04/ros2_ws/src/41068_RS1/install/pyrosens_mission/share/ament_index/resource_index/package_run_dependencies/pyrosens_mission
-- Installing: /home/elijahs04/ros2_ws/src/41068_RS1/install/pyrosens_mission/share/ament_index/resource_index/parent_prefix_path/pyrosens_mission
-- Installing: /home/elijahs04/ros2_ws/src/41068_RS1/install/pyrosens_mission/share/pyrosens_mission/environment/ament_prefix_path.sh
-- Installing: /home/elijahs04/ros2_ws/src/41068_RS1/install/pyrosens_mission/share/pyrosens_mission/environment/ament_prefix_path.dsv
-- Installing: /home/elijahs04/ros2_ws/src/41068_RS1/install/pyrosens_mission/share/pyrosens_mission/environment/path.sh
-- Installing: /home/elijahs04/ros2_ws/src/41068_RS1/install/pyrosens_mission/share/pyrosens_mission/environment/path.dsv
-- Installing: /home/elijahs04/ros2_ws/src/41068_RS1/install/pyrosens_mission/share/pyrosens_mission/local_setup.bash
-- Installing: /home/elijahs04/ros2_ws/src/41068_RS1/install/pyrosens_mission/share/pyrosens_mission/local_setup.sh
-- Installing: /home/elijahs04/ros2_ws/src/41068_RS1/install/pyrosens_mission/share/pyrosens_mission/local_setup.zsh
-- Installing: /home/elijahs04/ros2_ws/src/41068_RS1/install/pyrosens_mission/share/pyrosens_mission/local_setup.dsv
-- Installing: /home/elijahs04/ros2_ws/src/41068_RS1/install/pyrosens_mission/share/pyrosens_mission/package.dsv
-- Installing: /home/elijahs04/ros2_ws/src/41068_RS1/install/pyrosens_mission/share/ament_index/resource_index/packages/pyrosens_mission
-- Installing: /home/elijahs04/ros2_ws/src/41068_RS1/install/pyrosens_mission/share/pyrosens_mission/cmake/pyrosens_missionConfig.cmake
-- Installing: /home/elijahs04/ros2_ws/src/41068_RS1/install/pyrosens_mission/share/pyrosens_mission/cmake/pyrosens_missionConfig-version.cmake
-- Installing: /home/elijahs04/ros2_ws/src/41068_RS1/install/pyrosens_mission/share/pyrosens_mission/package.xml
