[0mCMake Error: The current CMakeCache.txt directory /home/elijahs04/ros2_ws/src/41068_RS1/build/41068_ignition_bringup/CMakeCache.txt is different than the directory /home/elijahs04/git/41068_RS1/build/41068_ignition_bringup where CMakeCache.txt was created. This may result in binaries being created in the wrong place. If you are not sure, reedit the CMakeCache.txt[0m
-- Found ament_cmake: 1.3.12 (/opt/ros/humble/share/ament_cmake/cmake)
-- Found ros_ign_interfaces: 0.244.20 (/opt/ros/humble/share/ros_ign_interfaces/cmake)
-- Found rosidl_generator_c: 3.1.7 (/opt/ros/humble/share/rosidl_generator_c/cmake)
-- Found rosidl_adapter: 3.1.7 (/opt/ros/humble/share/rosidl_adapter/cmake)
-- Found rosidl_generator_cpp: 3.1.7 (/opt/ros/humble/share/rosidl_generator_cpp/cmake)
-- Using all available rosidl_typesupport_c: rosidl_typesupport_fastrtps_c;rosidl_typesupport_introspection_c
-- Using all available rosidl_typesupport_cpp: rosidl_typesupport_fastrtps_cpp;rosidl_typesupport_introspection_cpp
-- Found ament_lint_auto: 0.12.14 (/opt/ros/humble/share/ament_lint_auto/cmake)
WARNING: Package name "41068_ignition_bringup" does not follow the naming conventions. It should start with a lower case letter and only contain lower case letters, digits, underscores, and dashes.
-- Added test 'copyright' to check source files copyright and LICENSE
-- Added test 'flake8' to check Python code syntax and style conventions
-- Added test 'lint_cmake' to check CMake code style
-- Added test 'pep257' to check Python code against some of the docstring style conventions in PEP 257
-- Added test 'xmllint' to check XML markup files
-- Configuring done
-- Generating done
-- Build files have been written to: /home/elijahs04/git/41068_RS1/build/41068_ignition_bringup
-- Install configuration: ""
-- Up-to-date: /home/elijahs04/git/41068_RS1/install/41068_ignition_bringup/share/41068_ignition_bringup/config
-- Up-to-date: /home/elijahs04/git/41068_RS1/install/41068_ignition_bringup/share/41068_ignition_bringup/config/robot_localization.yaml
-- Up-to-date: /home/elijahs04/git/41068_RS1/install/41068_ignition_bringup/share/41068_ignition_bringup/config/slam_params.yaml
-- Up-to-date: /home/elijahs04/git/41068_RS1/install/41068_ignition_bringup/share/41068_ignition_bringup/config/nav2_params.yaml
-- Up-to-date: /home/elijahs04/git/41068_RS1/install/41068_ignition_bringup/share/41068_ignition_bringup/config/gazebo_bridge.yaml
-- Up-to-date: /home/elijahs04/git/41068_RS1/install/41068_ignition_bringup/share/41068_ignition_bringup/config/41068.rviz
-- Up-to-date: /home/elijahs04/git/41068_RS1/install/41068_ignition_bringup/share/41068_ignition_bringup/launch
-- Up-to-date: /home/elijahs04/git/41068_RS1/install/41068_ignition_bringup/share/41068_ignition_bringup/launch/41068_ignition.launch.py
-- Up-to-date: /home/elijahs04/git/41068_RS1/install/41068_ignition_bringup/share/41068_ignition_bringup/launch/41068_navigation.launch.py
-- Up-to-date: /home/elijahs04/git/41068_RS1/install/41068_ignition_bringup/share/41068_ignition_bringup/launch/__pycache__
-- Up-to-date: /home/elijahs04/git/41068_RS1/install/41068_ignition_bringup/share/41068_ignition_bringup/launch/__pycache__/41068_ignition.launch.cpython-310.pyc
-- Up-to-date: /home/elijahs04/git/41068_RS1/install/41068_ignition_bringup/share/41068_ignition_bringup/models
-- Up-to-date: /home/elijahs04/git/41068_RS1/install/41068_ignition_bringup/share/41068_ignition_bringup/models/forest_plane
-- Up-to-date: /home/elijahs04/git/41068_RS1/install/41068_ignition_bringup/share/41068_ignition_bringup/models/forest_plane/model.sdf
-- Up-to-date: /home/elijahs04/git/41068_RS1/install/41068_ignition_bringup/share/41068_ignition_bringup/models/forest_plane/materials
-- Up-to-date: /home/elijahs04/git/41068_RS1/install/41068_ignition_bringup/share/41068_ignition_bringup/models/forest_plane/materials/textures
-- Up-to-date: /home/elijahs04/git/41068_RS1/install/41068_ignition_bringup/share/41068_ignition_bringup/models/forest_plane/materials/textures/forest_overhead.png
-- Up-to-date: /home/elijahs04/git/41068_RS1/install/41068_ignition_bringup/share/41068_ignition_bringup/models/forest_plane/materials/textures/leaf_litter.png
-- Up-to-date: /home/elijahs04/git/41068_RS1/install/41068_ignition_bringup/share/41068_ignition_bringup/models/forest_plane/materials/textures/empty_grass.png
-- Up-to-date: /home/elijahs04/git/41068_RS1/install/41068_ignition_bringup/share/41068_ignition_bringup/models/forest_plane/model.config
-- Up-to-date: /home/elijahs04/git/41068_RS1/install/41068_ignition_bringup/share/41068_ignition_bringup/models/grass_plane
-- Up-to-date: /home/elijahs04/git/41068_RS1/install/41068_ignition_bringup/share/41068_ignition_bringup/models/grass_plane/model.sdf
-- Up-to-date: /home/elijahs04/git/41068_RS1/install/41068_ignition_bringup/share/41068_ignition_bringup/models/grass_plane/materials
-- Up-to-date: /home/elijahs04/git/41068_RS1/install/41068_ignition_bringup/share/41068_ignition_bringup/models/grass_plane/materials/textures
-- Up-to-date: /home/elijahs04/git/41068_RS1/install/41068_ignition_bringup/share/41068_ignition_bringup/models/grass_plane/materials/textures/empty_grass.png
-- Up-to-date: /home/elijahs04/git/41068_RS1/install/41068_ignition_bringup/share/41068_ignition_bringup/models/grass_plane/model.config
-- Up-to-date: /home/elijahs04/git/41068_RS1/install/41068_ignition_bringup/share/41068_ignition_bringup/models/forest_wall
-- Up-to-date: /home/elijahs04/git/41068_RS1/install/41068_ignition_bringup/share/41068_ignition_bringup/models/forest_wall/model.sdf
-- Up-to-date: /home/elijahs04/git/41068_RS1/install/41068_ignition_bringup/share/41068_ignition_bringup/models/forest_wall/materials
-- Up-to-date: /home/elijahs04/git/41068_RS1/install/41068_ignition_bringup/share/41068_ignition_bringup/models/forest_wall/materials/textures
-- Up-to-date: /home/elijahs04/git/41068_RS1/install/41068_ignition_bringup/share/41068_ignition_bringup/models/forest_wall/materials/textures/forest_wall_transparent.png
-- Up-to-date: /home/elijahs04/git/41068_RS1/install/41068_ignition_bringup/share/41068_ignition_bringup/models/forest_wall/materials/textures/forest_wall.png
-- Up-to-date: /home/elijahs04/git/41068_RS1/install/41068_ignition_bringup/share/41068_ignition_bringup/models/forest_wall/materials/textures/forest_wall_transparent_small.png
-- Up-to-date: /home/elijahs04/git/41068_RS1/install/41068_ignition_bringup/share/41068_ignition_bringup/models/forest_wall/model.config
-- Up-to-date: /home/elijahs04/git/41068_RS1/install/41068_ignition_bringup/share/41068_ignition_bringup/urdf
-- Up-to-date: /home/elijahs04/git/41068_RS1/install/41068_ignition_bringup/share/41068_ignition_bringup/urdf/meshes
-- Up-to-date: /home/elijahs04/git/41068_RS1/install/41068_ignition_bringup/share/41068_ignition_bringup/urdf/meshes/jpl04_arch_nosensor.stl
-- Up-to-date: /home/elijahs04/git/41068_RS1/install/41068_ignition_bringup/share/41068_ignition_bringup/urdf/meshes/top_chassis.dae
-- Up-to-date: /home/elijahs04/git/41068_RS1/install/41068_ignition_bringup/share/41068_ignition_bringup/urdf/meshes/wheel.dae
-- Up-to-date: /home/elijahs04/git/41068_RS1/install/41068_ignition_bringup/share/41068_ignition_bringup/urdf/meshes/bumper.dae
-- Up-to-date: /home/elijahs04/git/41068_RS1/install/41068_ignition_bringup/share/41068_ignition_bringup/urdf/meshes/base_link.dae
-- Up-to-date: /home/elijahs04/git/41068_RS1/install/41068_ignition_bringup/share/41068_ignition_bringup/urdf/meshes/top_plate.dae
-- Up-to-date: /home/elijahs04/git/41068_RS1/install/41068_ignition_bringup/share/41068_ignition_bringup/urdf/common_properties.urdf.xacro
-- Up-to-date: /home/elijahs04/git/41068_RS1/install/41068_ignition_bringup/share/41068_ignition_bringup/urdf/husky.urdf.xacro
-- Up-to-date: /home/elijahs04/git/41068_RS1/install/41068_ignition_bringup/share/41068_ignition_bringup/urdf/wheel.urdf.xacro
-- Up-to-date: /home/elijahs04/git/41068_RS1/install/41068_ignition_bringup/share/41068_ignition_bringup/urdf/husky.gazebo.xacro
-- Up-to-date: /home/elijahs04/git/41068_RS1/install/41068_ignition_bringup/share/41068_ignition_bringup/worlds
-- Up-to-date: /home/elijahs04/git/41068_RS1/install/41068_ignition_bringup/share/41068_ignition_bringup/worlds/simple_trees.sdf
-- Up-to-date: /home/elijahs04/git/41068_RS1/install/41068_ignition_bringup/share/41068_ignition_bringup/worlds/large_demo.sdf
-- Up-to-date: /home/elijahs04/git/41068_RS1/install/41068_ignition_bringup/share/ament_index/resource_index/package_run_dependencies/41068_ignition_bringup
-- Installing: /home/elijahs04/git/41068_RS1/install/41068_ignition_bringup/share/ament_index/resource_index/parent_prefix_path/41068_ignition_bringup
-- Up-to-date: /home/elijahs04/git/41068_RS1/install/41068_ignition_bringup/share/41068_ignition_bringup/environment/ament_prefix_path.sh
-- Installing: /home/elijahs04/git/41068_RS1/install/41068_ignition_bringup/share/41068_ignition_bringup/environment/ament_prefix_path.dsv
-- Up-to-date: /home/elijahs04/git/41068_RS1/install/41068_ignition_bringup/share/41068_ignition_bringup/environment/path.sh
-- Installing: /home/elijahs04/git/41068_RS1/install/41068_ignition_bringup/share/41068_ignition_bringup/environment/path.dsv
-- Up-to-date: /home/elijahs04/git/41068_RS1/install/41068_ignition_bringup/share/41068_ignition_bringup/local_setup.bash
-- Up-to-date: /home/elijahs04/git/41068_RS1/install/41068_ignition_bringup/share/41068_ignition_bringup/local_setup.sh
-- Up-to-date: /home/elijahs04/git/41068_RS1/install/41068_ignition_bringup/share/41068_ignition_bringup/local_setup.zsh
-- Installing: /home/elijahs04/git/41068_RS1/install/41068_ignition_bringup/share/41068_ignition_bringup/local_setup.dsv
-- Installing: /home/elijahs04/git/41068_RS1/install/41068_ignition_bringup/share/41068_ignition_bringup/package.dsv
-- Up-to-date: /home/elijahs04/git/41068_RS1/install/41068_ignition_bringup/share/ament_index/resource_index/packages/41068_ignition_bringup
-- Up-to-date: /home/elijahs04/git/41068_RS1/install/41068_ignition_bringup/share/41068_ignition_bringup/cmake/41068_ignition_bringupConfig.cmake
-- Up-to-date: /home/elijahs04/git/41068_RS1/install/41068_ignition_bringup/share/41068_ignition_bringup/cmake/41068_ignition_bringupConfig-version.cmake
-- Up-to-date: /home/elijahs04/git/41068_RS1/install/41068_ignition_bringup/share/41068_ignition_bringup/package.xml
