[0.000000] (-) TimerEvent: {}
[0.000143] (-) JobUnselected: {'identifier': '41068_ignition_bringup'}
[0.000437] (-) JobUnselected: {'identifier': 'pyrosens'}
[0.000478] (-) JobUnselected: {'identifier': 'pyrosens_bringup'}
[0.000566] (-) JobUnselected: {'identifier': 'pyrosens_gui'}
[0.000634] (-) JobUnselected: {'identifier': 'pyrosens_heat'}
[0.000653] (-) JobUnselected: {'identifier': 'pyrosens_mission'}
[0.000680] (-) JobUnselected: {'identifier': 'pyrosens_movement'}
[0.000750] (-) JobUnselected: {'identifier': 'pyrosens_progress'}
[0.000767] (-) JobUnselected: {'identifier': 'pyrosens_world'}
[0.000785] (-) JobUnselected: {'identifier': 'systemDev'}
[0.000801] (-) JobUnselected: {'identifier': 'testing_ground'}
[0.000818] (-) JobUnselected: {'identifier': 'thermal_pyrosens'}
[0.000844] (-) JobUnselected: {'identifier': 'thermal_pyrosens'}
[0.000867] (-) JobUnselected: {'identifier': 'thermal_pyrosens'}
[0.000912] (-) JobUnselected: {'identifier': 'wind_pyrosens'}
[0.000935] (pyrosens_core) JobQueued: {'identifier': 'pyrosens_core', 'dependencies': OrderedDict()}
[0.000958] (pyrosens_core) JobStarted: {'identifier': 'pyrosens_core'}
[0.099887] (-) TimerEvent: {}
[0.200145] (-) TimerEvent: {}
[0.300431] (-) TimerEvent: {}
[0.400675] (-) TimerEvent: {}
[0.500925] (-) TimerEvent: {}
[0.601226] (-) TimerEvent: {}
[0.701669] (-) TimerEvent: {}
[0.801870] (-) TimerEvent: {}
[0.902110] (-) TimerEvent: {}
[1.002313] (-) TimerEvent: {}
[1.102498] (-) TimerEvent: {}
[1.202750] (-) TimerEvent: {}
[1.302995] (-) TimerEvent: {}
[1.403207] (-) TimerEvent: {}
[1.503383] (-) TimerEvent: {}
[1.603554] (-) TimerEvent: {}
[1.703730] (-) TimerEvent: {}
[1.803899] (-) TimerEvent: {}
[1.904055] (-) TimerEvent: {}
[2.004249] (-) TimerEvent: {}
[2.104401] (-) TimerEvent: {}
[2.204563] (-) TimerEvent: {}
[2.304769] (-) TimerEvent: {}
[2.404937] (-) TimerEvent: {}
[2.505151] (-) TimerEvent: {}
[2.605360] (-) TimerEvent: {}
[2.705557] (-) TimerEvent: {}
[2.805775] (-) TimerEvent: {}
[2.906041] (-) TimerEvent: {}
[3.006328] (-) TimerEvent: {}
[3.106556] (-) TimerEvent: {}
[3.206792] (-) TimerEvent: {}
[3.307060] (-) TimerEvent: {}
[3.407382] (-) TimerEvent: {}
[3.507633] (-) TimerEvent: {}
[3.607783] (-) TimerEvent: {}
[3.707965] (-) TimerEvent: {}
[3.808130] (-) TimerEvent: {}
[3.908366] (-) TimerEvent: {}
[4.008623] (-) TimerEvent: {}
[4.108872] (-) TimerEvent: {}
[4.209128] (-) TimerEvent: {}
[4.309292] (-) TimerEvent: {}
[4.409487] (-) TimerEvent: {}
[4.509687] (-) TimerEvent: {}
[4.609909] (-) TimerEvent: {}
[4.710173] (-) TimerEvent: {}
[4.810425] (-) TimerEvent: {}
[4.910724] (-) TimerEvent: {}
[5.011045] (-) TimerEvent: {}
[5.111307] (-) TimerEvent: {}
[5.211576] (-) TimerEvent: {}
[5.311904] (-) TimerEvent: {}
[5.412194] (-) TimerEvent: {}
[5.512446] (-) TimerEvent: {}
[5.612687] (-) TimerEvent: {}
[5.712919] (-) TimerEvent: {}
[5.813123] (-) TimerEvent: {}
[5.913468] (-) TimerEvent: {}
[6.013773] (-) TimerEvent: {}
[6.114175] (-) TimerEvent: {}
[6.214391] (-) TimerEvent: {}
[6.314672] (-) TimerEvent: {}
[6.414980] (-) TimerEvent: {}
[6.515204] (-) TimerEvent: {}
[6.615420] (-) TimerEvent: {}
[6.715717] (-) TimerEvent: {}
[6.816012] (-) TimerEvent: {}
[6.916404] (-) TimerEvent: {}
[7.016712] (-) TimerEvent: {}
[7.116949] (-) TimerEvent: {}
[7.217156] (-) TimerEvent: {}
[7.317313] (-) TimerEvent: {}
[7.417461] (-) TimerEvent: {}
[7.517616] (-) TimerEvent: {}
[7.617775] (-) TimerEvent: {}
[7.717952] (-) TimerEvent: {}
[7.818133] (-) TimerEvent: {}
[7.918292] (-) TimerEvent: {}
[8.018448] (-) TimerEvent: {}
[8.118601] (-) TimerEvent: {}
[8.218791] (-) TimerEvent: {}
[8.319035] (-) TimerEvent: {}
[8.419205] (-) TimerEvent: {}
[8.519335] (-) TimerEvent: {}
[8.619491] (-) TimerEvent: {}
[8.719664] (-) TimerEvent: {}
[8.819831] (-) TimerEvent: {}
[8.920002] (-) TimerEvent: {}
[9.020173] (-) TimerEvent: {}
[9.120367] (-) TimerEvent: {}
[9.220529] (-) TimerEvent: {}
[9.320735] (-) TimerEvent: {}
[9.420889] (-) TimerEvent: {}
[9.521050] (-) TimerEvent: {}
[9.621261] (-) TimerEvent: {}
