[0.077s] DEBUG:colcon:Command line arguments: ['/usr/bin/colcon', 'build', '--packages-select', 'pyrosens_core']
[0.077s] DEBUG:colcon:Parsed command line arguments: Namespace(log_base=None, log_level=None, verb_name='build', build_base='build', install_base='install', merge_install=False, symlink_install=False, test_result_base=None, continue_on_error=False, executor='parallel', parallel_workers=16, event_handlers=None, ignore_user_meta=False, metas=['./colcon.meta'], base_paths=['.'], packages_ignore=None, packages_ignore_regex=None, paths=None, packages_up_to=None, packages_up_to_regex=None, packages_above=None, packages_above_and_dependencies=None, packages_above_depth=None, packages_select_by_dep=None, packages_skip_by_dep=None, packages_skip_up_to=None, packages_select_build_failed=False, packages_skip_build_finished=False, packages_select_test_failures=False, packages_skip_test_passed=False, packages_select=['pyrosens_core'], packages_skip=None, packages_select_regex=None, packages_skip_regex=None, packages_start=None, packages_end=None, allow_overriding=[], cmake_args=None, cmake_target=None, cmake_target_skip_unavailable=False, cmake_clean_cache=False, cmake_clean_first=False, cmake_force_configure=False, ament_cmake_args=None, catkin_cmake_args=None, catkin_skip_building_tests=False, mixin_files=None, mixin=None, verb_parser=<colcon_mixin.mixin.mixin_argument.MixinArgumentDecorator object at 0x7261651a6590>, verb_extension=<colcon_core.verb.build.BuildVerb object at 0x7261651a6170>, main=<bound method BuildVerb.main of <colcon_core.verb.build.BuildVerb object at 0x7261651a6170>>, mixin_verb=('build',))
[0.198s] Level 1:colcon.colcon_core.package_discovery:discover_packages(colcon_meta) check parameters
[0.198s] Level 1:colcon.colcon_core.package_discovery:discover_packages(recursive) check parameters
[0.198s] Level 1:colcon.colcon_core.package_discovery:discover_packages(ignore) check parameters
[0.199s] Level 1:colcon.colcon_core.package_discovery:discover_packages(path) check parameters
[0.199s] Level 1:colcon.colcon_core.package_discovery:discover_packages(colcon_meta) discover
[0.199s] Level 1:colcon.colcon_core.package_discovery:discover_packages(recursive) discover
[0.199s] INFO:colcon.colcon_core.package_discovery:Crawling recursively for packages in '/home/elijahs04/ros2_ws/src/41068_RS1'
[0.199s] Level 1:colcon.colcon_core.package_identification:_identify(.) by extensions ['ignore', 'ignore_ament_install']
[0.199s] Level 1:colcon.colcon_core.package_identification:_identify(.) by extension 'ignore'
[0.199s] Level 1:colcon.colcon_core.package_identification:_identify(.) by extension 'ignore_ament_install'
[0.199s] Level 1:colcon.colcon_core.package_identification:_identify(.) by extensions ['colcon_pkg']
[0.199s] Level 1:colcon.colcon_core.package_identification:_identify(.) by extension 'colcon_pkg'
[0.199s] Level 1:colcon.colcon_core.package_identification:_identify(.) by extensions ['colcon_meta']
[0.199s] Level 1:colcon.colcon_core.package_identification:_identify(.) by extension 'colcon_meta'
[0.199s] Level 1:colcon.colcon_core.package_identification:_identify(.) by extensions ['ros']
[0.199s] Level 1:colcon.colcon_core.package_identification:_identify(.) by extension 'ros'
[0.212s] Level 1:colcon.colcon_core.package_identification:_identify(.) by extensions ['cmake', 'python']
[0.212s] Level 1:colcon.colcon_core.package_identification:_identify(.) by extension 'cmake'
[0.212s] Level 1:colcon.colcon_core.package_identification:_identify(.) by extension 'python'
[0.212s] Level 1:colcon.colcon_core.package_identification:_identify(.) by extensions ['python_setup_py']
[0.212s] Level 1:colcon.colcon_core.package_identification:_identify(.) by extension 'python_setup_py'
[0.212s] Level 1:colcon.colcon_core.package_identification:_identify(41068_ignition_bringup) by extensions ['ignore', 'ignore_ament_install']
[0.212s] Level 1:colcon.colcon_core.package_identification:_identify(41068_ignition_bringup) by extension 'ignore'
[0.212s] Level 1:colcon.colcon_core.package_identification:_identify(41068_ignition_bringup) by extension 'ignore_ament_install'
[0.212s] Level 1:colcon.colcon_core.package_identification:_identify(41068_ignition_bringup) by extensions ['colcon_pkg']
[0.212s] Level 1:colcon.colcon_core.package_identification:_identify(41068_ignition_bringup) by extension 'colcon_pkg'
[0.212s] Level 1:colcon.colcon_core.package_identification:_identify(41068_ignition_bringup) by extensions ['colcon_meta']
[0.212s] Level 1:colcon.colcon_core.package_identification:_identify(41068_ignition_bringup) by extension 'colcon_meta'
[0.212s] Level 1:colcon.colcon_core.package_identification:_identify(41068_ignition_bringup) by extensions ['ros']
[0.212s] Level 1:colcon.colcon_core.package_identification:_identify(41068_ignition_bringup) by extension 'ros'
[0.214s] DEBUG:colcon.colcon_core.package_identification:Package '41068_ignition_bringup' with type 'ros.ament_cmake' and name '41068_ignition_bringup'
[0.214s] Level 1:colcon.colcon_core.package_identification:_identify(build) by extensions ['ignore', 'ignore_ament_install']
[0.214s] Level 1:colcon.colcon_core.package_identification:_identify(build) by extension 'ignore'
[0.214s] Level 1:colcon.colcon_core.package_identification:_identify(build) ignored
[0.215s] Level 1:colcon.colcon_core.package_identification:_identify(install) by extensions ['ignore', 'ignore_ament_install']
[0.215s] Level 1:colcon.colcon_core.package_identification:_identify(install) by extension 'ignore'
[0.215s] Level 1:colcon.colcon_core.package_identification:_identify(install) ignored
[0.215s] Level 1:colcon.colcon_core.package_identification:_identify(log) by extensions ['ignore', 'ignore_ament_install']
[0.215s] Level 1:colcon.colcon_core.package_identification:_identify(log) by extension 'ignore'
[0.215s] Level 1:colcon.colcon_core.package_identification:_identify(log) ignored
[0.215s] Level 1:colcon.colcon_core.package_identification:_identify(logs_build) by extensions ['ignore', 'ignore_ament_install']
[0.215s] Level 1:colcon.colcon_core.package_identification:_identify(logs_build) by extension 'ignore'
[0.215s] Level 1:colcon.colcon_core.package_identification:_identify(logs_build) ignored
[0.215s] Level 1:colcon.colcon_core.package_identification:_identify(pryosens_prediction) by extensions ['ignore', 'ignore_ament_install']
[0.215s] Level 1:colcon.colcon_core.package_identification:_identify(pryosens_prediction) by extension 'ignore'
[0.215s] Level 1:colcon.colcon_core.package_identification:_identify(pryosens_prediction) by extension 'ignore_ament_install'
[0.215s] Level 1:colcon.colcon_core.package_identification:_identify(pryosens_prediction) by extensions ['colcon_pkg']
[0.215s] Level 1:colcon.colcon_core.package_identification:_identify(pryosens_prediction) by extension 'colcon_pkg'
[0.215s] Level 1:colcon.colcon_core.package_identification:_identify(pryosens_prediction) by extensions ['colcon_meta']
[0.215s] Level 1:colcon.colcon_core.package_identification:_identify(pryosens_prediction) by extension 'colcon_meta'
[0.215s] Level 1:colcon.colcon_core.package_identification:_identify(pryosens_prediction) by extensions ['ros']
[0.215s] Level 1:colcon.colcon_core.package_identification:_identify(pryosens_prediction) by extension 'ros'
[0.216s] DEBUG:colcon.colcon_core.package_identification:Package 'pryosens_prediction' with type 'ros.ament_cmake' and name 'thermal_pyrosens'
[0.216s] Level 1:colcon.colcon_core.package_identification:_identify(pyrosens) by extensions ['ignore', 'ignore_ament_install']
[0.216s] Level 1:colcon.colcon_core.package_identification:_identify(pyrosens) by extension 'ignore'
[0.216s] Level 1:colcon.colcon_core.package_identification:_identify(pyrosens) by extension 'ignore_ament_install'
[0.216s] Level 1:colcon.colcon_core.package_identification:_identify(pyrosens) by extensions ['colcon_pkg']
[0.216s] Level 1:colcon.colcon_core.package_identification:_identify(pyrosens) by extension 'colcon_pkg'
[0.216s] Level 1:colcon.colcon_core.package_identification:_identify(pyrosens) by extensions ['colcon_meta']
[0.216s] Level 1:colcon.colcon_core.package_identification:_identify(pyrosens) by extension 'colcon_meta'
[0.216s] Level 1:colcon.colcon_core.package_identification:_identify(pyrosens) by extensions ['ros']
[0.216s] Level 1:colcon.colcon_core.package_identification:_identify(pyrosens) by extension 'ros'
[0.217s] DEBUG:colcon.colcon_core.package_identification:Package 'pyrosens' with type 'ros.ament_cmake' and name 'pyrosens'
[0.217s] Level 1:colcon.colcon_core.package_identification:_identify(pyrosens_bringup) by extensions ['ignore', 'ignore_ament_install']
[0.217s] Level 1:colcon.colcon_core.package_identification:_identify(pyrosens_bringup) by extension 'ignore'
[0.217s] Level 1:colcon.colcon_core.package_identification:_identify(pyrosens_bringup) by extension 'ignore_ament_install'
[0.217s] Level 1:colcon.colcon_core.package_identification:_identify(pyrosens_bringup) by extensions ['colcon_pkg']
[0.217s] Level 1:colcon.colcon_core.package_identification:_identify(pyrosens_bringup) by extension 'colcon_pkg'
[0.217s] Level 1:colcon.colcon_core.package_identification:_identify(pyrosens_bringup) by extensions ['colcon_meta']
[0.217s] Level 1:colcon.colcon_core.package_identification:_identify(pyrosens_bringup) by extension 'colcon_meta'
[0.217s] Level 1:colcon.colcon_core.package_identification:_identify(pyrosens_bringup) by extensions ['ros']
[0.217s] Level 1:colcon.colcon_core.package_identification:_identify(pyrosens_bringup) by extension 'ros'
[0.218s] DEBUG:colcon.colcon_core.package_identification:Package 'pyrosens_bringup' with type 'ros.ament_cmake' and name 'pyrosens_bringup'
[0.218s] Level 1:colcon.colcon_core.package_identification:_identify(pyrosens_core) by extensions ['ignore', 'ignore_ament_install']
[0.218s] Level 1:colcon.colcon_core.package_identification:_identify(pyrosens_core) by extension 'ignore'
[0.218s] Level 1:colcon.colcon_core.package_identification:_identify(pyrosens_core) by extension 'ignore_ament_install'
[0.218s] Level 1:colcon.colcon_core.package_identification:_identify(pyrosens_core) by extensions ['colcon_pkg']
[0.218s] Level 1:colcon.colcon_core.package_identification:_identify(pyrosens_core) by extension 'colcon_pkg'
[0.218s] Level 1:colcon.colcon_core.package_identification:_identify(pyrosens_core) by extensions ['colcon_meta']
[0.218s] Level 1:colcon.colcon_core.package_identification:_identify(pyrosens_core) by extension 'colcon_meta'
[0.218s] Level 1:colcon.colcon_core.package_identification:_identify(pyrosens_core) by extensions ['ros']
[0.218s] Level 1:colcon.colcon_core.package_identification:_identify(pyrosens_core) by extension 'ros'
[0.219s] DEBUG:colcon.colcon_core.package_identification:Package 'pyrosens_core' with type 'ros.ament_cmake' and name 'pyrosens_core'
[0.219s] Level 1:colcon.colcon_core.package_identification:_identify(pyrosens_es) by extensions ['ignore', 'ignore_ament_install']
[0.219s] Level 1:colcon.colcon_core.package_identification:_identify(pyrosens_es) by extension 'ignore'
[0.219s] Level 1:colcon.colcon_core.package_identification:_identify(pyrosens_es) by extension 'ignore_ament_install'
[0.219s] Level 1:colcon.colcon_core.package_identification:_identify(pyrosens_es) by extensions ['colcon_pkg']
[0.219s] Level 1:colcon.colcon_core.package_identification:_identify(pyrosens_es) by extension 'colcon_pkg'
[0.219s] Level 1:colcon.colcon_core.package_identification:_identify(pyrosens_es) by extensions ['colcon_meta']
[0.219s] Level 1:colcon.colcon_core.package_identification:_identify(pyrosens_es) by extension 'colcon_meta'
[0.219s] Level 1:colcon.colcon_core.package_identification:_identify(pyrosens_es) by extensions ['ros']
[0.219s] Level 1:colcon.colcon_core.package_identification:_identify(pyrosens_es) by extension 'ros'
[0.219s] Level 1:colcon.colcon_core.package_identification:_identify(pyrosens_es) by extensions ['cmake', 'python']
[0.219s] Level 1:colcon.colcon_core.package_identification:_identify(pyrosens_es) by extension 'cmake'
[0.219s] Level 1:colcon.colcon_core.package_identification:_identify(pyrosens_es) by extension 'python'
[0.219s] Level 1:colcon.colcon_core.package_identification:_identify(pyrosens_es) by extensions ['python_setup_py']
[0.219s] Level 1:colcon.colcon_core.package_identification:_identify(pyrosens_es) by extension 'python_setup_py'
[0.219s] Level 1:colcon.colcon_core.package_identification:_identify(pyrosens_gui) by extensions ['ignore', 'ignore_ament_install']
[0.219s] Level 1:colcon.colcon_core.package_identification:_identify(pyrosens_gui) by extension 'ignore'
[0.219s] Level 1:colcon.colcon_core.package_identification:_identify(pyrosens_gui) by extension 'ignore_ament_install'
[0.219s] Level 1:colcon.colcon_core.package_identification:_identify(pyrosens_gui) by extensions ['colcon_pkg']
[0.219s] Level 1:colcon.colcon_core.package_identification:_identify(pyrosens_gui) by extension 'colcon_pkg'
[0.219s] Level 1:colcon.colcon_core.package_identification:_identify(pyrosens_gui) by extensions ['colcon_meta']
[0.219s] Level 1:colcon.colcon_core.package_identification:_identify(pyrosens_gui) by extension 'colcon_meta'
[0.219s] Level 1:colcon.colcon_core.package_identification:_identify(pyrosens_gui) by extensions ['ros']
[0.219s] Level 1:colcon.colcon_core.package_identification:_identify(pyrosens_gui) by extension 'ros'
[0.220s] DEBUG:colcon.colcon_core.package_identification:Package 'pyrosens_gui' with type 'ros.ament_cmake' and name 'pyrosens_gui'
[0.220s] Level 1:colcon.colcon_core.package_identification:_identify(pyrosens_heat) by extensions ['ignore', 'ignore_ament_install']
[0.220s] Level 1:colcon.colcon_core.package_identification:_identify(pyrosens_heat) by extension 'ignore'
[0.220s] Level 1:colcon.colcon_core.package_identification:_identify(pyrosens_heat) by extension 'ignore_ament_install'
[0.220s] Level 1:colcon.colcon_core.package_identification:_identify(pyrosens_heat) by extensions ['colcon_pkg']
[0.220s] Level 1:colcon.colcon_core.package_identification:_identify(pyrosens_heat) by extension 'colcon_pkg'
[0.220s] Level 1:colcon.colcon_core.package_identification:_identify(pyrosens_heat) by extensions ['colcon_meta']
[0.220s] Level 1:colcon.colcon_core.package_identification:_identify(pyrosens_heat) by extension 'colcon_meta'
[0.220s] Level 1:colcon.colcon_core.package_identification:_identify(pyrosens_heat) by extensions ['ros']
[0.220s] Level 1:colcon.colcon_core.package_identification:_identify(pyrosens_heat) by extension 'ros'
[0.221s] DEBUG:colcon.colcon_core.package_identification:Package 'pyrosens_heat' with type 'ros.ament_cmake' and name 'pyrosens_heat'
[0.221s] Level 1:colcon.colcon_core.package_identification:_identify(pyrosens_mission) by extensions ['ignore', 'ignore_ament_install']
[0.221s] Level 1:colcon.colcon_core.package_identification:_identify(pyrosens_mission) by extension 'ignore'
[0.221s] Level 1:colcon.colcon_core.package_identification:_identify(pyrosens_mission) by extension 'ignore_ament_install'
[0.221s] Level 1:colcon.colcon_core.package_identification:_identify(pyrosens_mission) by extensions ['colcon_pkg']
[0.221s] Level 1:colcon.colcon_core.package_identification:_identify(pyrosens_mission) by extension 'colcon_pkg'
[0.221s] Level 1:colcon.colcon_core.package_identification:_identify(pyrosens_mission) by extensions ['colcon_meta']
[0.221s] Level 1:colcon.colcon_core.package_identification:_identify(pyrosens_mission) by extension 'colcon_meta'
[0.221s] Level 1:colcon.colcon_core.package_identification:_identify(pyrosens_mission) by extensions ['ros']
[0.221s] Level 1:colcon.colcon_core.package_identification:_identify(pyrosens_mission) by extension 'ros'
[0.222s] DEBUG:colcon.colcon_core.package_identification:Package 'pyrosens_mission' with type 'ros.ament_cmake' and name 'pyrosens_mission'
[0.222s] Level 1:colcon.colcon_core.package_identification:_identify(pyrosens_movement) by extensions ['ignore', 'ignore_ament_install']
[0.222s] Level 1:colcon.colcon_core.package_identification:_identify(pyrosens_movement) by extension 'ignore'
[0.222s] Level 1:colcon.colcon_core.package_identification:_identify(pyrosens_movement) by extension 'ignore_ament_install'
[0.222s] Level 1:colcon.colcon_core.package_identification:_identify(pyrosens_movement) by extensions ['colcon_pkg']
[0.222s] Level 1:colcon.colcon_core.package_identification:_identify(pyrosens_movement) by extension 'colcon_pkg'
[0.222s] Level 1:colcon.colcon_core.package_identification:_identify(pyrosens_movement) by extensions ['colcon_meta']
[0.222s] Level 1:colcon.colcon_core.package_identification:_identify(pyrosens_movement) by extension 'colcon_meta'
[0.222s] Level 1:colcon.colcon_core.package_identification:_identify(pyrosens_movement) by extensions ['ros']
[0.222s] Level 1:colcon.colcon_core.package_identification:_identify(pyrosens_movement) by extension 'ros'
[0.222s] DEBUG:colcon.colcon_core.package_identification:Package 'pyrosens_movement' with type 'ros.ament_cmake' and name 'pyrosens_movement'
[0.222s] Level 1:colcon.colcon_core.package_identification:_identify(pyrosens_progressC3) by extensions ['ignore', 'ignore_ament_install']
[0.223s] Level 1:colcon.colcon_core.package_identification:_identify(pyrosens_progressC3) by extension 'ignore'
[0.223s] Level 1:colcon.colcon_core.package_identification:_identify(pyrosens_progressC3) by extension 'ignore_ament_install'
[0.223s] Level 1:colcon.colcon_core.package_identification:_identify(pyrosens_progressC3) by extensions ['colcon_pkg']
[0.223s] Level 1:colcon.colcon_core.package_identification:_identify(pyrosens_progressC3) by extension 'colcon_pkg'
[0.223s] Level 1:colcon.colcon_core.package_identification:_identify(pyrosens_progressC3) by extensions ['colcon_meta']
[0.223s] Level 1:colcon.colcon_core.package_identification:_identify(pyrosens_progressC3) by extension 'colcon_meta'
[0.223s] Level 1:colcon.colcon_core.package_identification:_identify(pyrosens_progressC3) by extensions ['ros']
[0.223s] Level 1:colcon.colcon_core.package_identification:_identify(pyrosens_progressC3) by extension 'ros'
[0.223s] DEBUG:colcon.colcon_core.package_identification:Package 'pyrosens_progressC3' with type 'ros.ament_cmake' and name 'pyrosens_progress'
[0.223s] Level 1:colcon.colcon_core.package_identification:_identify(pyrosens_world) by extensions ['ignore', 'ignore_ament_install']
[0.223s] Level 1:colcon.colcon_core.package_identification:_identify(pyrosens_world) by extension 'ignore'
[0.223s] Level 1:colcon.colcon_core.package_identification:_identify(pyrosens_world) by extension 'ignore_ament_install'
[0.224s] Level 1:colcon.colcon_core.package_identification:_identify(pyrosens_world) by extensions ['colcon_pkg']
[0.224s] Level 1:colcon.colcon_core.package_identification:_identify(pyrosens_world) by extension 'colcon_pkg'
[0.224s] Level 1:colcon.colcon_core.package_identification:_identify(pyrosens_world) by extensions ['colcon_meta']
[0.224s] Level 1:colcon.colcon_core.package_identification:_identify(pyrosens_world) by extension 'colcon_meta'
[0.224s] Level 1:colcon.colcon_core.package_identification:_identify(pyrosens_world) by extensions ['ros']
[0.224s] Level 1:colcon.colcon_core.package_identification:_identify(pyrosens_world) by extension 'ros'
[0.224s] DEBUG:colcon.colcon_core.package_identification:Package 'pyrosens_world' with type 'ros.ament_cmake' and name 'pyrosens_world'
[0.224s] Level 1:colcon.colcon_core.package_identification:_identify(realSens_pyrosens) by extensions ['ignore', 'ignore_ament_install']
[0.224s] Level 1:colcon.colcon_core.package_identification:_identify(realSens_pyrosens) by extension 'ignore'
[0.224s] Level 1:colcon.colcon_core.package_identification:_identify(realSens_pyrosens) by extension 'ignore_ament_install'
[0.224s] Level 1:colcon.colcon_core.package_identification:_identify(realSens_pyrosens) by extensions ['colcon_pkg']
[0.224s] Level 1:colcon.colcon_core.package_identification:_identify(realSens_pyrosens) by extension 'colcon_pkg'
[0.224s] Level 1:colcon.colcon_core.package_identification:_identify(realSens_pyrosens) by extensions ['colcon_meta']
[0.224s] Level 1:colcon.colcon_core.package_identification:_identify(realSens_pyrosens) by extension 'colcon_meta'
[0.224s] Level 1:colcon.colcon_core.package_identification:_identify(realSens_pyrosens) by extensions ['ros']
[0.224s] Level 1:colcon.colcon_core.package_identification:_identify(realSens_pyrosens) by extension 'ros'
[0.225s] DEBUG:colcon.colcon_core.package_identification:Package 'realSens_pyrosens' with type 'ros.ament_cmake' and name 'thermal_pyrosens'
[0.225s] Level 1:colcon.colcon_core.package_identification:_identify(sim_env) by extensions ['ignore', 'ignore_ament_install']
[0.225s] Level 1:colcon.colcon_core.package_identification:_identify(sim_env) by extension 'ignore'
[0.225s] Level 1:colcon.colcon_core.package_identification:_identify(sim_env) by extension 'ignore_ament_install'
[0.225s] Level 1:colcon.colcon_core.package_identification:_identify(sim_env) by extensions ['colcon_pkg']
[0.225s] Level 1:colcon.colcon_core.package_identification:_identify(sim_env) by extension 'colcon_pkg'
[0.225s] Level 1:colcon.colcon_core.package_identification:_identify(sim_env) by extensions ['colcon_meta']
[0.225s] Level 1:colcon.colcon_core.package_identification:_identify(sim_env) by extension 'colcon_meta'
[0.225s] Level 1:colcon.colcon_core.package_identification:_identify(sim_env) by extensions ['ros']
[0.225s] Level 1:colcon.colcon_core.package_identification:_identify(sim_env) by extension 'ros'
[0.225s] Level 1:colcon.colcon_core.package_identification:_identify(sim_env) by extensions ['cmake', 'python']
[0.225s] Level 1:colcon.colcon_core.package_identification:_identify(sim_env) by extension 'cmake'
[0.225s] Level 1:colcon.colcon_core.package_identification:_identify(sim_env) by extension 'python'
[0.225s] Level 1:colcon.colcon_core.package_identification:_identify(sim_env) by extensions ['python_setup_py']
[0.225s] Level 1:colcon.colcon_core.package_identification:_identify(sim_env) by extension 'python_setup_py'
[0.225s] Level 1:colcon.colcon_core.package_identification:_identify(sim_env/models) by extensions ['ignore', 'ignore_ament_install']
[0.225s] Level 1:colcon.colcon_core.package_identification:_identify(sim_env/models) by extension 'ignore'
[0.225s] Level 1:colcon.colcon_core.package_identification:_identify(sim_env/models) by extension 'ignore_ament_install'
[0.225s] Level 1:colcon.colcon_core.package_identification:_identify(sim_env/models) by extensions ['colcon_pkg']
[0.225s] Level 1:colcon.colcon_core.package_identification:_identify(sim_env/models) by extension 'colcon_pkg'
[0.225s] Level 1:colcon.colcon_core.package_identification:_identify(sim_env/models) by extensions ['colcon_meta']
[0.225s] Level 1:colcon.colcon_core.package_identification:_identify(sim_env/models) by extension 'colcon_meta'
[0.225s] Level 1:colcon.colcon_core.package_identification:_identify(sim_env/models) by extensions ['ros']
[0.225s] Level 1:colcon.colcon_core.package_identification:_identify(sim_env/models) by extension 'ros'
[0.225s] Level 1:colcon.colcon_core.package_identification:_identify(sim_env/models) by extensions ['cmake', 'python']
[0.225s] Level 1:colcon.colcon_core.package_identification:_identify(sim_env/models) by extension 'cmake'
[0.225s] Level 1:colcon.colcon_core.package_identification:_identify(sim_env/models) by extension 'python'
[0.225s] Level 1:colcon.colcon_core.package_identification:_identify(sim_env/models) by extensions ['python_setup_py']
[0.225s] Level 1:colcon.colcon_core.package_identification:_identify(sim_env/models) by extension 'python_setup_py'
[0.226s] Level 1:colcon.colcon_core.package_identification:_identify(sim_env/models/tree_model) by extensions ['ignore', 'ignore_ament_install']
[0.226s] Level 1:colcon.colcon_core.package_identification:_identify(sim_env/models/tree_model) by extension 'ignore'
[0.226s] Level 1:colcon.colcon_core.package_identification:_identify(sim_env/models/tree_model) by extension 'ignore_ament_install'
[0.226s] Level 1:colcon.colcon_core.package_identification:_identify(sim_env/models/tree_model) by extensions ['colcon_pkg']
[0.226s] Level 1:colcon.colcon_core.package_identification:_identify(sim_env/models/tree_model) by extension 'colcon_pkg'
[0.226s] Level 1:colcon.colcon_core.package_identification:_identify(sim_env/models/tree_model) by extensions ['colcon_meta']
[0.226s] Level 1:colcon.colcon_core.package_identification:_identify(sim_env/models/tree_model) by extension 'colcon_meta'
[0.226s] Level 1:colcon.colcon_core.package_identification:_identify(sim_env/models/tree_model) by extensions ['ros']
[0.226s] Level 1:colcon.colcon_core.package_identification:_identify(sim_env/models/tree_model) by extension 'ros'
[0.226s] Level 1:colcon.colcon_core.package_identification:_identify(sim_env/models/tree_model) by extensions ['cmake', 'python']
[0.226s] Level 1:colcon.colcon_core.package_identification:_identify(sim_env/models/tree_model) by extension 'cmake'
[0.226s] Level 1:colcon.colcon_core.package_identification:_identify(sim_env/models/tree_model) by extension 'python'
[0.226s] Level 1:colcon.colcon_core.package_identification:_identify(sim_env/models/tree_model) by extensions ['python_setup_py']
[0.226s] Level 1:colcon.colcon_core.package_identification:_identify(sim_env/models/tree_model) by extension 'python_setup_py'
[0.226s] Level 1:colcon.colcon_core.package_identification:_identify(sim_env/models/tree_model/meshes) by extensions ['ignore', 'ignore_ament_install']
[0.226s] Level 1:colcon.colcon_core.package_identification:_identify(sim_env/models/tree_model/meshes) by extension 'ignore'
[0.226s] Level 1:colcon.colcon_core.package_identification:_identify(sim_env/models/tree_model/meshes) by extension 'ignore_ament_install'
[0.226s] Level 1:colcon.colcon_core.package_identification:_identify(sim_env/models/tree_model/meshes) by extensions ['colcon_pkg']
[0.226s] Level 1:colcon.colcon_core.package_identification:_identify(sim_env/models/tree_model/meshes) by extension 'colcon_pkg'
[0.226s] Level 1:colcon.colcon_core.package_identification:_identify(sim_env/models/tree_model/meshes) by extensions ['colcon_meta']
[0.226s] Level 1:colcon.colcon_core.package_identification:_identify(sim_env/models/tree_model/meshes) by extension 'colcon_meta'
[0.226s] Level 1:colcon.colcon_core.package_identification:_identify(sim_env/models/tree_model/meshes) by extensions ['ros']
[0.226s] Level 1:colcon.colcon_core.package_identification:_identify(sim_env/models/tree_model/meshes) by extension 'ros'
[0.226s] Level 1:colcon.colcon_core.package_identification:_identify(sim_env/models/tree_model/meshes) by extensions ['cmake', 'python']
[0.226s] Level 1:colcon.colcon_core.package_identification:_identify(sim_env/models/tree_model/meshes) by extension 'cmake'
[0.226s] Level 1:colcon.colcon_core.package_identification:_identify(sim_env/models/tree_model/meshes) by extension 'python'
[0.226s] Level 1:colcon.colcon_core.package_identification:_identify(sim_env/models/tree_model/meshes) by extensions ['python_setup_py']
[0.226s] Level 1:colcon.colcon_core.package_identification:_identify(sim_env/models/tree_model/meshes) by extension 'python_setup_py'
[0.226s] Level 1:colcon.colcon_core.package_identification:_identify(sim_env/models/world_env_model) by extensions ['ignore', 'ignore_ament_install']
[0.226s] Level 1:colcon.colcon_core.package_identification:_identify(sim_env/models/world_env_model) by extension 'ignore'
[0.226s] Level 1:colcon.colcon_core.package_identification:_identify(sim_env/models/world_env_model) by extension 'ignore_ament_install'
[0.226s] Level 1:colcon.colcon_core.package_identification:_identify(sim_env/models/world_env_model) by extensions ['colcon_pkg']
[0.226s] Level 1:colcon.colcon_core.package_identification:_identify(sim_env/models/world_env_model) by extension 'colcon_pkg'
[0.226s] Level 1:colcon.colcon_core.package_identification:_identify(sim_env/models/world_env_model) by extensions ['colcon_meta']
[0.226s] Level 1:colcon.colcon_core.package_identification:_identify(sim_env/models/world_env_model) by extension 'colcon_meta'
[0.226s] Level 1:colcon.colcon_core.package_identification:_identify(sim_env/models/world_env_model) by extensions ['ros']
[0.226s] Level 1:colcon.colcon_core.package_identification:_identify(sim_env/models/world_env_model) by extension 'ros'
[0.226s] Level 1:colcon.colcon_core.package_identification:_identify(sim_env/models/world_env_model) by extensions ['cmake', 'python']
[0.226s] Level 1:colcon.colcon_core.package_identification:_identify(sim_env/models/world_env_model) by extension 'cmake'
[0.226s] Level 1:colcon.colcon_core.package_identification:_identify(sim_env/models/world_env_model) by extension 'python'
[0.226s] Level 1:colcon.colcon_core.package_identification:_identify(sim_env/models/world_env_model) by extensions ['python_setup_py']
[0.226s] Level 1:colcon.colcon_core.package_identification:_identify(sim_env/models/world_env_model) by extension 'python_setup_py'
[0.227s] Level 1:colcon.colcon_core.package_identification:_identify(sim_env/models/world_env_model/meshes) by extensions ['ignore', 'ignore_ament_install']
[0.227s] Level 1:colcon.colcon_core.package_identification:_identify(sim_env/models/world_env_model/meshes) by extension 'ignore'
[0.227s] Level 1:colcon.colcon_core.package_identification:_identify(sim_env/models/world_env_model/meshes) by extension 'ignore_ament_install'
[0.227s] Level 1:colcon.colcon_core.package_identification:_identify(sim_env/models/world_env_model/meshes) by extensions ['colcon_pkg']
[0.227s] Level 1:colcon.colcon_core.package_identification:_identify(sim_env/models/world_env_model/meshes) by extension 'colcon_pkg'
[0.227s] Level 1:colcon.colcon_core.package_identification:_identify(sim_env/models/world_env_model/meshes) by extensions ['colcon_meta']
[0.227s] Level 1:colcon.colcon_core.package_identification:_identify(sim_env/models/world_env_model/meshes) by extension 'colcon_meta'
[0.227s] Level 1:colcon.colcon_core.package_identification:_identify(sim_env/models/world_env_model/meshes) by extensions ['ros']
[0.227s] Level 1:colcon.colcon_core.package_identification:_identify(sim_env/models/world_env_model/meshes) by extension 'ros'
[0.227s] Level 1:colcon.colcon_core.package_identification:_identify(sim_env/models/world_env_model/meshes) by extensions ['cmake', 'python']
[0.227s] Level 1:colcon.colcon_core.package_identification:_identify(sim_env/models/world_env_model/meshes) by extension 'cmake'
[0.227s] Level 1:colcon.colcon_core.package_identification:_identify(sim_env/models/world_env_model/meshes) by extension 'python'
[0.227s] Level 1:colcon.colcon_core.package_identification:_identify(sim_env/models/world_env_model/meshes) by extensions ['python_setup_py']
[0.227s] Level 1:colcon.colcon_core.package_identification:_identify(sim_env/models/world_env_model/meshes) by extension 'python_setup_py'
[0.227s] Level 1:colcon.colcon_core.package_identification:_identify(slam_toolbox) by extensions ['ignore', 'ignore_ament_install']
[0.227s] Level 1:colcon.colcon_core.package_identification:_identify(slam_toolbox) by extension 'ignore'
[0.227s] Level 1:colcon.colcon_core.package_identification:_identify(slam_toolbox) by extension 'ignore_ament_install'
[0.227s] Level 1:colcon.colcon_core.package_identification:_identify(slam_toolbox) by extensions ['colcon_pkg']
[0.227s] Level 1:colcon.colcon_core.package_identification:_identify(slam_toolbox) by extension 'colcon_pkg'
[0.227s] Level 1:colcon.colcon_core.package_identification:_identify(slam_toolbox) by extensions ['colcon_meta']
[0.227s] Level 1:colcon.colcon_core.package_identification:_identify(slam_toolbox) by extension 'colcon_meta'
[0.227s] Level 1:colcon.colcon_core.package_identification:_identify(slam_toolbox) by extensions ['ros']
[0.227s] Level 1:colcon.colcon_core.package_identification:_identify(slam_toolbox) by extension 'ros'
[0.227s] Level 1:colcon.colcon_core.package_identification:_identify(slam_toolbox) by extensions ['cmake', 'python']
[0.227s] Level 1:colcon.colcon_core.package_identification:_identify(slam_toolbox) by extension 'cmake'
[0.227s] Level 1:colcon.colcon_core.package_identification:_identify(slam_toolbox) by extension 'python'
[0.227s] Level 1:colcon.colcon_core.package_identification:_identify(slam_toolbox) by extensions ['python_setup_py']
[0.227s] Level 1:colcon.colcon_core.package_identification:_identify(slam_toolbox) by extension 'python_setup_py'
[0.227s] Level 1:colcon.colcon_core.package_identification:_identify(systemDev) by extensions ['ignore', 'ignore_ament_install']
[0.227s] Level 1:colcon.colcon_core.package_identification:_identify(systemDev) by extension 'ignore'
[0.227s] Level 1:colcon.colcon_core.package_identification:_identify(systemDev) by extension 'ignore_ament_install'
[0.227s] Level 1:colcon.colcon_core.package_identification:_identify(systemDev) by extensions ['colcon_pkg']
[0.227s] Level 1:colcon.colcon_core.package_identification:_identify(systemDev) by extension 'colcon_pkg'
[0.227s] Level 1:colcon.colcon_core.package_identification:_identify(systemDev) by extensions ['colcon_meta']
[0.227s] Level 1:colcon.colcon_core.package_identification:_identify(systemDev) by extension 'colcon_meta'
[0.227s] Level 1:colcon.colcon_core.package_identification:_identify(systemDev) by extensions ['ros']
[0.227s] Level 1:colcon.colcon_core.package_identification:_identify(systemDev) by extension 'ros'
[0.228s] DEBUG:colcon.colcon_core.package_identification:Package 'systemDev' with type 'ros.ament_cmake' and name 'systemDev'
[0.228s] Level 1:colcon.colcon_core.package_identification:_identify(temp_folder) by extensions ['ignore', 'ignore_ament_install']
[0.228s] Level 1:colcon.colcon_core.package_identification:_identify(temp_folder) by extension 'ignore'
[0.228s] Level 1:colcon.colcon_core.package_identification:_identify(temp_folder) by extension 'ignore_ament_install'
[0.228s] Level 1:colcon.colcon_core.package_identification:_identify(temp_folder) by extensions ['colcon_pkg']
[0.228s] Level 1:colcon.colcon_core.package_identification:_identify(temp_folder) by extension 'colcon_pkg'
[0.228s] Level 1:colcon.colcon_core.package_identification:_identify(temp_folder) by extensions ['colcon_meta']
[0.228s] Level 1:colcon.colcon_core.package_identification:_identify(temp_folder) by extension 'colcon_meta'
[0.228s] Level 1:colcon.colcon_core.package_identification:_identify(temp_folder) by extensions ['ros']
[0.228s] Level 1:colcon.colcon_core.package_identification:_identify(temp_folder) by extension 'ros'
[0.228s] Level 1:colcon.colcon_core.package_identification:_identify(temp_folder) by extensions ['cmake', 'python']
[0.228s] Level 1:colcon.colcon_core.package_identification:_identify(temp_folder) by extension 'cmake'
[0.228s] Level 1:colcon.colcon_core.package_identification:_identify(temp_folder) by extension 'python'
[0.228s] Level 1:colcon.colcon_core.package_identification:_identify(temp_folder) by extensions ['python_setup_py']
[0.228s] Level 1:colcon.colcon_core.package_identification:_identify(temp_folder) by extension 'python_setup_py'
[0.228s] Level 1:colcon.colcon_core.package_identification:_identify(testing_ground) by extensions ['ignore', 'ignore_ament_install']
[0.228s] Level 1:colcon.colcon_core.package_identification:_identify(testing_ground) by extension 'ignore'
[0.228s] Level 1:colcon.colcon_core.package_identification:_identify(testing_ground) by extension 'ignore_ament_install'
[0.228s] Level 1:colcon.colcon_core.package_identification:_identify(testing_ground) by extensions ['colcon_pkg']
[0.228s] Level 1:colcon.colcon_core.package_identification:_identify(testing_ground) by extension 'colcon_pkg'
[0.228s] Level 1:colcon.colcon_core.package_identification:_identify(testing_ground) by extensions ['colcon_meta']
[0.228s] Level 1:colcon.colcon_core.package_identification:_identify(testing_ground) by extension 'colcon_meta'
[0.228s] Level 1:colcon.colcon_core.package_identification:_identify(testing_ground) by extensions ['ros']
[0.228s] Level 1:colcon.colcon_core.package_identification:_identify(testing_ground) by extension 'ros'
[0.229s] DEBUG:colcon.colcon_core.package_identification:Package 'testing_ground' with type 'ros.ament_cmake' and name 'testing_ground'
[0.229s] Level 1:colcon.colcon_core.package_identification:_identify(thermal_pyrosens) by extensions ['ignore', 'ignore_ament_install']
[0.229s] Level 1:colcon.colcon_core.package_identification:_identify(thermal_pyrosens) by extension 'ignore'
[0.229s] Level 1:colcon.colcon_core.package_identification:_identify(thermal_pyrosens) by extension 'ignore_ament_install'
[0.229s] Level 1:colcon.colcon_core.package_identification:_identify(thermal_pyrosens) by extensions ['colcon_pkg']
[0.229s] Level 1:colcon.colcon_core.package_identification:_identify(thermal_pyrosens) by extension 'colcon_pkg'
[0.229s] Level 1:colcon.colcon_core.package_identification:_identify(thermal_pyrosens) by extensions ['colcon_meta']
[0.229s] Level 1:colcon.colcon_core.package_identification:_identify(thermal_pyrosens) by extension 'colcon_meta'
[0.229s] Level 1:colcon.colcon_core.package_identification:_identify(thermal_pyrosens) by extensions ['ros']
[0.229s] Level 1:colcon.colcon_core.package_identification:_identify(thermal_pyrosens) by extension 'ros'
[0.229s] DEBUG:colcon.colcon_core.package_identification:Package 'thermal_pyrosens' with type 'ros.ament_cmake' and name 'thermal_pyrosens'
[0.229s] Level 1:colcon.colcon_core.package_identification:_identify(wind_pyrosens) by extensions ['ignore', 'ignore_ament_install']
[0.229s] Level 1:colcon.colcon_core.package_identification:_identify(wind_pyrosens) by extension 'ignore'
[0.229s] Level 1:colcon.colcon_core.package_identification:_identify(wind_pyrosens) by extension 'ignore_ament_install'
[0.230s] Level 1:colcon.colcon_core.package_identification:_identify(wind_pyrosens) by extensions ['colcon_pkg']
[0.230s] Level 1:colcon.colcon_core.package_identification:_identify(wind_pyrosens) by extension 'colcon_pkg'
[0.230s] Level 1:colcon.colcon_core.package_identification:_identify(wind_pyrosens) by extensions ['colcon_meta']
[0.230s] Level 1:colcon.colcon_core.package_identification:_identify(wind_pyrosens) by extension 'colcon_meta'
[0.230s] Level 1:colcon.colcon_core.package_identification:_identify(wind_pyrosens) by extensions ['ros']
[0.230s] Level 1:colcon.colcon_core.package_identification:_identify(wind_pyrosens) by extension 'ros'
[0.230s] DEBUG:colcon.colcon_core.package_identification:Package 'wind_pyrosens' with type 'ros.ament_cmake' and name 'wind_pyrosens'
[0.230s] Level 1:colcon.colcon_core.package_discovery:discover_packages(recursive) using defaults
[0.230s] Level 1:colcon.colcon_core.package_discovery:discover_packages(ignore) discover
[0.230s] Level 1:colcon.colcon_core.package_discovery:discover_packages(ignore) using defaults
[0.230s] Level 1:colcon.colcon_core.package_discovery:discover_packages(path) discover
[0.230s] Level 1:colcon.colcon_core.package_discovery:discover_packages(path) using defaults
[0.245s] INFO:colcon.colcon_core.package_selection:Skipping not selected package '41068_ignition_bringup' in '41068_ignition_bringup'
[0.245s] INFO:colcon.colcon_core.package_selection:Skipping not selected package 'pyrosens' in 'pyrosens'
[0.245s] INFO:colcon.colcon_core.package_selection:Skipping not selected package 'pyrosens_gui' in 'pyrosens_gui'
[0.245s] INFO:colcon.colcon_core.package_selection:Skipping not selected package 'pyrosens_heat' in 'pyrosens_heat'
[0.245s] INFO:colcon.colcon_core.package_selection:Skipping not selected package 'pyrosens_mission' in 'pyrosens_mission'
[0.245s] INFO:colcon.colcon_core.package_selection:Skipping not selected package 'pyrosens_movement' in 'pyrosens_movement'
[0.245s] INFO:colcon.colcon_core.package_selection:Skipping not selected package 'pyrosens_progress' in 'pyrosens_progressC3'
[0.245s] INFO:colcon.colcon_core.package_selection:Skipping not selected package 'pyrosens_world' in 'pyrosens_world'
[0.245s] INFO:colcon.colcon_core.package_selection:Skipping not selected package 'systemDev' in 'systemDev'
[0.245s] INFO:colcon.colcon_core.package_selection:Skipping not selected package 'testing_ground' in 'testing_ground'
[0.245s] INFO:colcon.colcon_core.package_selection:Skipping not selected package 'thermal_pyrosens' in 'pryosens_prediction'
[0.245s] INFO:colcon.colcon_core.package_selection:Skipping not selected package 'thermal_pyrosens' in 'realSens_pyrosens'
[0.245s] INFO:colcon.colcon_core.package_selection:Skipping not selected package 'thermal_pyrosens' in 'thermal_pyrosens'
[0.245s] INFO:colcon.colcon_core.package_selection:Skipping not selected package 'wind_pyrosens' in 'wind_pyrosens'
[0.245s] INFO:colcon.colcon_core.package_selection:Skipping not selected package 'pyrosens_bringup' in 'pyrosens_bringup'
[0.246s] Level 1:colcon.colcon_core.package_discovery:discover_packages(prefix_path) check parameters
[0.246s] Level 1:colcon.colcon_core.package_discovery:discover_packages(prefix_path) discover
[0.247s] DEBUG:colcon.colcon_installed_package_information.package_discovery:Found 20 installed packages in /home/elijahs04/ros2_ws/install
[0.248s] DEBUG:colcon.colcon_installed_package_information.package_discovery:Found 1 installed packages in /home/elijahs04/41068_ws/install
[0.249s] DEBUG:colcon.colcon_installed_package_information.package_discovery:Found 407 installed packages in /opt/ros/humble
[0.250s] Level 1:colcon.colcon_core.package_discovery:discover_packages(prefix_path) using defaults
[0.277s] WARNING:colcon.colcon_core.package_selection:Some selected packages are already built in one or more underlay workspaces:
	'pyrosens_core' is in: /home/elijahs04/ros2_ws/install/pyrosens_core
If a package in a merged underlay workspace is overridden and it installs headers, then all packages in the overlay must sort their include directories by workspace order. Failure to do so may result in build failures or undefined behavior at run time.
If the overridden package is used by another package in any underlay, then the overriding package in the overlay must be API and ABI compatible or undefined behavior at run time may occur.

If you understand the risks and want to override a package anyways, add the following to the command line:
	--allow-overriding pyrosens_core

This may be promoted to an error in a future release of colcon-override-check.
[0.278s] Level 5:colcon.colcon_core.verb:set package 'pyrosens_core' build argument 'cmake_args' from command line to 'None'
[0.278s] Level 5:colcon.colcon_core.verb:set package 'pyrosens_core' build argument 'cmake_target' from command line to 'None'
[0.278s] Level 5:colcon.colcon_core.verb:set package 'pyrosens_core' build argument 'cmake_target_skip_unavailable' from command line to 'False'
[0.278s] Level 5:colcon.colcon_core.verb:set package 'pyrosens_core' build argument 'cmake_clean_cache' from command line to 'False'
[0.278s] Level 5:colcon.colcon_core.verb:set package 'pyrosens_core' build argument 'cmake_clean_first' from command line to 'False'
[0.278s] Level 5:colcon.colcon_core.verb:set package 'pyrosens_core' build argument 'cmake_force_configure' from command line to 'False'
[0.278s] Level 5:colcon.colcon_core.verb:set package 'pyrosens_core' build argument 'ament_cmake_args' from command line to 'None'
[0.278s] Level 5:colcon.colcon_core.verb:set package 'pyrosens_core' build argument 'catkin_cmake_args' from command line to 'None'
[0.278s] Level 5:colcon.colcon_core.verb:set package 'pyrosens_core' build argument 'catkin_skip_building_tests' from command line to 'False'
[0.278s] DEBUG:colcon.colcon_core.verb:Building package 'pyrosens_core' with the following arguments: {'ament_cmake_args': None, 'build_base': '/home/elijahs04/ros2_ws/src/41068_RS1/build/pyrosens_core', 'catkin_cmake_args': None, 'catkin_skip_building_tests': False, 'cmake_args': None, 'cmake_clean_cache': False, 'cmake_clean_first': False, 'cmake_force_configure': False, 'cmake_target': None, 'cmake_target_skip_unavailable': False, 'install_base': '/home/elijahs04/ros2_ws/src/41068_RS1/install/pyrosens_core', 'merge_install': False, 'path': '/home/elijahs04/ros2_ws/src/41068_RS1/pyrosens_core', 'symlink_install': False, 'test_result_base': None}
[0.278s] INFO:colcon.colcon_core.executor:Executing jobs using 'parallel' executor
[0.279s] DEBUG:colcon.colcon_parallel_executor.executor.parallel:run_until_complete
[0.279s] INFO:colcon.colcon_ros.task.ament_cmake.build:Building ROS package in '/home/elijahs04/ros2_ws/src/41068_RS1/pyrosens_core' with build type 'ament_cmake'
[0.279s] INFO:colcon.colcon_cmake.task.cmake.build:Building CMake package in '/home/elijahs04/ros2_ws/src/41068_RS1/pyrosens_core'
[0.280s] INFO:colcon.colcon_core.plugin_system:Skipping extension 'colcon_core.shell.bat': Not used on non-Windows systems
[0.280s] INFO:colcon.colcon_core.shell:Skip shell extension 'powershell' for command environment: Not usable outside of PowerShell
[0.281s] DEBUG:colcon.colcon_core.shell:Skip shell extension 'dsv' for command environment
