[0.008s] Invoking command in '/home/elijahs04/ros2_ws/src/41068_RS1/build/pyrosens_mission': CMAKE_PREFIX_PATH=${CMAKE_PREFIX_PATH}:/opt/ros/humble /usr/bin/cmake --build /home/elijahs04/ros2_ws/src/41068_RS1/build/pyrosens_mission -- -j16 -l16
[0.044s] Consolidate compiler generated dependencies of target windSensor_lib
[0.045s] Consolidate compiler generated dependencies of target windSim_lib
[0.045s] Consolidate compiler generated dependencies of target thermInterpolation_lib
[0.045s] Consolidate compiler generated dependencies of target thermSens_lib
[0.045s] Consolidate compiler generated dependencies of target mission_core_lib
[0.047s] Consolidate compiler generated dependencies of target mission_cmd_bridge
[0.048s] Consolidate compiler generated dependencies of target windInterpolation_lib
[0.048s] Consolidate compiler generated dependencies of target thermalSim_lib
[0.048s] Consolidate compiler generated dependencies of target goals_lib
[0.053s] [  4%] Built target thermSens_lib
[0.053s] [ 13%] Built target thermInterpolation_lib
[0.053s] [ 13%] Built target windSim_lib
[0.053s] [ 15%] Building CXX object CMakeFiles/mission_core_lib.dir/src/mission.cpp.o
[0.055s] [ 20%] Built target windSensor_lib
[0.056s] [ 25%] Built target mission_cmd_bridge
[0.057s] [ 29%] Built target thermalSim_lib
[0.059s] [ 34%] Built target windInterpolation_lib
[0.061s] [ 38%] Built target goals_lib
[0.063s] Consolidate compiler generated dependencies of target main_thermal
[0.063s] Consolidate compiler generated dependencies of target main_thermInterpolation
[0.065s] Consolidate compiler generated dependencies of target main_thermSens
[0.065s] Consolidate compiler generated dependencies of target main_windSens
[0.065s] Consolidate compiler generated dependencies of target main_windSim
[0.067s] Consolidate compiler generated dependencies of target main_sim
[0.068s] Consolidate compiler generated dependencies of target main_thermalSim
[0.071s] Consolidate compiler generated dependencies of target main_interpolation
[0.071s] Consolidate compiler generated dependencies of target main_wind
[0.071s] Consolidate compiler generated dependencies of target main_windInterpolation
[0.072s] Consolidate compiler generated dependencies of target main_perception
[0.072s] Consolidate compiler generated dependencies of target main_goals
[0.073s] [ 43%] Built target main_thermal
[0.075s] [ 47%] Built target main_thermInterpolation
[0.077s] [ 54%] Built target main_sim
[0.077s] [ 63%] Built target main_thermSens
[0.077s] [ 65%] Built target main_windSim
[0.077s] [ 65%] Built target main_windSens
[0.078s] [ 70%] Built target main_thermalSim
[0.081s] [ 75%] Built target main_windInterpolation
[0.081s] [ 88%] Built target main_goals
[0.081s] [ 88%] Built target main_perception
[0.082s] [ 88%] Built target main_interpolation
[0.082s] [ 93%] Built target main_wind
[10.044s] [ 95%] Linking CXX static library libmission_core_lib.a
[10.241s] [ 95%] Built target mission_core_lib
[10.251s] Consolidate compiler generated dependencies of target main_mission
[10.261s] [ 97%] Linking CXX executable main_mission
[10.798s] [100%] Built target main_mission
[10.806s] Invoked command in '/home/elijahs04/ros2_ws/src/41068_RS1/build/pyrosens_mission' returned '0': CMAKE_PREFIX_PATH=${CMAKE_PREFIX_PATH}:/opt/ros/humble /usr/bin/cmake --build /home/elijahs04/ros2_ws/src/41068_RS1/build/pyrosens_mission -- -j16 -l16
[10.812s] Invoking command in '/home/elijahs04/ros2_ws/src/41068_RS1/build/pyrosens_mission': CMAKE_PREFIX_PATH=${CMAKE_PREFIX_PATH}:/opt/ros/humble /usr/bin/cmake --install /home/elijahs04/ros2_ws/src/41068_RS1/build/pyrosens_mission
[10.816s] -- Install configuration: ""
[10.816s] -- Up-to-date: /home/elijahs04/ros2_ws/src/41068_RS1/install/pyrosens_mission/lib/libthermSens_lib.a
[10.816s] -- Up-to-date: /home/elijahs04/ros2_ws/src/41068_RS1/install/pyrosens_mission/lib/libthermInterpolation_lib.a
[10.816s] -- Up-to-date: /home/elijahs04/ros2_ws/src/41068_RS1/install/pyrosens_mission/lib/libthermalSim_lib.a
[10.816s] -- Up-to-date: /home/elijahs04/ros2_ws/src/41068_RS1/install/pyrosens_mission/lib/libwindSensor_lib.a
[10.817s] -- Up-to-date: /home/elijahs04/ros2_ws/src/41068_RS1/install/pyrosens_mission/lib/libwindInterpolation_lib.a
[10.817s] -- Up-to-date: /home/elijahs04/ros2_ws/src/41068_RS1/install/pyrosens_mission/lib/libwindSim_lib.a
[10.817s] -- Up-to-date: /home/elijahs04/ros2_ws/src/41068_RS1/install/pyrosens_mission/lib/libgoals_lib.a
[10.817s] -- Up-to-date: /home/elijahs04/ros2_ws/src/41068_RS1/install/pyrosens_mission/lib/pyrosens_mission/main_goals
[10.817s] -- Up-to-date: /home/elijahs04/ros2_ws/src/41068_RS1/install/pyrosens_mission/lib/pyrosens_mission/main_thermal
[10.817s] -- Up-to-date: /home/elijahs04/ros2_ws/src/41068_RS1/install/pyrosens_mission/lib/pyrosens_mission/main_wind
[10.817s] -- Up-to-date: /home/elijahs04/ros2_ws/src/41068_RS1/install/pyrosens_mission/lib/pyrosens_mission/main_interpolation
[10.817s] -- Up-to-date: /home/elijahs04/ros2_ws/src/41068_RS1/install/pyrosens_mission/lib/pyrosens_mission/main_perception
[10.817s] -- Up-to-date: /home/elijahs04/ros2_ws/src/41068_RS1/install/pyrosens_mission/lib/pyrosens_mission/main_sim
[10.817s] -- Up-to-date: /home/elijahs04/ros2_ws/src/41068_RS1/install/pyrosens_mission/lib/pyrosens_mission/main_thermSens
[10.818s] -- Up-to-date: /home/elijahs04/ros2_ws/src/41068_RS1/install/pyrosens_mission/lib/pyrosens_mission/main_thermInterpolation
[10.818s] -- Up-to-date: /home/elijahs04/ros2_ws/src/41068_RS1/install/pyrosens_mission/lib/pyrosens_mission/main_windSens
[10.818s] -- Up-to-date: /home/elijahs04/ros2_ws/src/41068_RS1/install/pyrosens_mission/lib/pyrosens_mission/main_windInterpolation
[10.818s] -- Up-to-date: /home/elijahs04/ros2_ws/src/41068_RS1/install/pyrosens_mission/lib/pyrosens_mission/main_thermalSim
[10.818s] -- Up-to-date: /home/elijahs04/ros2_ws/src/41068_RS1/install/pyrosens_mission/lib/pyrosens_mission/main_windSim
[10.818s] -- Installing: /home/elijahs04/ros2_ws/src/41068_RS1/install/pyrosens_mission/lib/libmission_core_lib.a
[10.832s] -- Installing: /home/elijahs04/ros2_ws/src/41068_RS1/install/pyrosens_mission/lib/pyrosens_mission/main_mission
[10.837s] -- Set runtime path of "/home/elijahs04/ros2_ws/src/41068_RS1/install/pyrosens_mission/lib/pyrosens_mission/main_mission" to ""
[10.837s] -- Up-to-date: /home/elijahs04/ros2_ws/src/41068_RS1/install/pyrosens_mission/lib/pyrosens_mission/mission_cmd_bridge
[10.837s] -- Up-to-date: /home/elijahs04/ros2_ws/src/41068_RS1/install/pyrosens_mission/include
[10.837s] -- Up-to-date: /home/elijahs04/ros2_ws/src/41068_RS1/install/pyrosens_mission/include/wind_pyrosens
[10.837s] -- Up-to-date: /home/elijahs04/ros2_ws/src/41068_RS1/install/pyrosens_mission/include/wind_pyrosens/windInterpolationNode.hpp
[10.837s] -- Up-to-date: /home/elijahs04/ros2_ws/src/41068_RS1/install/pyrosens_mission/include/wind_pyrosens/windSensNode.hpp
[10.837s] -- Up-to-date: /home/elijahs04/ros2_ws/src/41068_RS1/install/pyrosens_mission/include/wind_pyrosens/windSimNode.hpp
[10.837s] -- Up-to-date: /home/elijahs04/ros2_ws/src/41068_RS1/install/pyrosens_mission/include/mission_pyrosens
[10.837s] -- Up-to-date: /home/elijahs04/ros2_ws/src/41068_RS1/install/pyrosens_mission/include/mission_pyrosens/mission.hpp
[10.837s] -- Up-to-date: /home/elijahs04/ros2_ws/src/41068_RS1/install/pyrosens_mission/include/goals_pyrosens
[10.837s] -- Up-to-date: /home/elijahs04/ros2_ws/src/41068_RS1/install/pyrosens_mission/include/goals_pyrosens/goals.hpp
[10.837s] -- Up-to-date: /home/elijahs04/ros2_ws/src/41068_RS1/install/pyrosens_mission/include/thermal_pyrosens
[10.837s] -- Up-to-date: /home/elijahs04/ros2_ws/src/41068_RS1/install/pyrosens_mission/include/thermal_pyrosens/thermalSimNode.hpp
[10.837s] -- Up-to-date: /home/elijahs04/ros2_ws/src/41068_RS1/install/pyrosens_mission/include/thermal_pyrosens/thermInterpolationNode.hpp
[10.837s] -- Up-to-date: /home/elijahs04/ros2_ws/src/41068_RS1/install/pyrosens_mission/include/thermal_pyrosens/thermSensNode.hpp
[10.837s] -- Up-to-date: /home/elijahs04/ros2_ws/src/41068_RS1/install/pyrosens_mission/share/pyrosens_mission/config
[10.837s] -- Up-to-date: /home/elijahs04/ros2_ws/src/41068_RS1/install/pyrosens_mission/share/pyrosens_mission/config/nav2_params.yaml
[10.838s] -- Up-to-date: /home/elijahs04/ros2_ws/src/41068_RS1/install/pyrosens_mission/share/pyrosens_mission/config/mission_params.yaml
[10.838s] -- Up-to-date: /home/elijahs04/ros2_ws/src/41068_RS1/install/pyrosens_mission/share/pyrosens_mission/maps
[10.838s] -- Up-to-date: /home/elijahs04/ros2_ws/src/41068_RS1/install/pyrosens_mission/share/pyrosens_mission/maps/test_map.pgm
[10.838s] -- Up-to-date: /home/elijahs04/ros2_ws/src/41068_RS1/install/pyrosens_mission/share/pyrosens_mission/maps/test_map.yaml
[10.838s] -- Up-to-date: /home/elijahs04/ros2_ws/src/41068_RS1/install/pyrosens_mission/share/pyrosens_mission/launch
[10.838s] -- Up-to-date: /home/elijahs04/ros2_ws/src/41068_RS1/install/pyrosens_mission/share/pyrosens_mission/launch/pyrosens_system.launch.py
[10.838s] -- Up-to-date: /home/elijahs04/ros2_ws/src/41068_RS1/install/pyrosens_mission/share/pyrosens_mission/launch/mission_proxy_with_nav2.launch.py
[10.838s] -- Up-to-date: /home/elijahs04/ros2_ws/src/41068_RS1/install/pyrosens_mission/share/pyrosens_mission/rviz
[10.838s] -- Up-to-date: /home/elijahs04/ros2_ws/src/41068_RS1/install/pyrosens_mission/share/pyrosens_mission/rviz/Heatmap.rviz
[10.838s] -- Up-to-date: /home/elijahs04/ros2_ws/src/41068_RS1/install/pyrosens_mission/share/pyrosens_mission/rviz/WindMarkerArray.rviz
[10.838s] -- Up-to-date: /home/elijahs04/ros2_ws/src/41068_RS1/install/pyrosens_mission/share/ament_index/resource_index/package_run_dependencies/pyrosens_mission
[10.838s] -- Up-to-date: /home/elijahs04/ros2_ws/src/41068_RS1/install/pyrosens_mission/share/ament_index/resource_index/parent_prefix_path/pyrosens_mission
[10.838s] -- Up-to-date: /home/elijahs04/ros2_ws/src/41068_RS1/install/pyrosens_mission/share/pyrosens_mission/environment/ament_prefix_path.sh
[10.838s] -- Up-to-date: /home/elijahs04/ros2_ws/src/41068_RS1/install/pyrosens_mission/share/pyrosens_mission/environment/ament_prefix_path.dsv
[10.838s] -- Up-to-date: /home/elijahs04/ros2_ws/src/41068_RS1/install/pyrosens_mission/share/pyrosens_mission/environment/path.sh
[10.838s] -- Up-to-date: /home/elijahs04/ros2_ws/src/41068_RS1/install/pyrosens_mission/share/pyrosens_mission/environment/path.dsv
[10.838s] -- Up-to-date: /home/elijahs04/ros2_ws/src/41068_RS1/install/pyrosens_mission/share/pyrosens_mission/local_setup.bash
[10.838s] -- Up-to-date: /home/elijahs04/ros2_ws/src/41068_RS1/install/pyrosens_mission/share/pyrosens_mission/local_setup.sh
[10.838s] -- Up-to-date: /home/elijahs04/ros2_ws/src/41068_RS1/install/pyrosens_mission/share/pyrosens_mission/local_setup.zsh
[10.838s] -- Up-to-date: /home/elijahs04/ros2_ws/src/41068_RS1/install/pyrosens_mission/share/pyrosens_mission/local_setup.dsv
[10.838s] -- Installing: /home/elijahs04/ros2_ws/src/41068_RS1/install/pyrosens_mission/share/pyrosens_mission/package.dsv
[10.838s] -- Up-to-date: /home/elijahs04/ros2_ws/src/41068_RS1/install/pyrosens_mission/share/ament_index/resource_index/packages/pyrosens_mission
[10.838s] -- Up-to-date: /home/elijahs04/ros2_ws/src/41068_RS1/install/pyrosens_mission/share/pyrosens_mission/cmake/pyrosens_missionConfig.cmake
[10.838s] -- Up-to-date: /home/elijahs04/ros2_ws/src/41068_RS1/install/pyrosens_mission/share/pyrosens_mission/cmake/pyrosens_missionConfig-version.cmake
[10.838s] -- Up-to-date: /home/elijahs04/ros2_ws/src/41068_RS1/install/pyrosens_mission/share/pyrosens_mission/package.xml
[30.020s] Invoked command in '/home/elijahs04/ros2_ws/src/41068_RS1/build/pyrosens_mission' returned '0': CMAKE_PREFIX_PATH=${CMAKE_PREFIX_PATH}:/opt/ros/humble /usr/bin/cmake --install /home/elijahs04/ros2_ws/src/41068_RS1/build/pyrosens_mission
