Consolidate compiler generated dependencies of target mission_core_lib
[  4%] Built target windInterpolation_lib
[  9%] Built target windSim_lib
[ 13%] Built target thermInterpolation_lib
[ 18%] Built target thermalSim_lib
[ 22%] Built target goals_lib
[ 27%] Built target windSensor_lib
[ 31%] Built target thermSens_lib
[ 36%] Built target mission_cmd_bridge
[ 38%] Building CXX object CMakeFiles/mission_core_lib.dir/src/mission.cpp.o
[ 43%] Built target main_interpolation
[ 47%] Built target main_thermInterpolation
[ 52%] Built target main_thermalSim
[ 56%] Built target main_windSim
[ 61%] Built target main_sim
[ 68%] Built target main_windSens
[ 70%] Built target main_wind
[ 75%] Built target main_windInterpolation
[ 79%] Built target main_goals
[ 84%] Built target main_thermal
[ 88%] Built target main_thermSens
[ 93%] Built target main_perception
[ 95%] Linking CXX static library libmission_core_lib.a
[ 95%] Built target mission_core_lib
[ 97%] Linking CXX executable main_mission
[100%] Built target main_mission
-- Install configuration: ""
-- Up-to-date: /home/elijahs04/ros2_ws/src/41068_RS1/install/pyrosens_mission/lib/libthermSens_lib.a
-- Up-to-date: /home/elijahs04/ros2_ws/src/41068_RS1/install/pyrosens_mission/lib/libthermInterpolation_lib.a
-- Up-to-date: /home/elijahs04/ros2_ws/src/41068_RS1/install/pyrosens_mission/lib/libthermalSim_lib.a
-- Up-to-date: /home/elijahs04/ros2_ws/src/41068_RS1/install/pyrosens_mission/lib/libwindSensor_lib.a
-- Up-to-date: /home/elijahs04/ros2_ws/src/41068_RS1/install/pyrosens_mission/lib/libwindInterpolation_lib.a
-- Up-to-date: /home/elijahs04/ros2_ws/src/41068_RS1/install/pyrosens_mission/lib/libwindSim_lib.a
-- Up-to-date: /home/elijahs04/ros2_ws/src/41068_RS1/install/pyrosens_mission/lib/libgoals_lib.a
-- Up-to-date: /home/elijahs04/ros2_ws/src/41068_RS1/install/pyrosens_mission/lib/pyrosens_mission/main_goals
-- Up-to-date: /home/elijahs04/ros2_ws/src/41068_RS1/install/pyrosens_mission/lib/pyrosens_mission/main_thermal
-- Up-to-date: /home/elijahs04/ros2_ws/src/41068_RS1/install/pyrosens_mission/lib/pyrosens_mission/main_wind
-- Up-to-date: /home/elijahs04/ros2_ws/src/41068_RS1/install/pyrosens_mission/lib/pyrosens_mission/main_interpolation
-- Up-to-date: /home/elijahs04/ros2_ws/src/41068_RS1/install/pyrosens_mission/lib/pyrosens_mission/main_perception
-- Up-to-date: /home/elijahs04/ros2_ws/src/41068_RS1/install/pyrosens_mission/lib/pyrosens_mission/main_sim
-- Up-to-date: /home/elijahs04/ros2_ws/src/41068_RS1/install/pyrosens_mission/lib/pyrosens_mission/main_thermSens
-- Up-to-date: /home/elijahs04/ros2_ws/src/41068_RS1/install/pyrosens_mission/lib/pyrosens_mission/main_thermInterpolation
-- Up-to-date: /home/elijahs04/ros2_ws/src/41068_RS1/install/pyrosens_mission/lib/pyrosens_mission/main_windSens
-- Up-to-date: /home/elijahs04/ros2_ws/src/41068_RS1/install/pyrosens_mission/lib/pyrosens_mission/main_windInterpolation
-- Up-to-date: /home/elijahs04/ros2_ws/src/41068_RS1/install/pyrosens_mission/lib/pyrosens_mission/main_thermalSim
-- Up-to-date: /home/elijahs04/ros2_ws/src/41068_RS1/install/pyrosens_mission/lib/pyrosens_mission/main_windSim
-- Installing: /home/elijahs04/ros2_ws/src/41068_RS1/install/pyrosens_mission/lib/libmission_core_lib.a
-- Installing: /home/elijahs04/ros2_ws/src/41068_RS1/install/pyrosens_mission/lib/pyrosens_mission/main_mission
-- Set runtime path of "/home/elijahs04/ros2_ws/src/41068_RS1/install/pyrosens_mission/lib/pyrosens_mission/main_mission" to ""
-- Up-to-date: /home/elijahs04/ros2_ws/src/41068_RS1/install/pyrosens_mission/lib/pyrosens_mission/mission_cmd_bridge
-- Up-to-date: /home/elijahs04/ros2_ws/src/41068_RS1/install/pyrosens_mission/include
-- Up-to-date: /home/elijahs04/ros2_ws/src/41068_RS1/install/pyrosens_mission/include/wind_pyrosens
-- Up-to-date: /home/elijahs04/ros2_ws/src/41068_RS1/install/pyrosens_mission/include/wind_pyrosens/windInterpolationNode.hpp
-- Up-to-date: /home/elijahs04/ros2_ws/src/41068_RS1/install/pyrosens_mission/include/wind_pyrosens/windSensNode.hpp
-- Up-to-date: /home/elijahs04/ros2_ws/src/41068_RS1/install/pyrosens_mission/include/wind_pyrosens/windSimNode.hpp
-- Up-to-date: /home/elijahs04/ros2_ws/src/41068_RS1/install/pyrosens_mission/include/mission_pyrosens
-- Up-to-date: /home/elijahs04/ros2_ws/src/41068_RS1/install/pyrosens_mission/include/mission_pyrosens/mission.hpp
-- Up-to-date: /home/elijahs04/ros2_ws/src/41068_RS1/install/pyrosens_mission/include/goals_pyrosens
-- Up-to-date: /home/elijahs04/ros2_ws/src/41068_RS1/install/pyrosens_mission/include/goals_pyrosens/goals.hpp
-- Up-to-date: /home/elijahs04/ros2_ws/src/41068_RS1/install/pyrosens_mission/include/thermal_pyrosens
-- Up-to-date: /home/elijahs04/ros2_ws/src/41068_RS1/install/pyrosens_mission/include/thermal_pyrosens/thermalSimNode.hpp
-- Up-to-date: /home/elijahs04/ros2_ws/src/41068_RS1/install/pyrosens_mission/include/thermal_pyrosens/thermInterpolationNode.hpp
-- Up-to-date: /home/elijahs04/ros2_ws/src/41068_RS1/install/pyrosens_mission/include/thermal_pyrosens/thermSensNode.hpp
-- Up-to-date: /home/elijahs04/ros2_ws/src/41068_RS1/install/pyrosens_mission/share/pyrosens_mission/config
-- Up-to-date: /home/elijahs04/ros2_ws/src/41068_RS1/install/pyrosens_mission/share/pyrosens_mission/config/nav2_params.yaml
-- Up-to-date: /home/elijahs04/ros2_ws/src/41068_RS1/install/pyrosens_mission/share/pyrosens_mission/config/mission_params.yaml
-- Up-to-date: /home/elijahs04/ros2_ws/src/41068_RS1/install/pyrosens_mission/share/pyrosens_mission/maps
-- Up-to-date: /home/elijahs04/ros2_ws/src/41068_RS1/install/pyrosens_mission/share/pyrosens_mission/maps/test_map.pgm
-- Up-to-date: /home/elijahs04/ros2_ws/src/41068_RS1/install/pyrosens_mission/share/pyrosens_mission/maps/test_map.yaml
-- Up-to-date: /home/elijahs04/ros2_ws/src/41068_RS1/install/pyrosens_mission/share/pyrosens_mission/launch
-- Up-to-date: /home/elijahs04/ros2_ws/src/41068_RS1/install/pyrosens_mission/share/pyrosens_mission/launch/pyrosens_system.launch.py
-- Up-to-date: /home/elijahs04/ros2_ws/src/41068_RS1/install/pyrosens_mission/share/pyrosens_mission/launch/mission_proxy_with_nav2.launch.py
-- Up-to-date: /home/elijahs04/ros2_ws/src/41068_RS1/install/pyrosens_mission/share/pyrosens_mission/rviz
-- Up-to-date: /home/elijahs04/ros2_ws/src/41068_RS1/install/pyrosens_mission/share/pyrosens_mission/rviz/Heatmap.rviz
-- Up-to-date: /home/elijahs04/ros2_ws/src/41068_RS1/install/pyrosens_mission/share/pyrosens_mission/rviz/WindMarkerArray.rviz
-- Up-to-date: /home/elijahs04/ros2_ws/src/41068_RS1/install/pyrosens_mission/share/ament_index/resource_index/package_run_dependencies/pyrosens_mission
-- Up-to-date: /home/elijahs04/ros2_ws/src/41068_RS1/install/pyrosens_mission/share/ament_index/resource_index/parent_prefix_path/pyrosens_mission
-- Up-to-date: /home/elijahs04/ros2_ws/src/41068_RS1/install/pyrosens_mission/share/pyrosens_mission/environment/ament_prefix_path.sh
-- Up-to-date: /home/elijahs04/ros2_ws/src/41068_RS1/install/pyrosens_mission/share/pyrosens_mission/environment/ament_prefix_path.dsv
-- Up-to-date: /home/elijahs04/ros2_ws/src/41068_RS1/install/pyrosens_mission/share/pyrosens_mission/environment/path.sh
-- Up-to-date: /home/elijahs04/ros2_ws/src/41068_RS1/install/pyrosens_mission/share/pyrosens_mission/environment/path.dsv
-- Up-to-date: /home/elijahs04/ros2_ws/src/41068_RS1/install/pyrosens_mission/share/pyrosens_mission/local_setup.bash
-- Up-to-date: /home/elijahs04/ros2_ws/src/41068_RS1/install/pyrosens_mission/share/pyrosens_mission/local_setup.sh
-- Up-to-date: /home/elijahs04/ros2_ws/src/41068_RS1/install/pyrosens_mission/share/pyrosens_mission/local_setup.zsh
-- Up-to-date: /home/elijahs04/ros2_ws/src/41068_RS1/install/pyrosens_mission/share/pyrosens_mission/local_setup.dsv
-- Installing: /home/elijahs04/ros2_ws/src/41068_RS1/install/pyrosens_mission/share/pyrosens_mission/package.dsv
-- Up-to-date: /home/elijahs04/ros2_ws/src/41068_RS1/install/pyrosens_mission/share/ament_index/resource_index/packages/pyrosens_mission
-- Up-to-date: /home/elijahs04/ros2_ws/src/41068_RS1/install/pyrosens_mission/share/pyrosens_mission/cmake/pyrosens_missionConfig.cmake
-- Up-to-date: /home/elijahs04/ros2_ws/src/41068_RS1/install/pyrosens_mission/share/pyrosens_mission/cmake/pyrosens_missionConfig-version.cmake
-- Up-to-date: /home/elijahs04/ros2_ws/src/41068_RS1/install/pyrosens_mission/share/pyrosens_mission/package.xml
