[30.013s] Invoking command in '/home/elijahs04/ros2_ws/src/41068_RS1/build/pyrosens_mission': CMAKE_PREFIX_PATH=${CMAKE_PREFIX_PATH}:/opt/ros/humble /usr/bin/cmake --build /home/elijahs04/ros2_ws/src/41068_RS1/build/pyrosens_mission -- -j16 -l16
[30.053s] Consolidate compiler generated dependencies of target mission_core_lib
[30.058s] [  4%] Built target windInterpolation_lib
[30.058s] [  9%] Built target windSim_lib
[30.058s] [ 13%] Built target thermInterpolation_lib
[30.059s] [ 18%] Built target thermalSim_lib
[30.059s] [ 22%] Built target goals_lib
[30.059s] [ 27%] Built target windSensor_lib
[30.064s] [ 31%] Built target thermSens_lib
[30.068s] [ 36%] Built target mission_cmd_bridge
[30.068s] [ 38%] Building CXX object CMakeFiles/mission_core_lib.dir/src/mission.cpp.o
[30.077s] [ 43%] Built target main_interpolation
[30.078s] [ 47%] Built target main_thermInterpolation
[30.078s] [ 52%] Built target main_thermalSim
[30.079s] [ 56%] Built target main_windSim
[30.079s] [ 61%] Built target main_sim
[30.081s] [ 68%] Built target main_windSens
[30.081s] [ 70%] Built target main_wind
[30.081s] [ 75%] Built target main_windInterpolation
[30.082s] [ 79%] Built target main_goals
[30.082s] [ 84%] Built target main_thermal
[30.082s] [ 88%] Built target main_thermSens
[30.084s] [ 93%] Built target main_perception
[39.840s] [ 95%] Linking CXX static library libmission_core_lib.a
[40.040s] [ 95%] Built target mission_core_lib
[40.060s] [ 97%] Linking CXX executable main_mission
[40.621s] [100%] Built target main_mission
[40.628s] Invoked command in '/home/elijahs04/ros2_ws/src/41068_RS1/build/pyrosens_mission' returned '0': CMAKE_PREFIX_PATH=${CMAKE_PREFIX_PATH}:/opt/ros/humble /usr/bin/cmake --build /home/elijahs04/ros2_ws/src/41068_RS1/build/pyrosens_mission -- -j16 -l16
[40.634s] Invoking command in '/home/elijahs04/ros2_ws/src/41068_RS1/build/pyrosens_mission': CMAKE_PREFIX_PATH=${CMAKE_PREFIX_PATH}:/opt/ros/humble /usr/bin/cmake --install /home/elijahs04/ros2_ws/src/41068_RS1/build/pyrosens_mission
[40.638s] -- Install configuration: ""
[40.638s] -- Up-to-date: /home/elijahs04/ros2_ws/src/41068_RS1/install/pyrosens_mission/lib/libthermSens_lib.a
[40.638s] -- Up-to-date: /home/elijahs04/ros2_ws/src/41068_RS1/install/pyrosens_mission/lib/libthermInterpolation_lib.a
[40.638s] -- Up-to-date: /home/elijahs04/ros2_ws/src/41068_RS1/install/pyrosens_mission/lib/libthermalSim_lib.a
[40.638s] -- Up-to-date: /home/elijahs04/ros2_ws/src/41068_RS1/install/pyrosens_mission/lib/libwindSensor_lib.a
[40.638s] -- Up-to-date: /home/elijahs04/ros2_ws/src/41068_RS1/install/pyrosens_mission/lib/libwindInterpolation_lib.a
[40.638s] -- Up-to-date: /home/elijahs04/ros2_ws/src/41068_RS1/install/pyrosens_mission/lib/libwindSim_lib.a
[40.638s] -- Up-to-date: /home/elijahs04/ros2_ws/src/41068_RS1/install/pyrosens_mission/lib/libgoals_lib.a
[40.638s] -- Up-to-date: /home/elijahs04/ros2_ws/src/41068_RS1/install/pyrosens_mission/lib/pyrosens_mission/main_goals
[40.638s] -- Up-to-date: /home/elijahs04/ros2_ws/src/41068_RS1/install/pyrosens_mission/lib/pyrosens_mission/main_thermal
[40.638s] -- Up-to-date: /home/elijahs04/ros2_ws/src/41068_RS1/install/pyrosens_mission/lib/pyrosens_mission/main_wind
[40.638s] -- Up-to-date: /home/elijahs04/ros2_ws/src/41068_RS1/install/pyrosens_mission/lib/pyrosens_mission/main_interpolation
[40.639s] -- Up-to-date: /home/elijahs04/ros2_ws/src/41068_RS1/install/pyrosens_mission/lib/pyrosens_mission/main_perception
[40.639s] -- Up-to-date: /home/elijahs04/ros2_ws/src/41068_RS1/install/pyrosens_mission/lib/pyrosens_mission/main_sim
[40.639s] -- Up-to-date: /home/elijahs04/ros2_ws/src/41068_RS1/install/pyrosens_mission/lib/pyrosens_mission/main_thermSens
[40.639s] -- Up-to-date: /home/elijahs04/ros2_ws/src/41068_RS1/install/pyrosens_mission/lib/pyrosens_mission/main_thermInterpolation
[40.639s] -- Up-to-date: /home/elijahs04/ros2_ws/src/41068_RS1/install/pyrosens_mission/lib/pyrosens_mission/main_windSens
[40.639s] -- Up-to-date: /home/elijahs04/ros2_ws/src/41068_RS1/install/pyrosens_mission/lib/pyrosens_mission/main_windInterpolation
[40.639s] -- Up-to-date: /home/elijahs04/ros2_ws/src/41068_RS1/install/pyrosens_mission/lib/pyrosens_mission/main_thermalSim
[40.639s] -- Up-to-date: /home/elijahs04/ros2_ws/src/41068_RS1/install/pyrosens_mission/lib/pyrosens_mission/main_windSim
[40.639s] -- Installing: /home/elijahs04/ros2_ws/src/41068_RS1/install/pyrosens_mission/lib/libmission_core_lib.a
[40.655s] -- Installing: /home/elijahs04/ros2_ws/src/41068_RS1/install/pyrosens_mission/lib/pyrosens_mission/main_mission
[40.660s] -- Set runtime path of "/home/elijahs04/ros2_ws/src/41068_RS1/install/pyrosens_mission/lib/pyrosens_mission/main_mission" to ""
[40.660s] -- Up-to-date: /home/elijahs04/ros2_ws/src/41068_RS1/install/pyrosens_mission/lib/pyrosens_mission/mission_cmd_bridge
[40.660s] -- Up-to-date: /home/elijahs04/ros2_ws/src/41068_RS1/install/pyrosens_mission/include
[40.660s] -- Up-to-date: /home/elijahs04/ros2_ws/src/41068_RS1/install/pyrosens_mission/include/wind_pyrosens
[40.660s] -- Up-to-date: /home/elijahs04/ros2_ws/src/41068_RS1/install/pyrosens_mission/include/wind_pyrosens/windInterpolationNode.hpp
[40.660s] -- Up-to-date: /home/elijahs04/ros2_ws/src/41068_RS1/install/pyrosens_mission/include/wind_pyrosens/windSensNode.hpp
[40.660s] -- Up-to-date: /home/elijahs04/ros2_ws/src/41068_RS1/install/pyrosens_mission/include/wind_pyrosens/windSimNode.hpp
[40.660s] -- Up-to-date: /home/elijahs04/ros2_ws/src/41068_RS1/install/pyrosens_mission/include/mission_pyrosens
[40.660s] -- Up-to-date: /home/elijahs04/ros2_ws/src/41068_RS1/install/pyrosens_mission/include/mission_pyrosens/mission.hpp
[40.660s] -- Up-to-date: /home/elijahs04/ros2_ws/src/41068_RS1/install/pyrosens_mission/include/goals_pyrosens
[40.660s] -- Up-to-date: /home/elijahs04/ros2_ws/src/41068_RS1/install/pyrosens_mission/include/goals_pyrosens/goals.hpp
[40.660s] -- Up-to-date: /home/elijahs04/ros2_ws/src/41068_RS1/install/pyrosens_mission/include/thermal_pyrosens
[40.660s] -- Up-to-date: /home/elijahs04/ros2_ws/src/41068_RS1/install/pyrosens_mission/include/thermal_pyrosens/thermalSimNode.hpp
[40.660s] -- Up-to-date: /home/elijahs04/ros2_ws/src/41068_RS1/install/pyrosens_mission/include/thermal_pyrosens/thermInterpolationNode.hpp
[40.660s] -- Up-to-date: /home/elijahs04/ros2_ws/src/41068_RS1/install/pyrosens_mission/include/thermal_pyrosens/thermSensNode.hpp
[40.660s] -- Up-to-date: /home/elijahs04/ros2_ws/src/41068_RS1/install/pyrosens_mission/share/pyrosens_mission/config
[40.661s] -- Up-to-date: /home/elijahs04/ros2_ws/src/41068_RS1/install/pyrosens_mission/share/pyrosens_mission/config/nav2_params.yaml
[40.661s] -- Up-to-date: /home/elijahs04/ros2_ws/src/41068_RS1/install/pyrosens_mission/share/pyrosens_mission/config/mission_params.yaml
[40.661s] -- Up-to-date: /home/elijahs04/ros2_ws/src/41068_RS1/install/pyrosens_mission/share/pyrosens_mission/maps
[40.661s] -- Up-to-date: /home/elijahs04/ros2_ws/src/41068_RS1/install/pyrosens_mission/share/pyrosens_mission/maps/test_map.pgm
[40.661s] -- Up-to-date: /home/elijahs04/ros2_ws/src/41068_RS1/install/pyrosens_mission/share/pyrosens_mission/maps/test_map.yaml
[40.661s] -- Up-to-date: /home/elijahs04/ros2_ws/src/41068_RS1/install/pyrosens_mission/share/pyrosens_mission/launch
[40.661s] -- Up-to-date: /home/elijahs04/ros2_ws/src/41068_RS1/install/pyrosens_mission/share/pyrosens_mission/launch/pyrosens_system.launch.py
[40.661s] -- Up-to-date: /home/elijahs04/ros2_ws/src/41068_RS1/install/pyrosens_mission/share/pyrosens_mission/launch/mission_proxy_with_nav2.launch.py
[40.661s] -- Up-to-date: /home/elijahs04/ros2_ws/src/41068_RS1/install/pyrosens_mission/share/pyrosens_mission/rviz
[40.661s] -- Up-to-date: /home/elijahs04/ros2_ws/src/41068_RS1/install/pyrosens_mission/share/pyrosens_mission/rviz/Heatmap.rviz
[40.661s] -- Up-to-date: /home/elijahs04/ros2_ws/src/41068_RS1/install/pyrosens_mission/share/pyrosens_mission/rviz/WindMarkerArray.rviz
[40.661s] -- Up-to-date: /home/elijahs04/ros2_ws/src/41068_RS1/install/pyrosens_mission/share/ament_index/resource_index/package_run_dependencies/pyrosens_mission
[40.661s] -- Up-to-date: /home/elijahs04/ros2_ws/src/41068_RS1/install/pyrosens_mission/share/ament_index/resource_index/parent_prefix_path/pyrosens_mission
[40.661s] -- Up-to-date: /home/elijahs04/ros2_ws/src/41068_RS1/install/pyrosens_mission/share/pyrosens_mission/environment/ament_prefix_path.sh
[40.661s] -- Up-to-date: /home/elijahs04/ros2_ws/src/41068_RS1/install/pyrosens_mission/share/pyrosens_mission/environment/ament_prefix_path.dsv
[40.661s] -- Up-to-date: /home/elijahs04/ros2_ws/src/41068_RS1/install/pyrosens_mission/share/pyrosens_mission/environment/path.sh
[40.661s] -- Up-to-date: /home/elijahs04/ros2_ws/src/41068_RS1/install/pyrosens_mission/share/pyrosens_mission/environment/path.dsv
[40.661s] -- Up-to-date: /home/elijahs04/ros2_ws/src/41068_RS1/install/pyrosens_mission/share/pyrosens_mission/local_setup.bash
[40.661s] -- Up-to-date: /home/elijahs04/ros2_ws/src/41068_RS1/install/pyrosens_mission/share/pyrosens_mission/local_setup.sh
[40.661s] -- Up-to-date: /home/elijahs04/ros2_ws/src/41068_RS1/install/pyrosens_mission/share/pyrosens_mission/local_setup.zsh
[40.661s] -- Up-to-date: /home/elijahs04/ros2_ws/src/41068_RS1/install/pyrosens_mission/share/pyrosens_mission/local_setup.dsv
[40.661s] -- Installing: /home/elijahs04/ros2_ws/src/41068_RS1/install/pyrosens_mission/share/pyrosens_mission/package.dsv
[40.661s] -- Up-to-date: /home/elijahs04/ros2_ws/src/41068_RS1/install/pyrosens_mission/share/ament_index/resource_index/packages/pyrosens_mission
[40.661s] -- Up-to-date: /home/elijahs04/ros2_ws/src/41068_RS1/install/pyrosens_mission/share/pyrosens_mission/cmake/pyrosens_missionConfig.cmake
[40.661s] -- Up-to-date: /home/elijahs04/ros2_ws/src/41068_RS1/install/pyrosens_mission/share/pyrosens_mission/cmake/pyrosens_missionConfig-version.cmake
[40.661s] -- Up-to-date: /home/elijahs04/ros2_ws/src/41068_RS1/install/pyrosens_mission/share/pyrosens_mission/package.xml
[60.028s] Invoked command in '/home/elijahs04/ros2_ws/src/41068_RS1/build/pyrosens_mission' returned '0': CMAKE_PREFIX_PATH=${CMAKE_PREFIX_PATH}:/opt/ros/humble /usr/bin/cmake --install /home/elijahs04/ros2_ws/src/41068_RS1/build/pyrosens_mission
