[0.075s] DEBUG:colcon:Command line arguments: ['/usr/bin/colcon', 'list', '-p', '--base-paths', '/home/elijahs04/ros2_ws/src/41068_RS1', '--log-base', '/dev/null']
[0.075s] DEBUG:colcon:Parsed command line arguments: Namespace(log_base=None, log_level=None, verb_name='list', build_base='build', ignore_user_meta=False, metas=['./colcon.meta'], base_paths=['/home/elijahs04/ros2_ws/src/41068_RS1', '--log-base', '/dev/null'], packages_ignore=None, packages_ignore_regex=None, paths=None, packages_up_to=None, packages_up_to_regex=None, packages_above=None, packages_above_and_dependencies=None, packages_above_depth=None, packages_select_by_dep=None, packages_skip_by_dep=None, packages_skip_up_to=None, packages_select_build_failed=False, packages_skip_build_finished=False, packages_select_test_failures=False, packages_skip_test_passed=False, packages_select=None, packages_skip=None, packages_select_regex=None, packages_skip_regex=None, packages_start=None, packages_end=None, allow_overriding=[], topological_order=False, names_only=False, paths_only=True, topological_graph=False, topological_graph_dot=False, topological_graph_density=False, topological_graph_legend=False, topological_graph_dot_cluster=False, topological_graph_dot_include_skipped=False, mixin_files=None, mixin=None, verb_parser=<colcon_mixin.mixin.mixin_argument.MixinArgumentDecorator object at 0x763c21c92d10>, verb_extension=<colcon_package_information.verb.list.ListVerb object at 0x763c21c91a20>, main=<bound method ListVerb.main of <colcon_package_information.verb.list.ListVerb object at 0x763c21c91a20>>, mixin_verb=('list',))
[0.201s] Level 1:colcon.colcon_core.package_discovery:discover_packages(colcon_meta) check parameters
[0.201s] Level 1:colcon.colcon_core.package_discovery:discover_packages(recursive) check parameters
[0.201s] Level 1:colcon.colcon_core.package_discovery:discover_packages(ignore) check parameters
[0.201s] Level 1:colcon.colcon_core.package_discovery:discover_packages(path) check parameters
[0.201s] Level 1:colcon.colcon_core.package_discovery:discover_packages(recursive) discover
[0.201s] INFO:colcon.colcon_core.package_discovery:Crawling recursively for packages in '/home/elijahs04/ros2_ws/src/41068_RS1', '/home/elijahs04/ros2_ws/src/41068_RS1/--log-base', '/dev/null'
[0.201s] Level 1:colcon.colcon_core.package_identification:_identify(/home/elijahs04/ros2_ws/src/41068_RS1) by extensions ['ignore', 'ignore_ament_install']
[0.201s] Level 1:colcon.colcon_core.package_identification:_identify(/home/elijahs04/ros2_ws/src/41068_RS1) by extension 'ignore'
[0.201s] Level 1:colcon.colcon_core.package_identification:_identify(/home/elijahs04/ros2_ws/src/41068_RS1) by extension 'ignore_ament_install'
[0.201s] Level 1:colcon.colcon_core.package_identification:_identify(/home/elijahs04/ros2_ws/src/41068_RS1) by extensions ['colcon_pkg']
[0.201s] Level 1:colcon.colcon_core.package_identification:_identify(/home/elijahs04/ros2_ws/src/41068_RS1) by extension 'colcon_pkg'
[0.201s] Level 1:colcon.colcon_core.package_identification:_identify(/home/elijahs04/ros2_ws/src/41068_RS1) by extensions ['colcon_meta']
[0.201s] Level 1:colcon.colcon_core.package_identification:_identify(/home/elijahs04/ros2_ws/src/41068_RS1) by extension 'colcon_meta'
[0.201s] Level 1:colcon.colcon_core.package_identification:_identify(/home/elijahs04/ros2_ws/src/41068_RS1) by extensions ['ros']
[0.201s] Level 1:colcon.colcon_core.package_identification:_identify(/home/elijahs04/ros2_ws/src/41068_RS1) by extension 'ros'
[0.215s] Level 1:colcon.colcon_core.package_identification:_identify(/home/elijahs04/ros2_ws/src/41068_RS1) by extensions ['cmake', 'python']
[0.215s] Level 1:colcon.colcon_core.package_identification:_identify(/home/elijahs04/ros2_ws/src/41068_RS1) by extension 'cmake'
[0.215s] Level 1:colcon.colcon_core.package_identification:_identify(/home/elijahs04/ros2_ws/src/41068_RS1) by extension 'python'
[0.215s] Level 1:colcon.colcon_core.package_identification:_identify(/home/elijahs04/ros2_ws/src/41068_RS1) by extensions ['python_setup_py']
[0.215s] Level 1:colcon.colcon_core.package_identification:_identify(/home/elijahs04/ros2_ws/src/41068_RS1) by extension 'python_setup_py'
[0.215s] Level 1:colcon.colcon_core.package_identification:_identify(/home/elijahs04/ros2_ws/src/41068_RS1/41068_ignition_bringup) by extensions ['ignore', 'ignore_ament_install']
[0.215s] Level 1:colcon.colcon_core.package_identification:_identify(/home/elijahs04/ros2_ws/src/41068_RS1/41068_ignition_bringup) by extension 'ignore'
[0.215s] Level 1:colcon.colcon_core.package_identification:_identify(/home/elijahs04/ros2_ws/src/41068_RS1/41068_ignition_bringup) by extension 'ignore_ament_install'
[0.216s] Level 1:colcon.colcon_core.package_identification:_identify(/home/elijahs04/ros2_ws/src/41068_RS1/41068_ignition_bringup) by extensions ['colcon_pkg']
[0.216s] Level 1:colcon.colcon_core.package_identification:_identify(/home/elijahs04/ros2_ws/src/41068_RS1/41068_ignition_bringup) by extension 'colcon_pkg'
[0.216s] Level 1:colcon.colcon_core.package_identification:_identify(/home/elijahs04/ros2_ws/src/41068_RS1/41068_ignition_bringup) by extensions ['colcon_meta']
[0.216s] Level 1:colcon.colcon_core.package_identification:_identify(/home/elijahs04/ros2_ws/src/41068_RS1/41068_ignition_bringup) by extension 'colcon_meta'
[0.216s] Level 1:colcon.colcon_core.package_identification:_identify(/home/elijahs04/ros2_ws/src/41068_RS1/41068_ignition_bringup) by extensions ['ros']
[0.216s] Level 1:colcon.colcon_core.package_identification:_identify(/home/elijahs04/ros2_ws/src/41068_RS1/41068_ignition_bringup) by extension 'ros'
[0.217s] DEBUG:colcon.colcon_core.package_identification:Package '/home/elijahs04/ros2_ws/src/41068_RS1/41068_ignition_bringup' with type 'ros.ament_cmake' and name '41068_ignition_bringup'
[0.218s] Level 1:colcon.colcon_core.package_identification:_identify(/home/elijahs04/ros2_ws/src/41068_RS1/build) by extensions ['ignore', 'ignore_ament_install']
[0.218s] Level 1:colcon.colcon_core.package_identification:_identify(/home/elijahs04/ros2_ws/src/41068_RS1/build) by extension 'ignore'
[0.218s] Level 1:colcon.colcon_core.package_identification:_identify(/home/elijahs04/ros2_ws/src/41068_RS1/build) ignored
[0.218s] Level 1:colcon.colcon_core.package_identification:_identify(/home/elijahs04/ros2_ws/src/41068_RS1/install) by extensions ['ignore', 'ignore_ament_install']
[0.218s] Level 1:colcon.colcon_core.package_identification:_identify(/home/elijahs04/ros2_ws/src/41068_RS1/install) by extension 'ignore'
[0.218s] Level 1:colcon.colcon_core.package_identification:_identify(/home/elijahs04/ros2_ws/src/41068_RS1/install) ignored
[0.218s] Level 1:colcon.colcon_core.package_identification:_identify(/home/elijahs04/ros2_ws/src/41068_RS1/log) by extensions ['ignore', 'ignore_ament_install']
[0.218s] Level 1:colcon.colcon_core.package_identification:_identify(/home/elijahs04/ros2_ws/src/41068_RS1/log) by extension 'ignore'
[0.218s] Level 1:colcon.colcon_core.package_identification:_identify(/home/elijahs04/ros2_ws/src/41068_RS1/log) ignored
[0.218s] Level 1:colcon.colcon_core.package_identification:_identify(/home/elijahs04/ros2_ws/src/41068_RS1/pyrosens_bringup) by extensions ['ignore', 'ignore_ament_install']
[0.218s] Level 1:colcon.colcon_core.package_identification:_identify(/home/elijahs04/ros2_ws/src/41068_RS1/pyrosens_bringup) by extension 'ignore'
[0.218s] Level 1:colcon.colcon_core.package_identification:_identify(/home/elijahs04/ros2_ws/src/41068_RS1/pyrosens_bringup) by extension 'ignore_ament_install'
[0.218s] Level 1:colcon.colcon_core.package_identification:_identify(/home/elijahs04/ros2_ws/src/41068_RS1/pyrosens_bringup) by extensions ['colcon_pkg']
[0.218s] Level 1:colcon.colcon_core.package_identification:_identify(/home/elijahs04/ros2_ws/src/41068_RS1/pyrosens_bringup) by extension 'colcon_pkg'
[0.218s] Level 1:colcon.colcon_core.package_identification:_identify(/home/elijahs04/ros2_ws/src/41068_RS1/pyrosens_bringup) by extensions ['colcon_meta']
[0.218s] Level 1:colcon.colcon_core.package_identification:_identify(/home/elijahs04/ros2_ws/src/41068_RS1/pyrosens_bringup) by extension 'colcon_meta'
[0.218s] Level 1:colcon.colcon_core.package_identification:_identify(/home/elijahs04/ros2_ws/src/41068_RS1/pyrosens_bringup) by extensions ['ros']
[0.218s] Level 1:colcon.colcon_core.package_identification:_identify(/home/elijahs04/ros2_ws/src/41068_RS1/pyrosens_bringup) by extension 'ros'
[0.218s] Level 1:colcon.colcon_core.package_identification:_identify(/home/elijahs04/ros2_ws/src/41068_RS1/pyrosens_bringup) by extensions ['cmake', 'python']
[0.218s] Level 1:colcon.colcon_core.package_identification:_identify(/home/elijahs04/ros2_ws/src/41068_RS1/pyrosens_bringup) by extension 'cmake'
[0.218s] Level 1:colcon.colcon_core.package_identification:_identify(/home/elijahs04/ros2_ws/src/41068_RS1/pyrosens_bringup) by extension 'python'
[0.218s] Level 1:colcon.colcon_core.package_identification:_identify(/home/elijahs04/ros2_ws/src/41068_RS1/pyrosens_bringup) by extensions ['python_setup_py']
[0.218s] Level 1:colcon.colcon_core.package_identification:_identify(/home/elijahs04/ros2_ws/src/41068_RS1/pyrosens_bringup) by extension 'python_setup_py'
[0.218s] Level 1:colcon.colcon_core.package_identification:_identify(/home/elijahs04/ros2_ws/src/41068_RS1/pyrosens_bringup/config) by extensions ['ignore', 'ignore_ament_install']
[0.218s] Level 1:colcon.colcon_core.package_identification:_identify(/home/elijahs04/ros2_ws/src/41068_RS1/pyrosens_bringup/config) by extension 'ignore'
[0.218s] Level 1:colcon.colcon_core.package_identification:_identify(/home/elijahs04/ros2_ws/src/41068_RS1/pyrosens_bringup/config) by extension 'ignore_ament_install'
[0.218s] Level 1:colcon.colcon_core.package_identification:_identify(/home/elijahs04/ros2_ws/src/41068_RS1/pyrosens_bringup/config) by extensions ['colcon_pkg']
[0.218s] Level 1:colcon.colcon_core.package_identification:_identify(/home/elijahs04/ros2_ws/src/41068_RS1/pyrosens_bringup/config) by extension 'colcon_pkg'
[0.218s] Level 1:colcon.colcon_core.package_identification:_identify(/home/elijahs04/ros2_ws/src/41068_RS1/pyrosens_bringup/config) by extensions ['colcon_meta']
[0.219s] Level 1:colcon.colcon_core.package_identification:_identify(/home/elijahs04/ros2_ws/src/41068_RS1/pyrosens_bringup/config) by extension 'colcon_meta'
[0.219s] Level 1:colcon.colcon_core.package_identification:_identify(/home/elijahs04/ros2_ws/src/41068_RS1/pyrosens_bringup/config) by extensions ['ros']
[0.219s] Level 1:colcon.colcon_core.package_identification:_identify(/home/elijahs04/ros2_ws/src/41068_RS1/pyrosens_bringup/config) by extension 'ros'
[0.219s] Level 1:colcon.colcon_core.package_identification:_identify(/home/elijahs04/ros2_ws/src/41068_RS1/pyrosens_bringup/config) by extensions ['cmake', 'python']
[0.219s] Level 1:colcon.colcon_core.package_identification:_identify(/home/elijahs04/ros2_ws/src/41068_RS1/pyrosens_bringup/config) by extension 'cmake'
[0.219s] Level 1:colcon.colcon_core.package_identification:_identify(/home/elijahs04/ros2_ws/src/41068_RS1/pyrosens_bringup/config) by extension 'python'
[0.219s] Level 1:colcon.colcon_core.package_identification:_identify(/home/elijahs04/ros2_ws/src/41068_RS1/pyrosens_bringup/config) by extensions ['python_setup_py']
[0.219s] Level 1:colcon.colcon_core.package_identification:_identify(/home/elijahs04/ros2_ws/src/41068_RS1/pyrosens_bringup/config) by extension 'python_setup_py'
[0.219s] Level 1:colcon.colcon_core.package_identification:_identify(/home/elijahs04/ros2_ws/src/41068_RS1/pyrosens_core) by extensions ['ignore', 'ignore_ament_install']
[0.219s] Level 1:colcon.colcon_core.package_identification:_identify(/home/elijahs04/ros2_ws/src/41068_RS1/pyrosens_core) by extension 'ignore'
[0.219s] Level 1:colcon.colcon_core.package_identification:_identify(/home/elijahs04/ros2_ws/src/41068_RS1/pyrosens_core) by extension 'ignore_ament_install'
[0.219s] Level 1:colcon.colcon_core.package_identification:_identify(/home/elijahs04/ros2_ws/src/41068_RS1/pyrosens_core) by extensions ['colcon_pkg']
[0.219s] Level 1:colcon.colcon_core.package_identification:_identify(/home/elijahs04/ros2_ws/src/41068_RS1/pyrosens_core) by extension 'colcon_pkg'
[0.219s] Level 1:colcon.colcon_core.package_identification:_identify(/home/elijahs04/ros2_ws/src/41068_RS1/pyrosens_core) by extensions ['colcon_meta']
[0.219s] Level 1:colcon.colcon_core.package_identification:_identify(/home/elijahs04/ros2_ws/src/41068_RS1/pyrosens_core) by extension 'colcon_meta'
[0.219s] Level 1:colcon.colcon_core.package_identification:_identify(/home/elijahs04/ros2_ws/src/41068_RS1/pyrosens_core) by extensions ['ros']
[0.219s] Level 1:colcon.colcon_core.package_identification:_identify(/home/elijahs04/ros2_ws/src/41068_RS1/pyrosens_core) by extension 'ros'
[0.219s] Level 1:colcon.colcon_core.package_identification:_identify(/home/elijahs04/ros2_ws/src/41068_RS1/pyrosens_core) by extensions ['cmake', 'python']
[0.219s] Level 1:colcon.colcon_core.package_identification:_identify(/home/elijahs04/ros2_ws/src/41068_RS1/pyrosens_core) by extension 'cmake'
[0.219s] Level 1:colcon.colcon_core.package_identification:_identify(/home/elijahs04/ros2_ws/src/41068_RS1/pyrosens_core) by extension 'python'
[0.219s] Level 1:colcon.colcon_core.package_identification:_identify(/home/elijahs04/ros2_ws/src/41068_RS1/pyrosens_core) by extensions ['python_setup_py']
[0.219s] Level 1:colcon.colcon_core.package_identification:_identify(/home/elijahs04/ros2_ws/src/41068_RS1/pyrosens_core) by extension 'python_setup_py'
[0.219s] Level 1:colcon.colcon_core.package_identification:_identify(/home/elijahs04/ros2_ws/src/41068_RS1/pyrosens_core/include) by extensions ['ignore', 'ignore_ament_install']
[0.219s] Level 1:colcon.colcon_core.package_identification:_identify(/home/elijahs04/ros2_ws/src/41068_RS1/pyrosens_core/include) by extension 'ignore'
[0.219s] Level 1:colcon.colcon_core.package_identification:_identify(/home/elijahs04/ros2_ws/src/41068_RS1/pyrosens_core/include) by extension 'ignore_ament_install'
[0.219s] Level 1:colcon.colcon_core.package_identification:_identify(/home/elijahs04/ros2_ws/src/41068_RS1/pyrosens_core/include) by extensions ['colcon_pkg']
[0.219s] Level 1:colcon.colcon_core.package_identification:_identify(/home/elijahs04/ros2_ws/src/41068_RS1/pyrosens_core/include) by extension 'colcon_pkg'
[0.219s] Level 1:colcon.colcon_core.package_identification:_identify(/home/elijahs04/ros2_ws/src/41068_RS1/pyrosens_core/include) by extensions ['colcon_meta']
[0.219s] Level 1:colcon.colcon_core.package_identification:_identify(/home/elijahs04/ros2_ws/src/41068_RS1/pyrosens_core/include) by extension 'colcon_meta'
[0.219s] Level 1:colcon.colcon_core.package_identification:_identify(/home/elijahs04/ros2_ws/src/41068_RS1/pyrosens_core/include) by extensions ['ros']
[0.219s] Level 1:colcon.colcon_core.package_identification:_identify(/home/elijahs04/ros2_ws/src/41068_RS1/pyrosens_core/include) by extension 'ros'
[0.219s] Level 1:colcon.colcon_core.package_identification:_identify(/home/elijahs04/ros2_ws/src/41068_RS1/pyrosens_core/include) by extensions ['cmake', 'python']
[0.219s] Level 1:colcon.colcon_core.package_identification:_identify(/home/elijahs04/ros2_ws/src/41068_RS1/pyrosens_core/include) by extension 'cmake'
[0.219s] Level 1:colcon.colcon_core.package_identification:_identify(/home/elijahs04/ros2_ws/src/41068_RS1/pyrosens_core/include) by extension 'python'
[0.219s] Level 1:colcon.colcon_core.package_identification:_identify(/home/elijahs04/ros2_ws/src/41068_RS1/pyrosens_core/include) by extensions ['python_setup_py']
[0.219s] Level 1:colcon.colcon_core.package_identification:_identify(/home/elijahs04/ros2_ws/src/41068_RS1/pyrosens_core/include) by extension 'python_setup_py'
[0.219s] Level 1:colcon.colcon_core.package_identification:_identify(/home/elijahs04/ros2_ws/src/41068_RS1/pyrosens_core/include/pyrosens_core) by extensions ['ignore', 'ignore_ament_install']
[0.219s] Level 1:colcon.colcon_core.package_identification:_identify(/home/elijahs04/ros2_ws/src/41068_RS1/pyrosens_core/include/pyrosens_core) by extension 'ignore'
[0.219s] Level 1:colcon.colcon_core.package_identification:_identify(/home/elijahs04/ros2_ws/src/41068_RS1/pyrosens_core/include/pyrosens_core) by extension 'ignore_ament_install'
[0.219s] Level 1:colcon.colcon_core.package_identification:_identify(/home/elijahs04/ros2_ws/src/41068_RS1/pyrosens_core/include/pyrosens_core) by extensions ['colcon_pkg']
[0.219s] Level 1:colcon.colcon_core.package_identification:_identify(/home/elijahs04/ros2_ws/src/41068_RS1/pyrosens_core/include/pyrosens_core) by extension 'colcon_pkg'
[0.220s] Level 1:colcon.colcon_core.package_identification:_identify(/home/elijahs04/ros2_ws/src/41068_RS1/pyrosens_core/include/pyrosens_core) by extensions ['colcon_meta']
[0.220s] Level 1:colcon.colcon_core.package_identification:_identify(/home/elijahs04/ros2_ws/src/41068_RS1/pyrosens_core/include/pyrosens_core) by extension 'colcon_meta'
[0.220s] Level 1:colcon.colcon_core.package_identification:_identify(/home/elijahs04/ros2_ws/src/41068_RS1/pyrosens_core/include/pyrosens_core) by extensions ['ros']
[0.220s] Level 1:colcon.colcon_core.package_identification:_identify(/home/elijahs04/ros2_ws/src/41068_RS1/pyrosens_core/include/pyrosens_core) by extension 'ros'
[0.220s] Level 1:colcon.colcon_core.package_identification:_identify(/home/elijahs04/ros2_ws/src/41068_RS1/pyrosens_core/include/pyrosens_core) by extensions ['cmake', 'python']
[0.220s] Level 1:colcon.colcon_core.package_identification:_identify(/home/elijahs04/ros2_ws/src/41068_RS1/pyrosens_core/include/pyrosens_core) by extension 'cmake'
[0.220s] Level 1:colcon.colcon_core.package_identification:_identify(/home/elijahs04/ros2_ws/src/41068_RS1/pyrosens_core/include/pyrosens_core) by extension 'python'
[0.220s] Level 1:colcon.colcon_core.package_identification:_identify(/home/elijahs04/ros2_ws/src/41068_RS1/pyrosens_core/include/pyrosens_core) by extensions ['python_setup_py']
[0.220s] Level 1:colcon.colcon_core.package_identification:_identify(/home/elijahs04/ros2_ws/src/41068_RS1/pyrosens_core/include/pyrosens_core) by extension 'python_setup_py'
[0.220s] Level 1:colcon.colcon_core.package_identification:_identify(/home/elijahs04/ros2_ws/src/41068_RS1/pyrosens_core/launch) by extensions ['ignore', 'ignore_ament_install']
[0.220s] Level 1:colcon.colcon_core.package_identification:_identify(/home/elijahs04/ros2_ws/src/41068_RS1/pyrosens_core/launch) by extension 'ignore'
[0.220s] Level 1:colcon.colcon_core.package_identification:_identify(/home/elijahs04/ros2_ws/src/41068_RS1/pyrosens_core/launch) by extension 'ignore_ament_install'
[0.220s] Level 1:colcon.colcon_core.package_identification:_identify(/home/elijahs04/ros2_ws/src/41068_RS1/pyrosens_core/launch) by extensions ['colcon_pkg']
[0.220s] Level 1:colcon.colcon_core.package_identification:_identify(/home/elijahs04/ros2_ws/src/41068_RS1/pyrosens_core/launch) by extension 'colcon_pkg'
[0.220s] Level 1:colcon.colcon_core.package_identification:_identify(/home/elijahs04/ros2_ws/src/41068_RS1/pyrosens_core/launch) by extensions ['colcon_meta']
[0.220s] Level 1:colcon.colcon_core.package_identification:_identify(/home/elijahs04/ros2_ws/src/41068_RS1/pyrosens_core/launch) by extension 'colcon_meta'
[0.220s] Level 1:colcon.colcon_core.package_identification:_identify(/home/elijahs04/ros2_ws/src/41068_RS1/pyrosens_core/launch) by extensions ['ros']
[0.220s] Level 1:colcon.colcon_core.package_identification:_identify(/home/elijahs04/ros2_ws/src/41068_RS1/pyrosens_core/launch) by extension 'ros'
[0.220s] Level 1:colcon.colcon_core.package_identification:_identify(/home/elijahs04/ros2_ws/src/41068_RS1/pyrosens_core/launch) by extensions ['cmake', 'python']
[0.220s] Level 1:colcon.colcon_core.package_identification:_identify(/home/elijahs04/ros2_ws/src/41068_RS1/pyrosens_core/launch) by extension 'cmake'
[0.220s] Level 1:colcon.colcon_core.package_identification:_identify(/home/elijahs04/ros2_ws/src/41068_RS1/pyrosens_core/launch) by extension 'python'
[0.220s] Level 1:colcon.colcon_core.package_identification:_identify(/home/elijahs04/ros2_ws/src/41068_RS1/pyrosens_core/launch) by extensions ['python_setup_py']
[0.220s] Level 1:colcon.colcon_core.package_identification:_identify(/home/elijahs04/ros2_ws/src/41068_RS1/pyrosens_core/launch) by extension 'python_setup_py'
[0.220s] Level 1:colcon.colcon_core.package_identification:_identify(/home/elijahs04/ros2_ws/src/41068_RS1/pyrosens_core/resource) by extensions ['ignore', 'ignore_ament_install']
[0.220s] Level 1:colcon.colcon_core.package_identification:_identify(/home/elijahs04/ros2_ws/src/41068_RS1/pyrosens_core/resource) by extension 'ignore'
[0.220s] Level 1:colcon.colcon_core.package_identification:_identify(/home/elijahs04/ros2_ws/src/41068_RS1/pyrosens_core/resource) by extension 'ignore_ament_install'
[0.220s] Level 1:colcon.colcon_core.package_identification:_identify(/home/elijahs04/ros2_ws/src/41068_RS1/pyrosens_core/resource) by extensions ['colcon_pkg']
[0.220s] Level 1:colcon.colcon_core.package_identification:_identify(/home/elijahs04/ros2_ws/src/41068_RS1/pyrosens_core/resource) by extension 'colcon_pkg'
[0.220s] Level 1:colcon.colcon_core.package_identification:_identify(/home/elijahs04/ros2_ws/src/41068_RS1/pyrosens_core/resource) by extensions ['colcon_meta']
[0.220s] Level 1:colcon.colcon_core.package_identification:_identify(/home/elijahs04/ros2_ws/src/41068_RS1/pyrosens_core/resource) by extension 'colcon_meta'
[0.220s] Level 1:colcon.colcon_core.package_identification:_identify(/home/elijahs04/ros2_ws/src/41068_RS1/pyrosens_core/resource) by extensions ['ros']
[0.220s] Level 1:colcon.colcon_core.package_identification:_identify(/home/elijahs04/ros2_ws/src/41068_RS1/pyrosens_core/resource) by extension 'ros'
[0.220s] Level 1:colcon.colcon_core.package_identification:_identify(/home/elijahs04/ros2_ws/src/41068_RS1/pyrosens_core/resource) by extensions ['cmake', 'python']
[0.220s] Level 1:colcon.colcon_core.package_identification:_identify(/home/elijahs04/ros2_ws/src/41068_RS1/pyrosens_core/resource) by extension 'cmake'
[0.220s] Level 1:colcon.colcon_core.package_identification:_identify(/home/elijahs04/ros2_ws/src/41068_RS1/pyrosens_core/resource) by extension 'python'
[0.220s] Level 1:colcon.colcon_core.package_identification:_identify(/home/elijahs04/ros2_ws/src/41068_RS1/pyrosens_core/resource) by extensions ['python_setup_py']
[0.220s] Level 1:colcon.colcon_core.package_identification:_identify(/home/elijahs04/ros2_ws/src/41068_RS1/pyrosens_core/resource) by extension 'python_setup_py'
[0.220s] Level 1:colcon.colcon_core.package_identification:_identify(/home/elijahs04/ros2_ws/src/41068_RS1/pyrosens_core/src) by extensions ['ignore', 'ignore_ament_install']
[0.220s] Level 1:colcon.colcon_core.package_identification:_identify(/home/elijahs04/ros2_ws/src/41068_RS1/pyrosens_core/src) by extension 'ignore'
[0.220s] Level 1:colcon.colcon_core.package_identification:_identify(/home/elijahs04/ros2_ws/src/41068_RS1/pyrosens_core/src) by extension 'ignore_ament_install'
[0.220s] Level 1:colcon.colcon_core.package_identification:_identify(/home/elijahs04/ros2_ws/src/41068_RS1/pyrosens_core/src) by extensions ['colcon_pkg']
[0.220s] Level 1:colcon.colcon_core.package_identification:_identify(/home/elijahs04/ros2_ws/src/41068_RS1/pyrosens_core/src) by extension 'colcon_pkg'
[0.221s] Level 1:colcon.colcon_core.package_identification:_identify(/home/elijahs04/ros2_ws/src/41068_RS1/pyrosens_core/src) by extensions ['colcon_meta']
[0.221s] Level 1:colcon.colcon_core.package_identification:_identify(/home/elijahs04/ros2_ws/src/41068_RS1/pyrosens_core/src) by extension 'colcon_meta'
[0.221s] Level 1:colcon.colcon_core.package_identification:_identify(/home/elijahs04/ros2_ws/src/41068_RS1/pyrosens_core/src) by extensions ['ros']
[0.221s] Level 1:colcon.colcon_core.package_identification:_identify(/home/elijahs04/ros2_ws/src/41068_RS1/pyrosens_core/src) by extension 'ros'
[0.221s] Level 1:colcon.colcon_core.package_identification:_identify(/home/elijahs04/ros2_ws/src/41068_RS1/pyrosens_core/src) by extensions ['cmake', 'python']
[0.221s] Level 1:colcon.colcon_core.package_identification:_identify(/home/elijahs04/ros2_ws/src/41068_RS1/pyrosens_core/src) by extension 'cmake'
[0.221s] Level 1:colcon.colcon_core.package_identification:_identify(/home/elijahs04/ros2_ws/src/41068_RS1/pyrosens_core/src) by extension 'python'
[0.221s] Level 1:colcon.colcon_core.package_identification:_identify(/home/elijahs04/ros2_ws/src/41068_RS1/pyrosens_core/src) by extensions ['python_setup_py']
[0.221s] Level 1:colcon.colcon_core.package_identification:_identify(/home/elijahs04/ros2_ws/src/41068_RS1/pyrosens_core/src) by extension 'python_setup_py'
[0.221s] Level 1:colcon.colcon_core.package_identification:_identify(/home/elijahs04/ros2_ws/src/41068_RS1/pyrosens_core/src/lib) by extensions ['ignore', 'ignore_ament_install']
[0.221s] Level 1:colcon.colcon_core.package_identification:_identify(/home/elijahs04/ros2_ws/src/41068_RS1/pyrosens_core/src/lib) by extension 'ignore'
[0.221s] Level 1:colcon.colcon_core.package_identification:_identify(/home/elijahs04/ros2_ws/src/41068_RS1/pyrosens_core/src/lib) by extension 'ignore_ament_install'
[0.221s] Level 1:colcon.colcon_core.package_identification:_identify(/home/elijahs04/ros2_ws/src/41068_RS1/pyrosens_core/src/lib) by extensions ['colcon_pkg']
[0.221s] Level 1:colcon.colcon_core.package_identification:_identify(/home/elijahs04/ros2_ws/src/41068_RS1/pyrosens_core/src/lib) by extension 'colcon_pkg'
[0.221s] Level 1:colcon.colcon_core.package_identification:_identify(/home/elijahs04/ros2_ws/src/41068_RS1/pyrosens_core/src/lib) by extensions ['colcon_meta']
[0.221s] Level 1:colcon.colcon_core.package_identification:_identify(/home/elijahs04/ros2_ws/src/41068_RS1/pyrosens_core/src/lib) by extension 'colcon_meta'
[0.221s] Level 1:colcon.colcon_core.package_identification:_identify(/home/elijahs04/ros2_ws/src/41068_RS1/pyrosens_core/src/lib) by extensions ['ros']
[0.221s] Level 1:colcon.colcon_core.package_identification:_identify(/home/elijahs04/ros2_ws/src/41068_RS1/pyrosens_core/src/lib) by extension 'ros'
[0.221s] Level 1:colcon.colcon_core.package_identification:_identify(/home/elijahs04/ros2_ws/src/41068_RS1/pyrosens_core/src/lib) by extensions ['cmake', 'python']
[0.221s] Level 1:colcon.colcon_core.package_identification:_identify(/home/elijahs04/ros2_ws/src/41068_RS1/pyrosens_core/src/lib) by extension 'cmake'
[0.221s] Level 1:colcon.colcon_core.package_identification:_identify(/home/elijahs04/ros2_ws/src/41068_RS1/pyrosens_core/src/lib) by extension 'python'
[0.221s] Level 1:colcon.colcon_core.package_identification:_identify(/home/elijahs04/ros2_ws/src/41068_RS1/pyrosens_core/src/lib) by extensions ['python_setup_py']
[0.221s] Level 1:colcon.colcon_core.package_identification:_identify(/home/elijahs04/ros2_ws/src/41068_RS1/pyrosens_core/src/lib) by extension 'python_setup_py'
[0.221s] Level 1:colcon.colcon_core.package_identification:_identify(/home/elijahs04/ros2_ws/src/41068_RS1/pyrosens_core/test) by extensions ['ignore', 'ignore_ament_install']
[0.221s] Level 1:colcon.colcon_core.package_identification:_identify(/home/elijahs04/ros2_ws/src/41068_RS1/pyrosens_core/test) by extension 'ignore'
[0.221s] Level 1:colcon.colcon_core.package_identification:_identify(/home/elijahs04/ros2_ws/src/41068_RS1/pyrosens_core/test) by extension 'ignore_ament_install'
[0.221s] Level 1:colcon.colcon_core.package_identification:_identify(/home/elijahs04/ros2_ws/src/41068_RS1/pyrosens_core/test) by extensions ['colcon_pkg']
[0.221s] Level 1:colcon.colcon_core.package_identification:_identify(/home/elijahs04/ros2_ws/src/41068_RS1/pyrosens_core/test) by extension 'colcon_pkg'
[0.221s] Level 1:colcon.colcon_core.package_identification:_identify(/home/elijahs04/ros2_ws/src/41068_RS1/pyrosens_core/test) by extensions ['colcon_meta']
[0.221s] Level 1:colcon.colcon_core.package_identification:_identify(/home/elijahs04/ros2_ws/src/41068_RS1/pyrosens_core/test) by extension 'colcon_meta'
[0.221s] Level 1:colcon.colcon_core.package_identification:_identify(/home/elijahs04/ros2_ws/src/41068_RS1/pyrosens_core/test) by extensions ['ros']
[0.221s] Level 1:colcon.colcon_core.package_identification:_identify(/home/elijahs04/ros2_ws/src/41068_RS1/pyrosens_core/test) by extension 'ros'
[0.221s] Level 1:colcon.colcon_core.package_identification:_identify(/home/elijahs04/ros2_ws/src/41068_RS1/pyrosens_core/test) by extensions ['cmake', 'python']
[0.221s] Level 1:colcon.colcon_core.package_identification:_identify(/home/elijahs04/ros2_ws/src/41068_RS1/pyrosens_core/test) by extension 'cmake'
[0.221s] Level 1:colcon.colcon_core.package_identification:_identify(/home/elijahs04/ros2_ws/src/41068_RS1/pyrosens_core/test) by extension 'python'
[0.221s] Level 1:colcon.colcon_core.package_identification:_identify(/home/elijahs04/ros2_ws/src/41068_RS1/pyrosens_core/test) by extensions ['python_setup_py']
[0.221s] Level 1:colcon.colcon_core.package_identification:_identify(/home/elijahs04/ros2_ws/src/41068_RS1/pyrosens_core/test) by extension 'python_setup_py'
[0.221s] Level 1:colcon.colcon_core.package_identification:_identify(/home/elijahs04/ros2_ws/src/41068_RS1/temp_folder) by extensions ['ignore', 'ignore_ament_install']
[0.221s] Level 1:colcon.colcon_core.package_identification:_identify(/home/elijahs04/ros2_ws/src/41068_RS1/temp_folder) by extension 'ignore'
[0.222s] Level 1:colcon.colcon_core.package_identification:_identify(/home/elijahs04/ros2_ws/src/41068_RS1/temp_folder) by extension 'ignore_ament_install'
[0.222s] Level 1:colcon.colcon_core.package_identification:_identify(/home/elijahs04/ros2_ws/src/41068_RS1/temp_folder) by extensions ['colcon_pkg']
[0.222s] Level 1:colcon.colcon_core.package_identification:_identify(/home/elijahs04/ros2_ws/src/41068_RS1/temp_folder) by extension 'colcon_pkg'
[0.222s] Level 1:colcon.colcon_core.package_identification:_identify(/home/elijahs04/ros2_ws/src/41068_RS1/temp_folder) by extensions ['colcon_meta']
[0.222s] Level 1:colcon.colcon_core.package_identification:_identify(/home/elijahs04/ros2_ws/src/41068_RS1/temp_folder) by extension 'colcon_meta'
[0.222s] Level 1:colcon.colcon_core.package_identification:_identify(/home/elijahs04/ros2_ws/src/41068_RS1/temp_folder) by extensions ['ros']
[0.222s] Level 1:colcon.colcon_core.package_identification:_identify(/home/elijahs04/ros2_ws/src/41068_RS1/temp_folder) by extension 'ros'
[0.222s] Level 1:colcon.colcon_core.package_identification:_identify(/home/elijahs04/ros2_ws/src/41068_RS1/temp_folder) by extensions ['cmake', 'python']
[0.222s] Level 1:colcon.colcon_core.package_identification:_identify(/home/elijahs04/ros2_ws/src/41068_RS1/temp_folder) by extension 'cmake'
[0.222s] Level 1:colcon.colcon_core.package_identification:_identify(/home/elijahs04/ros2_ws/src/41068_RS1/temp_folder) by extension 'python'
[0.222s] Level 1:colcon.colcon_core.package_identification:_identify(/home/elijahs04/ros2_ws/src/41068_RS1/temp_folder) by extensions ['python_setup_py']
[0.222s] Level 1:colcon.colcon_core.package_identification:_identify(/home/elijahs04/ros2_ws/src/41068_RS1/temp_folder) by extension 'python_setup_py'
[0.222s] Level 1:colcon.colcon_core.package_identification:_identify(/home/elijahs04/ros2_ws/src/41068_RS1/testing_ground) by extensions ['ignore', 'ignore_ament_install']
[0.222s] Level 1:colcon.colcon_core.package_identification:_identify(/home/elijahs04/ros2_ws/src/41068_RS1/testing_ground) by extension 'ignore'
[0.222s] Level 1:colcon.colcon_core.package_identification:_identify(/home/elijahs04/ros2_ws/src/41068_RS1/testing_ground) by extension 'ignore_ament_install'
[0.222s] Level 1:colcon.colcon_core.package_identification:_identify(/home/elijahs04/ros2_ws/src/41068_RS1/testing_ground) by extensions ['colcon_pkg']
[0.222s] Level 1:colcon.colcon_core.package_identification:_identify(/home/elijahs04/ros2_ws/src/41068_RS1/testing_ground) by extension 'colcon_pkg'
[0.222s] Level 1:colcon.colcon_core.package_identification:_identify(/home/elijahs04/ros2_ws/src/41068_RS1/testing_ground) by extensions ['colcon_meta']
[0.222s] Level 1:colcon.colcon_core.package_identification:_identify(/home/elijahs04/ros2_ws/src/41068_RS1/testing_ground) by extension 'colcon_meta'
[0.222s] Level 1:colcon.colcon_core.package_identification:_identify(/home/elijahs04/ros2_ws/src/41068_RS1/testing_ground) by extensions ['ros']
[0.222s] Level 1:colcon.colcon_core.package_identification:_identify(/home/elijahs04/ros2_ws/src/41068_RS1/testing_ground) by extension 'ros'
[0.222s] DEBUG:colcon.colcon_core.package_identification:Package '/home/elijahs04/ros2_ws/src/41068_RS1/testing_ground' with type 'ros.ament_cmake' and name 'testing_ground'
[0.222s] Level 1:colcon.colcon_core.package_discovery:discover_packages(recursive) using defaults
