[0.000000] (-) TimerEvent: {}
[0.000170] (-) JobUnselected: {'identifier': '41068_ignition_bringup'}
[0.000507] (-) JobUnselected: {'identifier': 'pyrosens'}
[0.000634] (-) JobUnselected: {'identifier': 'pyrosens_bringup'}
[0.000714] (-) JobUnselected: {'identifier': 'pyrosens_core'}
[0.000749] (-) JobUnselected: {'identifier': 'pyrosens_heat'}
[0.000768] (-) JobUnselected: {'identifier': 'pyrosens_movement'}
[0.000786] (-) JobUnselected: {'identifier': 'pyrosens_progress'}
[0.000803] (-) JobUnselected: {'identifier': 'pyrosens_world'}
[0.000820] (-) JobUnselected: {'identifier': 'systemDev'}
[0.000836] (-) JobUnselected: {'identifier': 'testing_ground'}
[0.000853] (-) JobUnselected: {'identifier': 'thermal_pyrosens'}
[0.000869] (-) JobUnselected: {'identifier': 'thermal_pyrosens'}
[0.000886] (-) JobUnselected: {'identifier': 'thermal_pyrosens'}
[0.000902] (-) JobUnselected: {'identifier': 'turtlesim'}
[0.000920] (-) JobUnselected: {'identifier': 'wind_pyrosens'}
[0.001000] (pyrosens_gui) JobQueued: {'identifier': 'pyrosens_gui', 'dependencies': OrderedDict()}
[0.001023] (pyrosens_mission) JobQueued: {'identifier': 'pyrosens_mission', 'dependencies': OrderedDict()}
[0.001043] (pyrosens_gui) JobStarted: {'identifier': 'pyrosens_gui'}
[0.020456] (pyrosens_gui) StderrLine: {'line': b'Traceback (most recent call last):\n  File "/usr/lib/python3/dist-packages/colcon_core/executor/__init__.py", line 91, in __call__\n    rc = await self.task(*args, **kwargs)\n  File "/usr/lib/python3/dist-packages/colcon_core/task/__init__.py", line 93, in __call__\n    return await task_method(*args, **kwargs)\n  File "/usr/lib/python3/dist-packages/colcon_ros/task/ament_cmake/build.py", line 84, in build\n    create_environment_scripts(\n  File "/usr/lib/python3/dist-packages/colcon_core/environment/__init__.py", line 91, in create_environment_scripts\n    create_file_with_runtime_dependencies(prefix_path, pkg))\n  File "/usr/lib/python3/dist-packages/colcon_core/environment/__init__.py", line 174, in create_file_with_runtime_dependencies\n    path.write_text(\n  File "/usr/lib/python3.10/pathlib.py", line 1154, in write_text\n    with self.open(mode=\'w\', encoding=encoding, errors=errors, newline=newline) as f:\n  File "/usr/lib/python3.10/pathlib.py", line 1119, in open\n    return self._accessor.open(self, mode, buffering, encoding, errors,\nPermissionError: [Errno 13] Permission denied: \'/home/elijahs04/ros2_ws/install/pyrosens_gui/share/colcon-core/packages/pyrosens_gui\'\n'}
[0.021145] (pyrosens_gui) JobEnded: {'identifier': 'pyrosens_gui', 'rc': 1}
[0.021828] (pyrosens_mission) JobStarted: {'identifier': 'pyrosens_mission'}
[0.027577] (pyrosens_mission) StderrLine: {'line': b'Traceback (most recent call last):\n  File "/usr/lib/python3.10/pathlib.py", line 1175, in mkdir\n    self._accessor.mkdir(self, mode)\nFileNotFoundError: [Errno 2] No such file or directory: \'/home/elijahs04/ros2_ws/install/pyrosens_mission/share/colcon-core/packages\'\n\nDuring handling of the above exception, another exception occurred:\n\nTraceback (most recent call last):\n  File "/usr/lib/python3.10/pathlib.py", line 1175, in mkdir\n    self._accessor.mkdir(self, mode)\nFileNotFoundError: [Errno 2] No such file or directory: \'/home/elijahs04/ros2_ws/install/pyrosens_mission/share/colcon-core\'\n\nDuring handling of the above exception, another exception occurred:\n\nTraceback (most recent call last):\n  File "/usr/lib/python3.10/pathlib.py", line 1175, in mkdir\n    self._accessor.mkdir(self, mode)\nFileNotFoundError: [Errno 2] No such file or directory: \'/home/elijahs04/ros2_ws/install/pyrosens_mission/share\'\n\nDuring handling of the above exception, another exception occurred:\n\nTraceback (most recent call last):\n  File "/usr/lib/python3/dist-packages/colcon_core/executor/__init__.py", line 91, in __call__\n    rc = await self.task(*args, **kwargs)\n  File "/usr/lib/python3/dist-packages/colcon_core/task/__init__.py", line 93, in __call__\n    return await task_method(*args, **kwargs)\n  File "/usr/lib/python3/dist-packages/colcon_ros/task/ament_cmake/build.py", line 84, in build\n    create_environment_scripts(\n  File "/usr/lib/python3/dist-packages/colcon_core/environment/__init__.py", line 91, in create_environment_scripts\n    create_file_with_runtime_dependencies(prefix_path, pkg))\n  File "/usr/lib/python3/dist-packages/colcon_core/environment/__init__.py", line 173, in create_file_with_runtime_dependencies\n    path.parent.mkdir(parents=True, exist_ok=True)\n  File "/usr/lib/python3.10/pathlib.py", line 1179, in mkdir\n    self.parent.mkdir(parents=True, exist_ok=True)\n  File "/usr/lib/python3.10/pathlib.py", line 1179, in mkdir\n    self.parent.mkdir(parents=True, exist_ok=True)\n  File "/usr/lib/python3.10/pathlib.py", line 1179, in mkdir\n    self.parent.mkdir(parents=True, exist_ok=True)\n  File "/usr/lib/python3.10/pathlib.py", line 1175, in mkdir\n    self._accessor.mkdir(self, mode)\nPermissionError: [Errno 13] Permission denied: \'/home/elijahs04/ros2_ws/install/pyrosens_mission\'\n'}
[0.027852] (pyrosens_mission) JobEnded: {'identifier': 'pyrosens_mission', 'rc': 1}
[0.038126] (-) EventReactorShutdown: {}
