[0.008s] Invoking command in '/home/elijahs04/ros2_ws/src/41068_RS1/build/pyrosens_mission': CMAKE_PREFIX_PATH=${CMAKE_PREFIX_PATH}:/opt/ros/humble /usr/bin/cmake --build /home/elijahs04/ros2_ws/src/41068_RS1/build/pyrosens_mission -- -j16 -l16
[0.042s] Consolidate compiler generated dependencies of target mission_core_lib
[0.047s] [ 13%] Built target thermSens_lib
[0.047s] [ 13%] Built target thermInterpolation_lib
[0.047s] [ 13%] Built target goals_lib
[0.048s] [ 18%] Built target windSim_lib
[0.049s] [ 22%] Built target thermalSim_lib
[0.050s] [ 27%] Built target windInterpolation_lib
[0.051s] [ 34%] Building CXX object CMakeFiles/mission_core_lib.dir/src/mission.cpp.o
[0.051s] [ 36%] Built target windSensor_lib
[0.051s] [ 38%] Built target mission_cmd_bridge
[0.068s] [ 43%] Built target main_thermal
[0.068s] [ 50%] Built target main_thermSens
[0.068s] [ 59%] Built target main_sim
[0.068s] [ 61%] Built target main_goals
[0.068s] [ 61%] Built target main_windSim
[0.068s] [ 65%] Built target main_thermInterpolation
[0.069s] [ 70%] Built target main_interpolation
[0.069s] [ 79%] Built target main_wind
[0.070s] [ 79%] Built target main_thermalSim
[0.070s] [ 84%] Built target main_windInterpolation
[0.071s] [ 88%] Built target main_perception
[0.071s] [ 93%] Built target main_windSens
[9.926s] [ 95%] Linking CXX static library libmission_core_lib.a
[10.120s] [ 95%] Built target mission_core_lib
[10.138s] [ 97%] Linking CXX executable main_mission
[10.686s] [100%] Built target main_mission
[10.694s] Invoked command in '/home/elijahs04/ros2_ws/src/41068_RS1/build/pyrosens_mission' returned '0': CMAKE_PREFIX_PATH=${CMAKE_PREFIX_PATH}:/opt/ros/humble /usr/bin/cmake --build /home/elijahs04/ros2_ws/src/41068_RS1/build/pyrosens_mission -- -j16 -l16
[10.700s] Invoking command in '/home/elijahs04/ros2_ws/src/41068_RS1/build/pyrosens_mission': CMAKE_PREFIX_PATH=${CMAKE_PREFIX_PATH}:/opt/ros/humble /usr/bin/cmake --install /home/elijahs04/ros2_ws/src/41068_RS1/build/pyrosens_mission
[10.705s] -- Install configuration: ""
[10.705s] -- Up-to-date: /home/elijahs04/ros2_ws/src/41068_RS1/install/pyrosens_mission/lib/libthermSens_lib.a
[10.705s] -- Up-to-date: /home/elijahs04/ros2_ws/src/41068_RS1/install/pyrosens_mission/lib/libthermInterpolation_lib.a
[10.705s] -- Up-to-date: /home/elijahs04/ros2_ws/src/41068_RS1/install/pyrosens_mission/lib/libthermalSim_lib.a
[10.705s] -- Up-to-date: /home/elijahs04/ros2_ws/src/41068_RS1/install/pyrosens_mission/lib/libwindSensor_lib.a
[10.705s] -- Up-to-date: /home/elijahs04/ros2_ws/src/41068_RS1/install/pyrosens_mission/lib/libwindInterpolation_lib.a
[10.705s] -- Up-to-date: /home/elijahs04/ros2_ws/src/41068_RS1/install/pyrosens_mission/lib/libwindSim_lib.a
[10.705s] -- Up-to-date: /home/elijahs04/ros2_ws/src/41068_RS1/install/pyrosens_mission/lib/libgoals_lib.a
[10.705s] -- Up-to-date: /home/elijahs04/ros2_ws/src/41068_RS1/install/pyrosens_mission/lib/pyrosens_mission/main_goals
[10.705s] -- Up-to-date: /home/elijahs04/ros2_ws/src/41068_RS1/install/pyrosens_mission/lib/pyrosens_mission/main_thermal
[10.705s] -- Up-to-date: /home/elijahs04/ros2_ws/src/41068_RS1/install/pyrosens_mission/lib/pyrosens_mission/main_wind
[10.705s] -- Up-to-date: /home/elijahs04/ros2_ws/src/41068_RS1/install/pyrosens_mission/lib/pyrosens_mission/main_interpolation
[10.705s] -- Up-to-date: /home/elijahs04/ros2_ws/src/41068_RS1/install/pyrosens_mission/lib/pyrosens_mission/main_perception
[10.705s] -- Up-to-date: /home/elijahs04/ros2_ws/src/41068_RS1/install/pyrosens_mission/lib/pyrosens_mission/main_sim
[10.705s] -- Up-to-date: /home/elijahs04/ros2_ws/src/41068_RS1/install/pyrosens_mission/lib/pyrosens_mission/main_thermSens
[10.705s] -- Up-to-date: /home/elijahs04/ros2_ws/src/41068_RS1/install/pyrosens_mission/lib/pyrosens_mission/main_thermInterpolation
[10.706s] -- Up-to-date: /home/elijahs04/ros2_ws/src/41068_RS1/install/pyrosens_mission/lib/pyrosens_mission/main_windSens
[10.706s] -- Up-to-date: /home/elijahs04/ros2_ws/src/41068_RS1/install/pyrosens_mission/lib/pyrosens_mission/main_windInterpolation
[10.706s] -- Up-to-date: /home/elijahs04/ros2_ws/src/41068_RS1/install/pyrosens_mission/lib/pyrosens_mission/main_thermalSim
[10.706s] -- Up-to-date: /home/elijahs04/ros2_ws/src/41068_RS1/install/pyrosens_mission/lib/pyrosens_mission/main_windSim
[10.706s] -- Installing: /home/elijahs04/ros2_ws/src/41068_RS1/install/pyrosens_mission/lib/libmission_core_lib.a
[10.720s] -- Installing: /home/elijahs04/ros2_ws/src/41068_RS1/install/pyrosens_mission/lib/pyrosens_mission/main_mission
[10.725s] -- Set runtime path of "/home/elijahs04/ros2_ws/src/41068_RS1/install/pyrosens_mission/lib/pyrosens_mission/main_mission" to ""
[10.725s] -- Up-to-date: /home/elijahs04/ros2_ws/src/41068_RS1/install/pyrosens_mission/lib/pyrosens_mission/mission_cmd_bridge
[10.726s] -- Up-to-date: /home/elijahs04/ros2_ws/src/41068_RS1/install/pyrosens_mission/include
[10.726s] -- Up-to-date: /home/elijahs04/ros2_ws/src/41068_RS1/install/pyrosens_mission/include/wind_pyrosens
[10.726s] -- Up-to-date: /home/elijahs04/ros2_ws/src/41068_RS1/install/pyrosens_mission/include/wind_pyrosens/windInterpolationNode.hpp
[10.726s] -- Up-to-date: /home/elijahs04/ros2_ws/src/41068_RS1/install/pyrosens_mission/include/wind_pyrosens/windSensNode.hpp
[10.726s] -- Up-to-date: /home/elijahs04/ros2_ws/src/41068_RS1/install/pyrosens_mission/include/wind_pyrosens/windSimNode.hpp
[10.726s] -- Up-to-date: /home/elijahs04/ros2_ws/src/41068_RS1/install/pyrosens_mission/include/mission_pyrosens
[10.726s] -- Up-to-date: /home/elijahs04/ros2_ws/src/41068_RS1/install/pyrosens_mission/include/mission_pyrosens/mission.hpp
[10.726s] -- Up-to-date: /home/elijahs04/ros2_ws/src/41068_RS1/install/pyrosens_mission/include/goals_pyrosens
[10.726s] -- Up-to-date: /home/elijahs04/ros2_ws/src/41068_RS1/install/pyrosens_mission/include/goals_pyrosens/goals.hpp
[10.726s] -- Up-to-date: /home/elijahs04/ros2_ws/src/41068_RS1/install/pyrosens_mission/include/thermal_pyrosens
[10.726s] -- Up-to-date: /home/elijahs04/ros2_ws/src/41068_RS1/install/pyrosens_mission/include/thermal_pyrosens/thermalSimNode.hpp
[10.726s] -- Up-to-date: /home/elijahs04/ros2_ws/src/41068_RS1/install/pyrosens_mission/include/thermal_pyrosens/thermInterpolationNode.hpp
[10.726s] -- Up-to-date: /home/elijahs04/ros2_ws/src/41068_RS1/install/pyrosens_mission/include/thermal_pyrosens/thermSensNode.hpp
[10.726s] -- Up-to-date: /home/elijahs04/ros2_ws/src/41068_RS1/install/pyrosens_mission/share/pyrosens_mission/config
[10.726s] -- Up-to-date: /home/elijahs04/ros2_ws/src/41068_RS1/install/pyrosens_mission/share/pyrosens_mission/config/nav2_params.yaml
[10.726s] -- Up-to-date: /home/elijahs04/ros2_ws/src/41068_RS1/install/pyrosens_mission/share/pyrosens_mission/config/mission_params.yaml
[10.726s] -- Up-to-date: /home/elijahs04/ros2_ws/src/41068_RS1/install/pyrosens_mission/share/pyrosens_mission/maps
[10.726s] -- Up-to-date: /home/elijahs04/ros2_ws/src/41068_RS1/install/pyrosens_mission/share/pyrosens_mission/maps/test_map.pgm
[10.726s] -- Up-to-date: /home/elijahs04/ros2_ws/src/41068_RS1/install/pyrosens_mission/share/pyrosens_mission/maps/test_map.yaml
[10.726s] -- Up-to-date: /home/elijahs04/ros2_ws/src/41068_RS1/install/pyrosens_mission/share/pyrosens_mission/launch
[10.726s] -- Up-to-date: /home/elijahs04/ros2_ws/src/41068_RS1/install/pyrosens_mission/share/pyrosens_mission/launch/pyrosens_system.launch.py
[10.726s] -- Up-to-date: /home/elijahs04/ros2_ws/src/41068_RS1/install/pyrosens_mission/share/pyrosens_mission/launch/mission_proxy_with_nav2.launch.py
[10.726s] -- Up-to-date: /home/elijahs04/ros2_ws/src/41068_RS1/install/pyrosens_mission/share/pyrosens_mission/rviz
[10.726s] -- Up-to-date: /home/elijahs04/ros2_ws/src/41068_RS1/install/pyrosens_mission/share/pyrosens_mission/rviz/Heatmap.rviz
[10.726s] -- Up-to-date: /home/elijahs04/ros2_ws/src/41068_RS1/install/pyrosens_mission/share/pyrosens_mission/rviz/WindMarkerArray.rviz
[10.726s] -- Up-to-date: /home/elijahs04/ros2_ws/src/41068_RS1/install/pyrosens_mission/share/ament_index/resource_index/package_run_dependencies/pyrosens_mission
[10.726s] -- Up-to-date: /home/elijahs04/ros2_ws/src/41068_RS1/install/pyrosens_mission/share/ament_index/resource_index/parent_prefix_path/pyrosens_mission
[10.726s] -- Up-to-date: /home/elijahs04/ros2_ws/src/41068_RS1/install/pyrosens_mission/share/pyrosens_mission/environment/ament_prefix_path.sh
[10.726s] -- Up-to-date: /home/elijahs04/ros2_ws/src/41068_RS1/install/pyrosens_mission/share/pyrosens_mission/environment/ament_prefix_path.dsv
[10.726s] -- Up-to-date: /home/elijahs04/ros2_ws/src/41068_RS1/install/pyrosens_mission/share/pyrosens_mission/environment/path.sh
[10.726s] -- Up-to-date: /home/elijahs04/ros2_ws/src/41068_RS1/install/pyrosens_mission/share/pyrosens_mission/environment/path.dsv
[10.726s] -- Up-to-date: /home/elijahs04/ros2_ws/src/41068_RS1/install/pyrosens_mission/share/pyrosens_mission/local_setup.bash
[10.726s] -- Up-to-date: /home/elijahs04/ros2_ws/src/41068_RS1/install/pyrosens_mission/share/pyrosens_mission/local_setup.sh
[10.726s] -- Up-to-date: /home/elijahs04/ros2_ws/src/41068_RS1/install/pyrosens_mission/share/pyrosens_mission/local_setup.zsh
[10.726s] -- Up-to-date: /home/elijahs04/ros2_ws/src/41068_RS1/install/pyrosens_mission/share/pyrosens_mission/local_setup.dsv
[10.726s] -- Installing: /home/elijahs04/ros2_ws/src/41068_RS1/install/pyrosens_mission/share/pyrosens_mission/package.dsv
[10.726s] -- Up-to-date: /home/elijahs04/ros2_ws/src/41068_RS1/install/pyrosens_mission/share/ament_index/resource_index/packages/pyrosens_mission
[10.726s] -- Up-to-date: /home/elijahs04/ros2_ws/src/41068_RS1/install/pyrosens_mission/share/pyrosens_mission/cmake/pyrosens_missionConfig.cmake
[10.726s] -- Up-to-date: /home/elijahs04/ros2_ws/src/41068_RS1/install/pyrosens_mission/share/pyrosens_mission/cmake/pyrosens_missionConfig-version.cmake
[10.727s] -- Up-to-date: /home/elijahs04/ros2_ws/src/41068_RS1/install/pyrosens_mission/share/pyrosens_mission/package.xml
[10.727s] Invoked command in '/home/elijahs04/ros2_ws/src/41068_RS1/build/pyrosens_mission' returned '0': CMAKE_PREFIX_PATH=${CMAKE_PREFIX_PATH}:/opt/ros/humble /usr/bin/cmake --install /home/elijahs04/ros2_ws/src/41068_RS1/build/pyrosens_mission
