[0.000000] (-) TimerEvent: {}
[0.000129] (-) JobUnselected: {'identifier': '41068_ignition_bringup'}
[0.000154] (-) JobUnselected: {'identifier': 'pyrosens'}
[0.000171] (-) JobUnselected: {'identifier': 'pyrosens_bringup'}
[0.000180] (-) JobUnselected: {'identifier': 'pyrosens_core'}
[0.000241] (-) JobUnselected: {'identifier': 'pyrosens_heat'}
[0.000249] (-) JobUnselected: {'identifier': 'pyrosens_movement'}
[0.000258] (-) JobUnselected: {'identifier': 'pyrosens_progress'}
[0.000267] (-) JobUnselected: {'identifier': 'pyrosens_progress'}
[0.000277] (-) JobUnselected: {'identifier': 'pyrosens_world'}
[0.000287] (-) JobUnselected: {'identifier': 'systemDev'}
[0.000297] (-) JobUnselected: {'identifier': 'testing_ground'}
[0.000307] (-) JobUnselected: {'identifier': 'thermal_pyrosens'}
[0.000318] (-) JobUnselected: {'identifier': 'thermal_pyrosens'}
[0.000328] (-) JobUnselected: {'identifier': 'thermal_pyrosens'}
[0.000335] (-) JobUnselected: {'identifier': 'turtlesim'}
[0.000342] (-) JobUnselected: {'identifier': 'wind_pyrosens'}
[0.000351] (pyrosens_gui) JobQueued: {'identifier': 'pyrosens_gui', 'dependencies': OrderedDict()}
[0.000362] (pyrosens_gui) JobStarted: {'identifier': 'pyrosens_gui'}
[0.016443] (pyrosens_gui) StderrLine: {'line': b'Traceback (most recent call last):\n  File "/usr/lib/python3/dist-packages/colcon_core/executor/__init__.py", line 91, in __call__\n    rc = await self.task(*args, **kwargs)\n  File "/usr/lib/python3/dist-packages/colcon_core/task/__init__.py", line 93, in __call__\n    return await task_method(*args, **kwargs)\n  File "/usr/lib/python3/dist-packages/colcon_ros/task/ament_cmake/build.py", line 84, in build\n    create_environment_scripts(\n  File "/usr/lib/python3/dist-packages/colcon_core/environment/__init__.py", line 91, in create_environment_scripts\n    create_file_with_runtime_dependencies(prefix_path, pkg))\n  File "/usr/lib/python3/dist-packages/colcon_core/environment/__init__.py", line 174, in create_file_with_runtime_dependencies\n    path.write_text(\n  File "/usr/lib/python3.10/pathlib.py", line 1154, in write_text\n    with self.open(mode=\'w\', encoding=encoding, errors=errors, newline=newline) as f:\n  File "/usr/lib/python3.10/pathlib.py", line 1119, in open\n    return self._accessor.open(self, mode, buffering, encoding, errors,\nPermissionError: [Errno 13] Permission denied: \'/home/elijahs04/ros2_ws/install/pyrosens_gui/share/colcon-core/packages/pyrosens_gui\'\n'}
[0.016713] (pyrosens_gui) JobEnded: {'identifier': 'pyrosens_gui', 'rc': 1}
[0.026832] (-) EventReactorShutdown: {}
